Archive member included because of file (symbol)

c:/program files (x86)/gnu tools arm embedded/4.8 2014q2/bin/../lib/gcc/arm-none-eabi/4.8.4/../../../../arm-none-eabi/lib/armv7e-m/fpu\libm.a(lib_a-s_round.o)
                              ..\obj\dw1000_driver.o (round)
c:/program files (x86)/gnu tools arm embedded/4.8 2014q2/bin/../lib/gcc/arm-none-eabi/4.8.4/../../../../arm-none-eabi/lib/armv7e-m/fpu\libm.a(lib_a-w_log10.o)
                              ..\obj\dw1000_driver.o (log10)
c:/program files (x86)/gnu tools arm embedded/4.8 2014q2/bin/../lib/gcc/arm-none-eabi/4.8.4/../../../../arm-none-eabi/lib/armv7e-m/fpu\libm.a(lib_a-w_pow.o)
                              ..\obj\dw1000_driver.o (pow)
c:/program files (x86)/gnu tools arm embedded/4.8 2014q2/bin/../lib/gcc/arm-none-eabi/4.8.4/../../../../arm-none-eabi/lib/armv7e-m/fpu\libm.a(lib_a-w_sqrt.o)
                              ..\obj\mpu9250_math.o (sqrt)
c:/program files (x86)/gnu tools arm embedded/4.8 2014q2/bin/../lib/gcc/arm-none-eabi/4.8.4/../../../../arm-none-eabi/lib/armv7e-m/fpu\libm.a(lib_a-e_log10.o)
                              c:/program files (x86)/gnu tools arm embedded/4.8 2014q2/bin/../lib/gcc/arm-none-eabi/4.8.4/../../../../arm-none-eabi/lib/armv7e-m/fpu\libm.a(lib_a-w_log10.o) (__ieee754_log10)
c:/program files (x86)/gnu tools arm embedded/4.8 2014q2/bin/../lib/gcc/arm-none-eabi/4.8.4/../../../../arm-none-eabi/lib/armv7e-m/fpu\libm.a(lib_a-e_pow.o)
                              c:/program files (x86)/gnu tools arm embedded/4.8 2014q2/bin/../lib/gcc/arm-none-eabi/4.8.4/../../../../arm-none-eabi/lib/armv7e-m/fpu\libm.a(lib_a-w_pow.o) (__ieee754_pow)
c:/program files (x86)/gnu tools arm embedded/4.8 2014q2/bin/../lib/gcc/arm-none-eabi/4.8.4/../../../../arm-none-eabi/lib/armv7e-m/fpu\libm.a(lib_a-e_sqrt.o)
                              c:/program files (x86)/gnu tools arm embedded/4.8 2014q2/bin/../lib/gcc/arm-none-eabi/4.8.4/../../../../arm-none-eabi/lib/armv7e-m/fpu\libm.a(lib_a-w_sqrt.o) (__ieee754_sqrt)
c:/program files (x86)/gnu tools arm embedded/4.8 2014q2/bin/../lib/gcc/arm-none-eabi/4.8.4/../../../../arm-none-eabi/lib/armv7e-m/fpu\libm.a(lib_a-s_fabs.o)
                              c:/program files (x86)/gnu tools arm embedded/4.8 2014q2/bin/../lib/gcc/arm-none-eabi/4.8.4/../../../../arm-none-eabi/lib/armv7e-m/fpu\libm.a(lib_a-e_pow.o) (fabs)
c:/program files (x86)/gnu tools arm embedded/4.8 2014q2/bin/../lib/gcc/arm-none-eabi/4.8.4/../../../../arm-none-eabi/lib/armv7e-m/fpu\libm.a(lib_a-s_finite.o)
                              c:/program files (x86)/gnu tools arm embedded/4.8 2014q2/bin/../lib/gcc/arm-none-eabi/4.8.4/../../../../arm-none-eabi/lib/armv7e-m/fpu\libm.a(lib_a-w_pow.o) (finite)
c:/program files (x86)/gnu tools arm embedded/4.8 2014q2/bin/../lib/gcc/arm-none-eabi/4.8.4/../../../../arm-none-eabi/lib/armv7e-m/fpu\libm.a(lib_a-s_fpclassify.o)
                              c:/program files (x86)/gnu tools arm embedded/4.8 2014q2/bin/../lib/gcc/arm-none-eabi/4.8.4/../../../../arm-none-eabi/lib/armv7e-m/fpu\libm.a(lib_a-w_log10.o) (__fpclassifyd)
c:/program files (x86)/gnu tools arm embedded/4.8 2014q2/bin/../lib/gcc/arm-none-eabi/4.8.4/../../../../arm-none-eabi/lib/armv7e-m/fpu\libm.a(lib_a-s_lib_ver.o)
                              c:/program files (x86)/gnu tools arm embedded/4.8 2014q2/bin/../lib/gcc/arm-none-eabi/4.8.4/../../../../arm-none-eabi/lib/armv7e-m/fpu\libm.a(lib_a-w_log10.o) (__fdlib_version)
c:/program files (x86)/gnu tools arm embedded/4.8 2014q2/bin/../lib/gcc/arm-none-eabi/4.8.4/../../../../arm-none-eabi/lib/armv7e-m/fpu\libm.a(lib_a-s_matherr.o)
                              c:/program files (x86)/gnu tools arm embedded/4.8 2014q2/bin/../lib/gcc/arm-none-eabi/4.8.4/../../../../arm-none-eabi/lib/armv7e-m/fpu\libm.a(lib_a-w_log10.o) (matherr)
c:/program files (x86)/gnu tools arm embedded/4.8 2014q2/bin/../lib/gcc/arm-none-eabi/4.8.4/../../../../arm-none-eabi/lib/armv7e-m/fpu\libm.a(lib_a-s_nan.o)
                              c:/program files (x86)/gnu tools arm embedded/4.8 2014q2/bin/../lib/gcc/arm-none-eabi/4.8.4/../../../../arm-none-eabi/lib/armv7e-m/fpu\libm.a(lib_a-w_log10.o) (nan)
c:/program files (x86)/gnu tools arm embedded/4.8 2014q2/bin/../lib/gcc/arm-none-eabi/4.8.4/../../../../arm-none-eabi/lib/armv7e-m/fpu\libm.a(lib_a-s_rint.o)
                              c:/program files (x86)/gnu tools arm embedded/4.8 2014q2/bin/../lib/gcc/arm-none-eabi/4.8.4/../../../../arm-none-eabi/lib/armv7e-m/fpu\libm.a(lib_a-w_pow.o) (rint)
c:/program files (x86)/gnu tools arm embedded/4.8 2014q2/bin/../lib/gcc/arm-none-eabi/4.8.4/../../../../arm-none-eabi/lib/armv7e-m/fpu\libm.a(lib_a-s_scalbn.o)
                              c:/program files (x86)/gnu tools arm embedded/4.8 2014q2/bin/../lib/gcc/arm-none-eabi/4.8.4/../../../../arm-none-eabi/lib/armv7e-m/fpu\libm.a(lib_a-e_pow.o) (scalbn)
[...]
Memory Configuration

Name             Origin             Length             Attributes
rom              0x08000000         0x00100000         xr
ram              0x20000000         0x00020000         xrw
ram1             0x10000000         0x00010000         xrw
*default*        0x00000000         0xffffffff

Linker script and memory map

                0x20020000                _eram = 0x20020000

.text           0x08000000    0x13274
 *(.isr_vector)
 .isr_vector    0x08000000      0x188 ..\obj\startup_stm32f4xx.o
                0x08000000                g_pfnVectors
 *(.text*)
 .text._sl_BuildAddress
                0x08000188       0x50 ..\obj\socket.o
                0x08000188                _sl_BuildAddress
 .text._sl_TruncatePayloadByProtocol
                0x080001d8       0x40 ..\obj\socket.o
                0x080001d8                _sl_TruncatePayloadByProtocol
 .text.sl_Close
                0x08000218       0x3c ..\obj\socket.o
                0x08000218                sl_Close
 .text.sl_SendTo
                0x08000254      0x114 ..\obj\socket.o
                0x08000254                sl_SendTo
 .text.sl_RecvFrom
                0x08000368      0x10c ..\obj\socket.o
                0x08000368                sl_RecvFrom
 .text._sl_HandleAsync_Connect
                0x08000474       0x94 ..\obj\socket.o
                0x08000474                _sl_HandleAsync_Connect
 .text.sl_Send  0x08000508      0x104 ..\obj\socket.o
                0x08000508                sl_Send
 .text._sl_HandleAsync_Accept
                0x0800060c       0x78 ..\obj\socket.o
                0x0800060c                _sl_HandleAsync_Accept
 .text._sl_HandleAsync_Select
                0x08000684       0x68 ..\obj\socket.o
                0x08000684                _sl_HandleAsync_Select
 .text.sl_Recv  0x080006ec       0x78 ..\obj\socket.o
                0x080006ec                sl_Recv
 .text.sl_Select
                0x08000764      0x144 ..\obj\socket.o
                0x08000764                sl_Select
 .text.SL_FD_SET
                0x080008a8       0x2c ..\obj\socket.o
                0x080008a8                SL_FD_SET
 .text.SL_FD_ISSET
                0x080008d4       0x38 ..\obj\socket.o
                0x080008d4                SL_FD_ISSET
 .text.SL_FD_ZERO
                0x0800090c       0x18 ..\obj\socket.o
                0x0800090c                SL_FD_ZERO
 .text.dw1000_readUInt32
                0x08000924       0x2c ..\obj\dw1000_io.o
                0x08000924                dw1000_readUInt32
 .text.dw1000_readUInt16
                0x08000950       0x2c ..\obj\dw1000_io.o
                0x08000950                dw1000_readUInt16
 .text.dw1000_readUInt8
                0x0800097c       0x30 ..\obj\dw1000_io.o
                0x0800097c                dw1000_readUInt8
 .text.dw1000_writeUInt32
                0x080009ac       0x24 ..\obj\dw1000_io.o
                0x080009ac                dw1000_writeUInt32
 .text.dw1000_writeUInt16
                0x080009d0       0x28 ..\obj\dw1000_io.o
                0x080009d0                dw1000_writeUInt16
 .text.dw1000_writeUInt8
                0x080009f8       0x28 ..\obj\dw1000_io.o
                0x080009f8                dw1000_writeUInt8
 .text.dw1000_read
                0x08000a20       0xcc ..\obj\dw1000_io.o
                0x08000a20                dw1000_read
 .text.dw1000_write
                0x08000aec       0xa8 ..\obj\dw1000_io.o
                0x08000aec                dw1000_write
 .text.dw1000_writeTwoBuffers
                0x08000b94       0x80 ..\obj\dw1000_io.o
                0x08000b94                dw1000_writeTwoBuffers
 .text.dw1000_writeByteArrayToTxBuffer
                0x08000c14       0xac ..\obj\dw1000_io.o
                0x08000c14                dw1000_writeByteArrayToTxBuffer
 .text.dw1000_writeByteArrayAndHeaderToTxBuffer
                0x08000cc0       0xa0 ..\obj\dw1000_io.o
                0x08000cc0                dw1000_writeByteArrayAndHeaderToTxBuffer
 .text.dw1000_getRxTxBufferLen
                0x08000d60       0x68 ..\obj\dw1000_io.o
                0x08000d60                dw1000_getRxTxBufferLen
 .text._sl_HandleAsync_DnsGetHostByService
                0x08000dc8       0xd4 ..\obj\netapp.o
                0x08000dc8                _sl_HandleAsync_DnsGetHostByService
 .text._sl_HandleAsync_DnsGetHostByName
                0x08000e9c       0xb4 ..\obj\netapp.o
                0x08000e9c                _sl_HandleAsync_DnsGetHostByName
 .text.CopyPingResultsToReport
                0x08000f50       0x44 ..\obj\netapp.o
                0x08000f50                CopyPingResultsToReport
 .text._sl_HandleAsync_PingResponse
                0x08000f94       0xb0 ..\obj\netapp.o
                0x08000f94                _sl_HandleAsync_PingResponse
 .text._sl_NetAppSendTokenValue
                0x08001044       0x7c ..\obj\netapp.o
                0x08001044                _sl_NetAppSendTokenValue
 .text._SlDrvNetAppEventHandler
                0x080010c0      0x128 ..\obj\netapp.o
                0x080010c0                _SlDrvNetAppEventHandler
 .text.OsSchedUnlock
                0x080011e8       0x4c ..\obj\core.o
                0x080011e8                OsSchedUnlock
 .text.MQTT_SysTickHandler
                0x08001234       0x1c ..\obj\MQTT.o
                0x08001234                MQTT_SysTickHandler
 .text.NMI_Handler
                0x08001250        0x8 ..\obj\interrupts.o
                0x08001250                NMI_Handler
 .text.HardFault_Handler
                0x08001258       0x20 ..\obj\interrupts.o
                0x08001258                HardFault_Handler
 .text.MemManage_Handler
                0x08001278        0x8 ..\obj\interrupts.o
                0x08001278                MemManage_Handler
 .text.BusFault_Handler
                0x08001280        0x8 ..\obj\interrupts.o
                0x08001280                BusFault_Handler
 .text.UsageFault_Handler
                0x08001288        0x8 ..\obj\interrupts.o
                0x08001288                UsageFault_Handler
 .text.SVC_Handler
                0x08001290        0x8 ..\obj\interrupts.o
                0x08001290                SVC_Handler
 .text.DebugMon_Handler
                0x08001298        0x8 ..\obj\interrupts.o
                0x08001298                DebugMon_Handler
 .text.SysTick_Handler
                0x080012a0       0xc8 ..\obj\interrupts.o
                0x080012a0                SysTick_Handler
 .text.WWDG_IRQHandler
                0x08001368       0x30 ..\obj\interrupts.o
                0x08001368                WWDG_IRQHandler
 .text.EXTI0_IRQHandler
                0x08001398       0x24 ..\obj\interrupts.o
                0x08001398                EXTI0_IRQHandler
 .text.EXTI1_IRQHandler
                0x080013bc       0x24 ..\obj\interrupts.o
                0x080013bc                EXTI1_IRQHandler
 .text.EXTI2_IRQHandler
                0x080013e0       0x20 ..\obj\interrupts.o
                0x080013e0                EXTI2_IRQHandler
 .text.EXTI3_IRQHandler
                0x08001400       0x20 ..\obj\interrupts.o
                0x08001400                EXTI3_IRQHandler
 .text.EXTI4_IRQHandler
                0x08001420       0x20 ..\obj\interrupts.o
                0x08001420                EXTI4_IRQHandler
 .text.EXTI9_5_IRQHandler
                0x08001440       0x94 ..\obj\interrupts.o
                0x08001440                EXTI9_5_IRQHandler
 .text.EXTI15_10_IRQHandler
                0x080014d4       0xbc ..\obj\interrupts.o
                0x080014d4                EXTI15_10_IRQHandler
 .text.RTC_Alarm_IRQHandler
                0x08001590       0x9c ..\obj\interrupts.o
                0x08001590                RTC_Alarm_IRQHandler
 .text.ADC_IRQHandler
                0x0800162c       0x40 ..\obj\interrupts.o
                0x0800162c                ADC_IRQHandler
 .text.USART2_IRQHandler
                0x0800166c        0xc ..\obj\interrupts.o
                0x0800166c                USART2_IRQHandler
 .text.UART5_IRQHandler
                0x08001678       0x30 ..\obj\interrupts.o
                0x08001678                UART5_IRQHandler
 .text.USART6_IRQHandler
                0x080016a8        0xc ..\obj\interrupts.o
                0x080016a8                USART6_IRQHandler
 .text.DMA2_Stream6_IRQHandler
                0x080016b4        0xc ..\obj\interrupts.o
                0x080016b4                DMA2_Stream6_IRQHandler
 .text.RTC_WKUP_IRQHandler
                0x080016c0       0x24 ..\obj\interrupts.o
                0x080016c0                RTC_WKUP_IRQHandler
 .text.TIM5_IRQHandler
                0x080016e4       0x24 ..\obj\interrupts.o
                0x080016e4                TIM5_IRQHandler
 .text.TIM7_IRQHandler
                0x08001708       0x30 ..\obj\interrupts.o
                0x08001708                TIM7_IRQHandler
 .text.TIM3_IRQHandler
                0x08001738       0x2c ..\obj\interrupts.o
                0x08001738                TIM3_IRQHandler
 .text.DMA2_Stream2_IRQHandler
                0x08001764       0x24 ..\obj\interrupts.o
                0x08001764                DMA2_Stream2_IRQHandler
 .text.DMA2_Stream3_IRQHandler
                0x08001788       0x24 ..\obj\interrupts.o
                0x08001788                DMA2_Stream3_IRQHandler
 .text.TIM6_DAC_IRQHandler
                0x080017ac       0x24 ..\obj\interrupts.o
                0x080017ac                TIM6_DAC_IRQHandler
 .text.hard_fault_handler_c
                0x080017d0      0x294 ..\obj\interrupts.o
                0x080017d0                hard_fault_handler_c
 .text.InsertTmrList
                0x08001a64      0x1d0 ..\obj\timer.o
 .text.RemoveTmrList
                0x08001c34       0xd4 ..\obj\timer.o
 .text.TmrDispose
                0x08001d08       0x78 ..\obj\timer.o
                0x08001d08                TmrDispose
 .text.isr_TmrDispose
                0x08001d80       0x30 ..\obj\timer.o
                0x08001d80                isr_TmrDispose
 .text._SlDrvProtectAsyncRespSetting
                0x08001db0       0x54 ..\obj\driver.o
                0x08001db0                _SlDrvProtectAsyncRespSetting
 .text._SlDrvCmdOp
                0x08001e04       0x88 ..\obj\driver.o
                0x08001e04                _SlDrvCmdOp
 .text._SlDrvDataReadOp
                0x08001e8c      0x148 ..\obj\driver.o
                0x08001e8c                _SlDrvDataReadOp
 .text._SlDrvDataWriteOp
                0x08001fd4      0x134 ..\obj\driver.o
                0x08001fd4                _SlDrvDataWriteOp
 .text._SlDrvMsgWrite
                0x08002108      0x218 ..\obj\driver.o
                0x08002108                _SlDrvMsgWrite
 .text._SlDrvMsgRead
                0x08002320      0x6d0 ..\obj\driver.o
                0x08002320                _SlDrvMsgRead
 .text._SlAsyncEventGenericHandler
                0x080029f0       0xa8 ..\obj\driver.o
                0x080029f0                _SlAsyncEventGenericHandler
 .text._SlDrvMsgReadCmdCtx
                0x08002a98       0xe0 ..\obj\driver.o
                0x08002a98                _SlDrvMsgReadCmdCtx
 .text._SlDrvMsgReadSpawnCtx
                0x08002b78       0xb0 ..\obj\driver.o
                0x08002b78                _SlDrvMsgReadSpawnCtx
 .text._SlDrvClassifyRxMsg
                0x08002c28       0xc8 ..\obj\driver.o
                0x08002c28                _SlDrvClassifyRxMsg
 .text._SlDrvRxHdrRead
                0x08002cf0      0x298 ..\obj\driver.o
                0x08002cf0                _SlDrvRxHdrRead
 .text._SlDrvCmdSend
                0x08002f88       0x78 ..\obj\driver.o
                0x08002f88                _SlDrvCmdSend
 .text._SlDrvWaitForPoolObj
                0x08003000      0x1a4 ..\obj\driver.o
                0x08003000                _SlDrvWaitForPoolObj
 .text._SlDrvReleasePoolObj
                0x080031a4      0x204 ..\obj\driver.o
                0x080031a4                _SlDrvReleasePoolObj
 .text._SlRemoveFromList
                0x080033a8       0xcc ..\obj\driver.o
                0x080033a8                _SlRemoveFromList
 .text._SlFindAndSetActiveObj
                0x08003474      0x16c ..\obj\driver.o
                0x08003474                _SlFindAndSetActiveObj
 .text._SlDrvSyncObjWaitForever
                0x080035e0       0x28 ..\obj\driver.o
                0x080035e0                _SlDrvSyncObjWaitForever
 .text._SlDrvSyncObjSignal
                0x08003608       0x24 ..\obj\driver.o
                0x08003608                _SlDrvSyncObjSignal
 .text._SlDrvObjLockWaitForever
                0x0800362c       0x28 ..\obj\driver.o
                0x0800362c                _SlDrvObjLockWaitForever
 .text._SlDrvProtectionObjLockWaitForever
                0x08003654       0x34 ..\obj\driver.o
                0x08003654                _SlDrvProtectionObjLockWaitForever
 .text._SlDrvObjUnLock
                0x08003688       0x24 ..\obj\driver.o
                0x08003688                _SlDrvObjUnLock
 .text._SlDrvProtectionObjUnLock
                0x080036ac       0x30 ..\obj\driver.o
                0x080036ac                _SlDrvProtectionObjUnLock
 .text._SlDrvMemZero
                0x080036dc       0x20 ..\obj\driver.o
                0x080036dc                _SlDrvMemZero
 .text._SlDrvResetCmdExt
                0x080036fc       0x18 ..\obj\driver.o
                0x080036fc                _SlDrvResetCmdExt
 .text.USART_Init
                0x08003714      0x174 ..\obj\stm32f4xx_usart.o
                0x08003714                USART_Init
 .text.USART_Cmd
                0x08003888       0x40 ..\obj\stm32f4xx_usart.o
                0x08003888                USART_Cmd
 .text.USART_SendData
                0x080038c8       0x24 ..\obj\stm32f4xx_usart.o
                0x080038c8                USART_SendData
 .text.USART_ReceiveData
                0x080038ec       0x20 ..\obj\stm32f4xx_usart.o
                0x080038ec                USART_ReceiveData
 .text.USART_DMACmd
                0x0800390c       0x48 ..\obj\stm32f4xx_usart.o
                0x0800390c                USART_DMACmd
 .text.USART_ITConfig
                0x08003954       0x90 ..\obj\stm32f4xx_usart.o
                0x08003954                USART_ITConfig
 .text.USART_GetITStatus
                0x080039e4       0xb0 ..\obj\stm32f4xx_usart.o
                0x080039e4                USART_GetITStatus
 .text.PWR_BackupAccessCmd
                0x08003a94       0x20 ..\obj\stm32f4xx_pwr.o
                0x08003a94                PWR_BackupAccessCmd
 .text.PWR_GetFlagStatus
                0x08003ab4       0x34 ..\obj\stm32f4xx_pwr.o
                0x08003ab4                PWR_GetFlagStatus
 .text.start_RTC
                0x08003ae8       0xcc ..\obj\rtc.o
                0x08003ae8                start_RTC
 .text.init_RTC
                0x08003bb4      0x100 ..\obj\rtc.o
                0x08003bb4                init_RTC
 .text.dw1000_handleInterrupt
                0x08003cb4      0x1bc ..\obj\dw1000_driver.o
                0x08003cb4                dw1000_handleInterrupt
 .text.dw1000_idle
                0x08003e70       0xd0 ..\obj\dw1000_driver.o
                0x08003e70                dw1000_idle
 .text.dw1000_startReceive
                0x08003f40       0x7c ..\obj\dw1000_driver.o
                0x08003f40                dw1000_startReceive
 .text.dw1000_initializeTransmit
                0x08003fbc       0x24 ..\obj\dw1000_driver.o
                0x08003fbc                dw1000_initializeTransmit
 .text.dw1000_startTransmit
                0x08003fe0      0x12c ..\obj\dw1000_driver.o
                0x08003fe0                dw1000_startTransmit
 .text.dw1000_resetRx
                0x0800410c       0x40 ..\obj\dw1000_driver.o
                0x0800410c                dw1000_resetRx
 .text.dw1000_getTransmitTimestamp
                0x0800414c       0x9c ..\obj\dw1000_driver.o
                0x0800414c                dw1000_getTransmitTimestamp
 .text.dw1000_getReceiveTimestamp
                0x080041e8       0x9c ..\obj\dw1000_driver.o
                0x080041e8                dw1000_getReceiveTimestamp
 *fill*         0x08004284        0x4 
 .text.dw1000_getReceivePower
                0x08004288      0x130 ..\obj\dw1000_driver.o
                0x08004288                dw1000_getReceivePower
 .text.dw1000_getTemperature
                0x080043b8       0xf8 ..\obj\dw1000_driver.o
                0x080043b8                dw1000_getTemperature
 .text.CC3100_closeSocket
                0x080044b0       0xb0 ..\obj\CC3100.o
                0x080044b0                CC3100_closeSocket
 .text.CC3100_select
                0x08004560      0x398 ..\obj\CC3100.o
                0x08004560                CC3100_select
 .text.init_LED
                0x080048f8       0x48 ..\obj\led.o
                0x080048f8                init_LED
 .text.WWDG_DeInit
                0x08004940       0x1c ..\obj\stm32f4xx_wwdg.o
                0x08004940                WWDG_DeInit
 .text.WWDG_SetCounter
                0x0800495c       0x24 ..\obj\stm32f4xx_wwdg.o
                0x0800495c                WWDG_SetCounter
 .text.WWDG_ClearFlag
                0x08004980       0x18 ..\obj\stm32f4xx_wwdg.o
                0x08004980                WWDG_ClearFlag
 .text.InsertToTCBRdyList
                0x08004998      0x100 ..\obj\task.o
                0x08004998                InsertToTCBRdyList
 .text.RemoveFromTCBRdyList
                0x08004a98       0x88 ..\obj\task.o
                0x08004a98                RemoveFromTCBRdyList
 .text.Schedule
                0x08004b20      0x140 ..\obj\task.o
                0x08004b20                Schedule
 .text.disk_timerproc
                0x08004c60       0x68 ..\obj\diskio.o
                0x08004c60                disk_timerproc
 .text.Default_Reset_Handler
                0x08004cc8       0x6c ..\obj\startup_stm32f4xx.o
                0x08004cc8                Default_Reset_Handler
                0x08004cc8                Reset_Handler
 .text.Default_Handler
                0x08004d34        0x8 ..\obj\startup_stm32f4xx.o
                0x08004d34                HASH_RNG_IRQHandler
                0x08004d34                TIM8_CC_IRQHandler
                0x08004d34                TIM1_CC_IRQHandler
                0x08004d34                DMA2_Stream5_IRQHandler
                0x08004d34                DMA1_Stream5_IRQHandler
                0x08004d34                PVD_IRQHandler
                0x08004d34                SDIO_IRQHandler
                0x08004d34                TAMP_STAMP_IRQHandler
                0x08004d34                CAN2_RX1_IRQHandler
                0x08004d34                TIM8_TRG_COM_TIM14_IRQHandler
                0x08004d34                TIM1_UP_TIM10_IRQHandler
                0x08004d34                TIM8_UP_TIM13_IRQHandler
                0x08004d34                I2C3_ER_IRQHandler
                0x08004d34                I2C2_EV_IRQHandler
                0x08004d34                DMA1_Stream2_IRQHandler
                0x08004d34                CAN1_RX0_IRQHandler
                0x08004d34                FPU_IRQHandler
                0x08004d34                OTG_HS_WKUP_IRQHandler
                0x08004d34                CAN2_SCE_IRQHandler
                0x08004d34                SPI1_IRQHandler
                0x08004d34                TIM1_BRK_TIM9_IRQHandler
                0x08004d34                DCMI_IRQHandler
                0x08004d34                CAN2_RX0_IRQHandler
                0x08004d34                USART3_IRQHandler
                0x08004d34                CRYP_IRQHandler
                0x08004d34                CAN1_RX1_IRQHandler
                0x08004d34                DMA2_Stream0_IRQHandler
                0x08004d34                TIM4_IRQHandler
                0x08004d34                I2C1_EV_IRQHandler
                0x08004d34                DMA1_Stream6_IRQHandler
                0x08004d34                DMA1_Stream1_IRQHandler
                0x08004d34                UART4_IRQHandler
                0x08004d34                RCC_IRQHandler
                0x08004d34                TIM8_BRK_TIM12_IRQHandler
                0x08004d34                DMA1_Stream7_IRQHandler
                0x08004d34                CAN2_TX_IRQHandler
                0x08004d34                DMA2_Stream7_IRQHandler
                0x08004d34                I2C3_EV_IRQHandler
                0x08004d34                ETH_WKUP_IRQHandler
                0x08004d34                SPI2_IRQHandler
                0x08004d34                OTG_HS_EP1_IN_IRQHandler
                0x08004d34                DMA1_Stream0_IRQHandler
                0x08004d34                CAN1_TX_IRQHandler
                0x08004d34                FSMC_IRQHandler
                0x08004d34                ETH_IRQHandler
                0x08004d34                OTG_HS_EP1_OUT_IRQHandler
                0x08004d34                TIM2_IRQHandler
                0x08004d34                OTG_FS_WKUP_IRQHandler
                0x08004d34                TIM1_TRG_COM_TIM11_IRQHandler
                0x08004d34                OTG_HS_IRQHandler
                0x08004d34                I2C2_ER_IRQHandler
                0x08004d34                DMA2_Stream1_IRQHandler
                0x08004d34                CAN1_SCE_IRQHandler
                0x08004d34                FLASH_IRQHandler
                0x08004d34                DMA2_Stream4_IRQHandler
                0x08004d34                USART1_IRQHandler
                0x08004d34                OTG_FS_IRQHandler
                0x08004d34                SPI3_IRQHandler
                0x08004d34                I2C1_ER_IRQHandler
                0x08004d34                DMA1_Stream3_IRQHandler
 .text.RespondSRQ
                0x08004d3c      0x104 ..\obj\serviceReq.o
                0x08004d3c                RespondSRQ
 .text.spannung_ADC
                0x08004e40       0x98 ..\obj\aufgabe.o
                0x08004e40                spannung_ADC
 .text.batterie_ADC
                0x08004ed8       0x78 ..\obj\aufgabe.o
                0x08004ed8                batterie_ADC
 .text.temp_ADC
                0x08004f50       0x78 ..\obj\aufgabe.o
                0x08004f50                temp_ADC
 .text.main     0x08004fc8      0x1c0 ..\obj\main.o
                0x08004fc8                main
 .text.RCC_LSEConfig
                0x08005188       0x40 ..\obj\stm32f4xx_rcc.o
                0x08005188                RCC_LSEConfig
 .text.RCC_GetClocksFreq
                0x080051c8      0x150 ..\obj\stm32f4xx_rcc.o
                0x080051c8                RCC_GetClocksFreq
 .text.RCC_RTCCLKConfig
                0x08005318       0x5c ..\obj\stm32f4xx_rcc.o
                0x08005318                RCC_RTCCLKConfig
 .text.RCC_RTCCLKCmd
                0x08005374       0x20 ..\obj\stm32f4xx_rcc.o
                0x08005374                RCC_RTCCLKCmd
 .text.RCC_AHB1PeriphClockCmd
                0x08005394       0x3c ..\obj\stm32f4xx_rcc.o
                0x08005394                RCC_AHB1PeriphClockCmd
 .text.RCC_APB1PeriphClockCmd
                0x080053d0       0x3c ..\obj\stm32f4xx_rcc.o
                0x080053d0                RCC_APB1PeriphClockCmd
 .text.RCC_APB2PeriphClockCmd
                0x0800540c       0x3c ..\obj\stm32f4xx_rcc.o
                0x0800540c                RCC_APB2PeriphClockCmd
 .text.RCC_APB1PeriphResetCmd
                0x08005448       0x3c ..\obj\stm32f4xx_rcc.o
                0x08005448                RCC_APB1PeriphResetCmd
 .text.RCC_GetFlagStatus
                0x08005484       0x74 ..\obj\stm32f4xx_rcc.o
                0x08005484                RCC_GetFlagStatus
 .text.sd_card_SysTick_Handler
                0x080054f8        0xc ..\obj\SDCARD.o
                0x080054f8                sd_card_SysTick_Handler
 .text.NVIC_SetPriority
                0x08005504       0x54 ..\obj\init.o
 .text.SysTick_Config
                0x08005558       0x44 ..\obj\init.o
 .text.InitSysTick
                0x0800559c       0x28 ..\obj\init.o
                0x0800559c                InitSysTick
 .text.ADC_Init
                0x080055c4       0xa8 ..\obj\stm32f4xx_adc.o
                0x080055c4                ADC_Init
 .text.ADC_CommonInit
                0x0800566c       0x50 ..\obj\stm32f4xx_adc.o
                0x0800566c                ADC_CommonInit
 .text.ADC_Cmd  0x080056bc       0x38 ..\obj\stm32f4xx_adc.o
                0x080056bc                ADC_Cmd
 .text.ADC_TempSensorVrefintCmd
                0x080056f4       0x38 ..\obj\stm32f4xx_adc.o
                0x080056f4                ADC_TempSensorVrefintCmd
 .text.ADC_VBATCmd
                0x0800572c       0x38 ..\obj\stm32f4xx_adc.o
                0x0800572c                ADC_VBATCmd
 .text.ADC_RegularChannelConfig
                0x08005764      0x188 ..\obj\stm32f4xx_adc.o
                0x08005764                ADC_RegularChannelConfig
 .text.ADC_SoftwareStartConv
                0x080058ec       0x20 ..\obj\stm32f4xx_adc.o
                0x080058ec                ADC_SoftwareStartConv
 .text.ADC_GetConversionValue
                0x0800590c       0x1c ..\obj\stm32f4xx_adc.o
                0x0800590c                ADC_GetConversionValue
 .text.ADC_GetFlagStatus
                0x08005928       0x34 ..\obj\stm32f4xx_adc.o
                0x08005928                ADC_GetFlagStatus
 .text.ADC_GetITStatus
                0x0800595c       0x5c ..\obj\stm32f4xx_adc.o
                0x0800595c                ADC_GetITStatus
 .text.ADC_ClearITPendingBit
                0x080059b8       0x2c ..\obj\stm32f4xx_adc.o
                0x080059b8                ADC_ClearITPendingBit
 .text.disableIRQ
                0x080059e4       0x10 ..\obj\dw1000_user.o
                0x080059e4                disableIRQ
 .text.enableIRQ
                0x080059f4       0x10 ..\obj\dw1000_user.o
                0x080059f4                enableIRQ
 .text.dw1000_getTickCounter
                0x08005a04       0x18 ..\obj\dw1000_user.o
                0x08005a04                dw1000_getTickCounter
 .text.dw1000_enableInterrupts
                0x08005a1c       0x2c ..\obj\dw1000_user.o
                0x08005a1c                dw1000_enableInterrupts
 .text.dw1000_disableInterrupts
                0x08005a48       0x2c ..\obj\dw1000_user.o
                0x08005a48                dw1000_disableInterrupts
 .text.dw1000_readWriteSpi
                0x08005a74       0xa0 ..\obj\dw1000_user.o
                0x08005a74                dw1000_readWriteSpi
 .text.CoPostMail
                0x08005b14       0x74 ..\obj\mbox.o
                0x08005b14                CoPostMail
 .text.Http_Get_Event
                0x08005b88      0x10c ..\obj\CC3100_HttpServer.o
                0x08005b88                Http_Get_Event
 .text.Http_Post_Event
                0x08005c94       0x9c ..\obj\CC3100_HttpServer.o
                0x08005c94                Http_Post_Event
 .text.wait_mSek
                0x08005d30       0x2c ..\obj\test.o
                0x08005d30                wait_mSek
 .text.spi_dma_Write
                0x08005d5c       0xb4 ..\obj\CC3100_Board.o
                0x08005d5c                spi_dma_Write
 .text.spi_dma_Read
                0x08005e10       0xb0 ..\obj\CC3100_Board.o
                0x08005e10                spi_dma_Read
 .text.DMA1_Stream4_IRQHandler
                0x08005ec0       0x30 ..\obj\CC3100_Board.o
                0x08005ec0                DMA1_Stream4_IRQHandler
 .text.DMA_Int_Handler
                0x08005ef0       0x5c ..\obj\CC3100_Board.o
                0x08005ef0                DMA_Int_Handler
 .text.WLAN_intHandler
                0x08005f4c       0x1c ..\obj\CC3100_Board.o
                0x08005f4c                WLAN_intHandler
 .text.CC3100_uart6_receive_IRQ
                0x08005f68       0x6c ..\obj\CC3100_Board.o
                0x08005f68                CC3100_uart6_receive_IRQ
 .text.RemoveDelayList
                0x08005fd4       0xb4 ..\obj\time.o
                0x08005fd4                RemoveDelayList
 .text.TimeDispose
                0x08006088       0x74 ..\obj\time.o
                0x08006088                TimeDispose
 .text.isr_TimeDispose
                0x080060fc       0x30 ..\obj\time.o
                0x080060fc                isr_TimeDispose
 .text.EventTaskToRdy
                0x0800612c      0x10c ..\obj\event.o
                0x0800612c                EventTaskToRdy
 .text.RemoveEventWaittingList
                0x08006238       0x98 ..\obj\event.o
                0x08006238                RemoveEventWaittingList
 .text.GPIO_Init
                0x080062d0      0x11c ..\obj\stm32f4xx_gpio.o
                0x080062d0                GPIO_Init
 .text.GPIO_StructInit
                0x080063ec       0x34 ..\obj\stm32f4xx_gpio.o
                0x080063ec                GPIO_StructInit
 .text.GPIO_ReadInputDataBit
                0x08006420       0x34 ..\obj\stm32f4xx_gpio.o
                0x08006420                GPIO_ReadInputDataBit
 .text.GPIO_ReadOutputDataBit
                0x08006454       0x34 ..\obj\stm32f4xx_gpio.o
                0x08006454                GPIO_ReadOutputDataBit
 .text.GPIO_SetBits
                0x08006488       0x1c ..\obj\stm32f4xx_gpio.o
                0x08006488                GPIO_SetBits
 .text.GPIO_ResetBits
                0x080064a4       0x1c ..\obj\stm32f4xx_gpio.o
                0x080064a4                GPIO_ResetBits
 .text.GPIO_PinAFConfig
                0x080064c0       0x8c ..\obj\stm32f4xx_gpio.o
                0x080064c0                GPIO_PinAFConfig
 .text._sl_GetStartResponseConvert
                0x0800654c       0x28 ..\obj\device.o
                0x0800654c                _sl_GetStartResponseConvert
 .text._sl_HandleAsync_InitComplete
                0x08006574       0xa0 ..\obj\device.o
                0x08006574                _sl_HandleAsync_InitComplete
 .text._sl_HandleAsync_Stop
                0x08006614       0x68 ..\obj\device.o
                0x08006614                _sl_HandleAsync_Stop
 .text._SlDrvDeviceEventHandler
                0x0800667c       0x88 ..\obj\device.o
                0x0800667c                _SlDrvDeviceEventHandler
 .text.SimpleLinkWlanEventHandler
                0x08006704      0x14c ..\obj\CC3100_EventHandler.o
                0x08006704                SimpleLinkWlanEventHandler
 .text.SimpleLinkNetAppEventHandler
                0x08006850       0x90 ..\obj\CC3100_EventHandler.o
                0x08006850                SimpleLinkNetAppEventHandler
 .text.SimpleLinkSockEventHandler
                0x080068e0       0x74 ..\obj\CC3100_EventHandler.o
                0x080068e0                SimpleLinkSockEventHandler
 .text.SimpleLinkGeneralEventHandler
                0x08006954       0x58 ..\obj\CC3100_EventHandler.o
                0x08006954                SimpleLinkGeneralEventHandler
 .text.SimpleLinkHttpServerCallback
                0x080069ac       0x68 ..\obj\CC3100_EventHandler.o
                0x080069ac                SimpleLinkHttpServerCallback
 .text.SystemInit
                0x08006a14       0x68 ..\obj\system_stm32f4xx.o
                0x08006a14                SystemInit
 .text.SetSysClock
                0x08006a7c      0x128 ..\obj\system_stm32f4xx.o
 .text._sbrk    0x08006ba4       0x40 ..\obj\syscalls.o
                0x08006ba4                _sbrk
 .text.DMA_DeInit
                0x08006be4      0x1a4 ..\obj\stm32f4xx_dma.o
                0x08006be4                DMA_DeInit
 .text.DMA_Init
                0x08006d88       0xac ..\obj\stm32f4xx_dma.o
                0x08006d88                DMA_Init
 .text.DMA_StructInit
                0x08006e34       0x6c ..\obj\stm32f4xx_dma.o
                0x08006e34                DMA_StructInit
 .text.DMA_Cmd  0x08006ea0       0x38 ..\obj\stm32f4xx_dma.o
                0x08006ea0                DMA_Cmd
 .text.DMA_SetCurrDataCounter
                0x08006ed8       0x1c ..\obj\stm32f4xx_dma.o
                0x08006ed8                DMA_SetCurrDataCounter
 .text.DMA_MemoryTargetConfig
                0x08006ef4       0x2c ..\obj\stm32f4xx_dma.o
                0x08006ef4                DMA_MemoryTargetConfig
 .text.DMA_GetFlagStatus
                0x08006f20       0x78 ..\obj\stm32f4xx_dma.o
                0x08006f20                DMA_GetFlagStatus
 .text.DMA_ClearFlag
                0x08006f98       0x5c ..\obj\stm32f4xx_dma.o
                0x08006f98                DMA_ClearFlag
 .text.DMA_GetITStatus
                0x08006ff4       0xb0 ..\obj\stm32f4xx_dma.o
                0x08006ff4                DMA_GetITStatus
 .text.DMA_ClearITPendingBit
                0x080070a4       0x5c ..\obj\stm32f4xx_dma.o
                0x080070a4                DMA_ClearITPendingBit
 .text.CoPostQueueMail
                0x08007100       0xac ..\obj\queue.o
                0x08007100                CoPostQueueMail
 .text.IRQ_ENABLE_RESTORE
                0x080071ac       0x10 ..\obj\port.o
                0x080071ac                IRQ_ENABLE_RESTORE
 .text.IRQ_DISABLE_SAVE
                0x080071bc       0x10 ..\obj\port.o
                0x080071bc                IRQ_DISABLE_SAVE
 .text.SwitchContext
                0x080071cc       0x14 ..\obj\port.o
                0x080071cc                SwitchContext
 .text.PendSV_Handler
                0x080071e0       0x3c ..\obj\port.o
                0x080071e0                PendSV_Handler
 .text.CoSetFlag
                0x0800721c       0xf4 ..\obj\flag.o
                0x0800721c                CoSetFlag
 .text.RemoveFromLink
                0x08007310       0x54 ..\obj\flag.o
 .text.RemoveLinkNode
                0x08007364       0x84 ..\obj\flag.o
                0x08007364                RemoveLinkNode
 .text.TASTER1_IRQ
                0x080073e8       0x14 ..\obj\taster.o
                0x080073e8                TASTER1_IRQ
 .text.TASTER2_IRQ
                0x080073fc       0x14 ..\obj\taster.o
                0x080073fc                TASTER2_IRQ
 .text.SPI_I2S_ClearFlag
                0x08007410       0x20 ..\obj\stm32f4xx_spi.o
                0x08007410                SPI_I2S_ClearFlag
 .text.CoOS_SysTick_Handler
                0x08007430       0x98 ..\obj\arch.o
                0x08007430                CoOS_SysTick_Handler
 .text.EXTI_Init
                0x080074c8       0xdc ..\obj\stm32f4xx_exti.o
                0x080074c8                EXTI_Init
 .text.EXTI_ClearFlag
                0x080075a4       0x1c ..\obj\stm32f4xx_exti.o
                0x080075a4                EXTI_ClearFlag
 .text.EXTI_GetITStatus
                0x080075c0       0x48 ..\obj\stm32f4xx_exti.o
                0x080075c0                EXTI_GetITStatus
 .text.EXTI_ClearITPendingBit
                0x08007608       0x1c ..\obj\stm32f4xx_exti.o
                0x08007608                EXTI_ClearITPendingBit
 .text.NVIC_Init
                0x08007624       0xbc ..\obj\misc.o
                0x08007624                NVIC_Init
 .text.uwbranging_calculateDistance
                0x080076e0      0x1f0 ..\obj\dw1000_ranging.o
                0x080076e0                uwbranging_calculateDistance
 .text.uwbranging_cancel
                0x080078d0       0x64 ..\obj\dw1000_ranging.o
                0x080078d0                uwbranging_cancel
 .text.dw1000_handleTransmittedPackage
                0x08007934      0x144 ..\obj\dw1000_ranging.o
                0x08007934                dw1000_handleTransmittedPackage
 .text.dw1000_handleIncomingPackage
                0x08007a78      0x464 ..\obj\dw1000_ranging.o
                0x08007a78                dw1000_handleIncomingPackage
 .text.uwbranging_tick
                0x08007edc       0x90 ..\obj\dw1000_ranging.o
                0x08007edc                uwbranging_tick
 .text.CoPostSem
                0x08007f6c       0x8c ..\obj\sem.o
                0x08007f6c                CoPostSem
 .text.RTC_Init
                0x08007ff8       0x78 ..\obj\stm32f4xx_rtc.o
                0x08007ff8                RTC_Init
 .text.RTC_EnterInitMode
                0x08008070       0x74 ..\obj\stm32f4xx_rtc.o
                0x08008070                RTC_EnterInitMode
 .text.RTC_ExitInitMode
                0x080080e4       0x1c ..\obj\stm32f4xx_rtc.o
                0x080080e4                RTC_ExitInitMode
 .text.RTC_WaitForSynchro
                0x08008100       0x78 ..\obj\stm32f4xx_rtc.o
                0x08008100                RTC_WaitForSynchro
 .text.RTC_SetTime
                0x08008178      0x104 ..\obj\stm32f4xx_rtc.o
                0x08008178                RTC_SetTime
 .text.RTC_SetDate
                0x0800827c      0x10c ..\obj\stm32f4xx_rtc.o
                0x0800827c                RTC_SetDate
 .text.RTC_SetAlarm
                0x08008388      0x138 ..\obj\stm32f4xx_rtc.o
                0x08008388                RTC_SetAlarm
 .text.RTC_AlarmCmd
                0x080084c0       0x9c ..\obj\stm32f4xx_rtc.o
                0x080084c0                RTC_AlarmCmd
 .text.RTC_OutputConfig
                0x0800855c       0x48 ..\obj\stm32f4xx_rtc.o
                0x0800855c                RTC_OutputConfig
 .text.RTC_WriteBackupRegister
                0x080085a4       0x30 ..\obj\stm32f4xx_rtc.o
                0x080085a4                RTC_WriteBackupRegister
 .text.RTC_ReadBackupRegister
                0x080085d4       0x30 ..\obj\stm32f4xx_rtc.o
                0x080085d4                RTC_ReadBackupRegister
 .text.RTC_OutputTypeConfig
                0x08008604       0x30 ..\obj\stm32f4xx_rtc.o
                0x08008604                RTC_OutputTypeConfig
 .text.RTC_ITConfig
                0x08008634       0x78 ..\obj\stm32f4xx_rtc.o
                0x08008634                RTC_ITConfig
 .text.RTC_ClearFlag
                0x080086ac       0x30 ..\obj\stm32f4xx_rtc.o
                0x080086ac                RTC_ClearFlag
 .text.RTC_GetITStatus
                0x080086dc       0x68 ..\obj\stm32f4xx_rtc.o
                0x080086dc                RTC_GetITStatus
 .text.RTC_ClearITPendingBit
                0x08008744       0x38 ..\obj\stm32f4xx_rtc.o
                0x08008744                RTC_ClearITPendingBit
 .text.RTC_ByteToBcd2
                0x0800877c       0x3c ..\obj\stm32f4xx_rtc.o
 .text.RTC_Bcd2ToByte
                0x080087b8       0x38 ..\obj\stm32f4xx_rtc.o
 .text.CoStkOverflowHook
                0x080087f0        0xc ..\obj\hook.o
                0x080087f0                CoStkOverflowHook
 .text.TIM_GetITStatus
                0x080087fc       0x54 ..\obj\stm32f4xx_tim.o
                0x080087fc                TIM_GetITStatus
 .text.TIM_ClearITPendingBit
                0x08008850       0x20 ..\obj\stm32f4xx_tim.o
                0x08008850                TIM_ClearITPendingBit
 .text._SlNonOsSemSet
                0x08008870       0x24 ..\obj\nonos.o
                0x08008870                _SlNonOsSemSet
 .text._SlNonOsSemGet
                0x08008894       0x50 ..\obj\nonos.o
                0x08008894                _SlNonOsSemGet
 .text._SlNonOsSpawn
                0x080088e4       0x5c ..\obj\nonos.o
                0x080088e4                _SlNonOsSpawn
 .text._SlNonOsMainLoopTask
                0x08008940       0x84 ..\obj\nonos.o
                0x08008940                _SlNonOsMainLoopTask
 .text.NVIC_EnableIRQ
                0x080089c4       0x30 ..\obj\usart.o
 .text.usart2_printf
                0x080089f4       0x84 ..\obj\usart.o
                0x080089f4                usart2_printf
 .text.usart2_send
                0x08008a78       0x78 ..\obj\usart.o
                0x08008a78                usart2_send
 .text.usart2_init
                0x08008af0      0x13c ..\obj\usart.o
                0x08008af0                usart2_init
 .text.round    0x08008c2c       0x98 c:/program files (x86)/gnu tools arm embedded/4.8 2014q2/bin/../lib/gcc/arm-none-eabi/4.8.4/../../../../arm-none-eabi/lib/armv7e-m/fpu\libm.a(lib_a-s_round.o)
                0x08008c2c                round
 .text.log10    0x08008cc4       0xf8 c:/program files (x86)/gnu tools arm embedded/4.8 2014q2/bin/../lib/gcc/arm-none-eabi/4.8.4/../../../../arm-none-eabi/lib/armv7e-m/fpu\libm.a(lib_a-w_log10.o)
                0x08008cc4                log10
 .text.pow      0x08008dbc      0x340 c:/program files (x86)/gnu tools arm embedded/4.8 2014q2/bin/../lib/gcc/arm-none-eabi/4.8.4/../../../../arm-none-eabi/lib/armv7e-m/fpu\libm.a(lib_a-w_pow.o)
                0x08008dbc                pow
 *fill*         0x080090fc        0x4 
 .text.__ieee754_log10
                0x08009100      0x130 c:/program files (x86)/gnu tools arm embedded/4.8 2014q2/bin/../lib/gcc/arm-none-eabi/4.8.4/../../../../arm-none-eabi/lib/armv7e-m/fpu\libm.a(lib_a-e_log10.o)
                0x08009100                __ieee754_log10
 .text.__ieee754_pow
                0x08009230      0xae8 c:/program files (x86)/gnu tools arm embedded/4.8 2014q2/bin/../lib/gcc/arm-none-eabi/4.8.4/../../../../arm-none-eabi/lib/armv7e-m/fpu\libm.a(lib_a-e_pow.o)
                0x08009230                __ieee754_pow
 .text.__ieee754_sqrt
                0x08009d18      0x198 c:/program files (x86)/gnu tools arm embedded/4.8 2014q2/bin/../lib/gcc/arm-none-eabi/4.8.4/../../../../arm-none-eabi/lib/armv7e-m/fpu\libm.a(lib_a-e_sqrt.o)
                0x08009d18                __ieee754_sqrt
 .text.fabs     0x08009eb0       0x14 c:/program files (x86)/gnu tools arm embedded/4.8 2014q2/bin/../lib/gcc/arm-none-eabi/4.8.4/../../../../arm-none-eabi/lib/armv7e-m/fpu\libm.a(lib_a-s_fabs.o)
                0x08009eb0                fabs
 .text.finite   0x08009ec4       0x10 c:/program files (x86)/gnu tools arm embedded/4.8 2014q2/bin/../lib/gcc/arm-none-eabi/4.8.4/../../../../arm-none-eabi/lib/armv7e-m/fpu\libm.a(lib_a-s_finite.o)
                0x08009ec4                finite
 .text.__fpclassifyd
                0x08009ed4       0x54 c:/program files (x86)/gnu tools arm embedded/4.8 2014q2/bin/../lib/gcc/arm-none-eabi/4.8.4/../../../../arm-none-eabi/lib/armv7e-m/fpu\libm.a(lib_a-s_fpclassify.o)
                0x08009ed4                __fpclassifyd
 .text.matherr  0x08009f28        0x4 c:/program files (x86)/gnu tools arm embedded/4.8 2014q2/bin/../lib/gcc/arm-none-eabi/4.8.4/../../../../arm-none-eabi/lib/armv7e-m/fpu\libm.a(lib_a-s_matherr.o)
                0x08009f28                matherr
 *fill*         0x08009f2c        0x4 
 .text.nan      0x08009f30       0x10 c:/program files (x86)/gnu tools arm embedded/4.8 2014q2/bin/../lib/gcc/arm-none-eabi/4.8.4/../../../../arm-none-eabi/lib/armv7e-m/fpu\libm.a(lib_a-s_nan.o)
                0x08009f30                nan
 .text.rint     0x08009f40      0x120 c:/program files (x86)/gnu tools arm embedded/4.8 2014q2/bin/../lib/gcc/arm-none-eabi/4.8.4/../../../../arm-none-eabi/lib/armv7e-m/fpu\libm.a(lib_a-s_rint.o)
                0x08009f40                rint
 .text.scalbn   0x0800a060      0x120 c:/program files (x86)/gnu tools arm embedded/4.8 2014q2/bin/../lib/gcc/arm-none-eabi/4.8.4/../../../../arm-none-eabi/lib/armv7e-m/fpu\libm.a(lib_a-s_scalbn.o)
                0x0800a060                scalbn
 .text.__ieee754_log
                0x0800a180      0x428 c:/program files (x86)/gnu tools arm embedded/4.8 2014q2/bin/../lib/gcc/arm-none-eabi/4.8.4/../../../../arm-none-eabi/lib/armv7e-m/fpu\libm.a(lib_a-e_log.o)
                0x0800a180                __ieee754_log
 .text.copysign
                0x0800a5a8       0x24 c:/program files (x86)/gnu tools arm embedded/4.8 2014q2/bin/../lib/gcc/arm-none-eabi/4.8.4/../../../../arm-none-eabi/lib/armv7e-m/fpu\libm.a(lib_a-s_copysign.o)
                0x0800a5a8                copysign
 .text          0x0800a5cc      0x370 c:/program files (x86)/gnu tools arm embedded/4.8 2014q2/bin/../lib/gcc/arm-none-eabi/4.8.4/armv7e-m/fpu\libgcc.a(_arm_addsubdf3.o)
                0x0800a5cc                __aeabi_drsub
                0x0800a5d4                __aeabi_dsub
                0x0800a5d4                __subdf3
                0x0800a5d8                __aeabi_dadd
                0x0800a5d8                __adddf3
                0x0800a850                __floatunsidf
                0x0800a850                __aeabi_ui2d
                0x0800a870                __floatsidf
                0x0800a870                __aeabi_i2d
                0x0800a894                __aeabi_f2d
                0x0800a894                __extendsfdf2
                0x0800a8d0                __floatundidf
                0x0800a8d0                __aeabi_ul2d
                0x0800a8e0                __floatdidf
                0x0800a8e0                __aeabi_l2d
 .text          0x0800a93c      0x424 c:/program files (x86)/gnu tools arm embedded/4.8 2014q2/bin/../lib/gcc/arm-none-eabi/4.8.4/armv7e-m/fpu\libgcc.a(_arm_muldivdf3.o)
                0x0800a93c                __aeabi_dmul
                0x0800a93c                __muldf3
                0x0800ab90                __divdf3
                0x0800ab90                __aeabi_ddiv
 .text          0x0800ad60      0x110 c:/program files (x86)/gnu tools arm embedded/4.8 2014q2/bin/../lib/gcc/arm-none-eabi/4.8.4/armv7e-m/fpu\libgcc.a(_arm_cmpdf2.o)
                0x0800ad60                __gtdf2
                0x0800ad60                __gedf2
                0x0800ad68                __ltdf2
                0x0800ad68                __ledf2
                0x0800ad70                __nedf2
                0x0800ad70                __eqdf2
                0x0800ad70                __cmpdf2
                0x0800adec                __aeabi_cdrcmple
                0x0800adfc                __aeabi_cdcmpeq
                0x0800adfc                __aeabi_cdcmple
                0x0800ae0c                __aeabi_dcmpeq
                0x0800ae20                __aeabi_dcmplt
                0x0800ae34                __aeabi_dcmple
                0x0800ae48                __aeabi_dcmpge
                0x0800ae5c                __aeabi_dcmpgt
 .text          0x0800ae70       0x50 c:/program files (x86)/gnu tools arm embedded/4.8 2014q2/bin/../lib/gcc/arm-none-eabi/4.8.4/armv7e-m/fpu\libgcc.a(_arm_fixdfsi.o)
                0x0800ae70                __aeabi_d2iz
                0x0800ae70                __fixdfsi
 .text          0x0800aec0       0xa0 c:/program files (x86)/gnu tools arm embedded/4.8 2014q2/bin/../lib/gcc/arm-none-eabi/4.8.4/armv7e-m/fpu\libgcc.a(_arm_truncdfsf2.o)
                0x0800aec0                __truncdfsf2
                0x0800aec0                __aeabi_d2f
 .text          0x0800af60      0x21c c:/program files (x86)/gnu tools arm embedded/4.8 2014q2/bin/../lib/gcc/arm-none-eabi/4.8.4/armv7e-m/fpu\libgcc.a(_arm_addsubsf3.o)
                0x0800af60                __aeabi_frsub
                0x0800af68                __subsf3
                0x0800af68                __aeabi_fsub
                0x0800af6c                __aeabi_fadd
                0x0800af6c                __addsf3
                0x0800b0cc                __aeabi_ui2f
                0x0800b0cc                __floatunsisf
                0x0800b0d4                __aeabi_i2f
                0x0800b0d4                __floatsisf
                0x0800b0f0                __aeabi_ul2f
                0x0800b0f0                __floatundisf
                0x0800b100                __aeabi_l2f
                0x0800b100                __floatdisf
 .text.__errno  0x0800b17c        0xc c:/program files (x86)/gnu tools arm embedded/4.8 2014q2/bin/../lib/gcc/arm-none-eabi/4.8.4/../../../../arm-none-eabi/lib/armv7e-m/fpu\libg.a(lib_a-errno.o)
                0x0800b17c                __errno
 .text          0x0800b188      0x134 c:/program files (x86)/gnu tools arm embedded/4.8 2014q2/bin/../lib/gcc/arm-none-eabi/4.8.4/../../../../arm-none-eabi/lib/armv7e-m/fpu\libg.a(lib_a-memcpy.o)
                0x0800b188                memcpy
 .text.memset   0x0800b2bc       0x94 c:/program files (x86)/gnu tools arm embedded/4.8 2014q2/bin/../lib/gcc/arm-none-eabi/4.8.4/../../../../arm-none-eabi/lib/armv7e-m/fpu\libg.a(lib_a-memset.o)
                0x0800b2bc                memset
 .text.sprintf  0x0800b350       0x4c c:/program files (x86)/gnu tools arm embedded/4.8 2014q2/bin/../lib/gcc/arm-none-eabi/4.8.4/../../../../arm-none-eabi/lib/armv7e-m/fpu\libg.a(lib_a-sprintf.o)
                0x0800b350                sprintf
 .text.strcpy   0x0800b39c       0xbc c:/program files (x86)/gnu tools arm embedded/4.8 2014q2/bin/../lib/gcc/arm-none-eabi/4.8.4/../../../../arm-none-eabi/lib/armv7e-m/fpu\libg.a(lib_a-strcpy.o)
                0x0800b39c                strcpy
 .text.strlen   0x0800b458       0x60 c:/program files (x86)/gnu tools arm embedded/4.8 2014q2/bin/../lib/gcc/arm-none-eabi/4.8.4/../../../../arm-none-eabi/lib/armv7e-m/fpu\libg.a(lib_a-strlen.o)
                0x0800b458                strlen
 .text.strncmp  0x0800b4b8       0xb4 c:/program files (x86)/gnu tools arm embedded/4.8 2014q2/bin/../lib/gcc/arm-none-eabi/4.8.4/../../../../arm-none-eabi/lib/armv7e-m/fpu\libg.a(lib_a-strncmp.o)
                0x0800b4b8                strncmp
 *fill*         0x0800b56c        0x4 
 .text._svfprintf_r
                0x0800b570     0x14f0 c:/program files (x86)/gnu tools arm embedded/4.8 2014q2/bin/../lib/gcc/arm-none-eabi/4.8.4/../../../../arm-none-eabi/lib/armv7e-m/fpu\libg.a(lib_a-svfprintf.o)
                0x0800b570                _svfprintf_r
 .text._vsnprintf_r
                0x0800ca60       0x54 c:/program files (x86)/gnu tools arm embedded/4.8 2014q2/bin/../lib/gcc/arm-none-eabi/4.8.4/../../../../arm-none-eabi/lib/armv7e-m/fpu\libg.a(lib_a-vsnprintf.o)
                0x0800ca60                _vsnprintf_r
 .text.vsnprintf
                0x0800cab4       0x20 c:/program files (x86)/gnu tools arm embedded/4.8 2014q2/bin/../lib/gcc/arm-none-eabi/4.8.4/../../../../arm-none-eabi/lib/armv7e-m/fpu\libg.a(lib_a-vsnprintf.o)
                0x0800cab4                vsnprintf
 .text.quorem   0x0800cad4      0x130 c:/program files (x86)/gnu tools arm embedded/4.8 2014q2/bin/../lib/gcc/arm-none-eabi/4.8.4/../../../../arm-none-eabi/lib/armv7e-m/fpu\libg.a(lib_a-dtoa.o)
 *fill*         0x0800cc04        0x4 
 .text._dtoa_r  0x0800cc08      0xe58 c:/program files (x86)/gnu tools arm embedded/4.8 2014q2/bin/../lib/gcc/arm-none-eabi/4.8.4/../../../../arm-none-eabi/lib/armv7e-m/fpu\libg.a(lib_a-dtoa.o)
                0x0800cc08                _dtoa_r
 .text._malloc_trim_r
                0x0800da60       0x9c c:/program files (x86)/gnu tools arm embedded/4.8 2014q2/bin/../lib/gcc/arm-none-eabi/4.8.4/../../../../arm-none-eabi/lib/armv7e-m/fpu\libg.a(lib_a-freer.o)
                0x0800da60                _malloc_trim_r
 .text._free_r  0x0800dafc      0x19c c:/program files (x86)/gnu tools arm embedded/4.8 2014q2/bin/../lib/gcc/arm-none-eabi/4.8.4/../../../../arm-none-eabi/lib/armv7e-m/fpu\libg.a(lib_a-freer.o)
                0x0800dafc                _free_r
 .text._localeconv_r
                0x0800dc98        0x8 c:/program files (x86)/gnu tools arm embedded/4.8 2014q2/bin/../lib/gcc/arm-none-eabi/4.8.4/../../../../arm-none-eabi/lib/armv7e-m/fpu\libg.a(lib_a-locale.o)
                0x0800dc98                _localeconv_r
 .text._malloc_r
                0x0800dca0      0x538 c:/program files (x86)/gnu tools arm embedded/4.8 2014q2/bin/../lib/gcc/arm-none-eabi/4.8.4/../../../../arm-none-eabi/lib/armv7e-m/fpu\libg.a(lib_a-mallocr.o)
                0x0800dca0                _malloc_r
 .text.memchr   0x0800e1d8       0x90 c:/program files (x86)/gnu tools arm embedded/4.8 2014q2/bin/../lib/gcc/arm-none-eabi/4.8.4/../../../../arm-none-eabi/lib/armv7e-m/fpu\libg.a(lib_a-memchr-stub.o)
                0x0800e1d8                memchr
 .text.memmove  0x0800e268       0xc0 c:/program files (x86)/gnu tools arm embedded/4.8 2014q2/bin/../lib/gcc/arm-none-eabi/4.8.4/../../../../arm-none-eabi/lib/armv7e-m/fpu\libg.a(lib_a-memmove.o)
                0x0800e268                memmove
 .text.__malloc_lock
                0x0800e328        0x4 c:/program files (x86)/gnu tools arm embedded/4.8 2014q2/bin/../lib/gcc/arm-none-eabi/4.8.4/../../../../arm-none-eabi/lib/armv7e-m/fpu\libg.a(lib_a-mlock.o)
                0x0800e328                __malloc_lock
 .text.__malloc_unlock
                0x0800e32c        0x4 c:/program files (x86)/gnu tools arm embedded/4.8 2014q2/bin/../lib/gcc/arm-none-eabi/4.8.4/../../../../arm-none-eabi/lib/armv7e-m/fpu\libg.a(lib_a-mlock.o)
                0x0800e32c                __malloc_unlock
 .text._Balloc  0x0800e330       0x4c c:/program files (x86)/gnu tools arm embedded/4.8 2014q2/bin/../lib/gcc/arm-none-eabi/4.8.4/../../../../arm-none-eabi/lib/armv7e-m/fpu\libg.a(lib_a-mprec.o)
                0x0800e330                _Balloc
 .text._Bfree   0x0800e37c       0x14 c:/program files (x86)/gnu tools arm embedded/4.8 2014q2/bin/../lib/gcc/arm-none-eabi/4.8.4/../../../../arm-none-eabi/lib/armv7e-m/fpu\libg.a(lib_a-mprec.o)
                0x0800e37c                _Bfree
 .text.__multadd
                0x0800e390       0x98 c:/program files (x86)/gnu tools arm embedded/4.8 2014q2/bin/../lib/gcc/arm-none-eabi/4.8.4/../../../../arm-none-eabi/lib/armv7e-m/fpu\libg.a(lib_a-mprec.o)
                0x0800e390                __multadd
 .text.__hi0bits
                0x0800e428       0x40 c:/program files (x86)/gnu tools arm embedded/4.8 2014q2/bin/../lib/gcc/arm-none-eabi/4.8.4/../../../../arm-none-eabi/lib/armv7e-m/fpu\libg.a(lib_a-mprec.o)
                0x0800e428                __hi0bits
 .text.__lo0bits
                0x0800e468       0x5c c:/program files (x86)/gnu tools arm embedded/4.8 2014q2/bin/../lib/gcc/arm-none-eabi/4.8.4/../../../../arm-none-eabi/lib/armv7e-m/fpu\libg.a(lib_a-mprec.o)
                0x0800e468                __lo0bits
 .text.__i2b    0x0800e4c4       0x14 c:/program files (x86)/gnu tools arm embedded/4.8 2014q2/bin/../lib/gcc/arm-none-eabi/4.8.4/../../../../arm-none-eabi/lib/armv7e-m/fpu\libg.a(lib_a-mprec.o)
                0x0800e4c4                __i2b
 .text.__multiply
                0x0800e4d8      0x13c c:/program files (x86)/gnu tools arm embedded/4.8 2014q2/bin/../lib/gcc/arm-none-eabi/4.8.4/../../../../arm-none-eabi/lib/armv7e-m/fpu\libg.a(lib_a-mprec.o)
                0x0800e4d8                __multiply
 .text.__pow5mult
                0x0800e614       0x9c c:/program files (x86)/gnu tools arm embedded/4.8 2014q2/bin/../lib/gcc/arm-none-eabi/4.8.4/../../../../arm-none-eabi/lib/armv7e-m/fpu\libg.a(lib_a-mprec.o)
                0x0800e614                __pow5mult
 .text.__lshift
                0x0800e6b0       0xbc c:/program files (x86)/gnu tools arm embedded/4.8 2014q2/bin/../lib/gcc/arm-none-eabi/4.8.4/../../../../arm-none-eabi/lib/armv7e-m/fpu\libg.a(lib_a-mprec.o)
                0x0800e6b0                __lshift
 .text.__mcmp   0x0800e76c       0x48 c:/program files (x86)/gnu tools arm embedded/4.8 2014q2/bin/../lib/gcc/arm-none-eabi/4.8.4/../../../../arm-none-eabi/lib/armv7e-m/fpu\libg.a(lib_a-mprec.o)
                0x0800e76c                __mcmp
 .text.__mdiff  0x0800e7b4       0xd4 c:/program files (x86)/gnu tools arm embedded/4.8 2014q2/bin/../lib/gcc/arm-none-eabi/4.8.4/../../../../arm-none-eabi/lib/armv7e-m/fpu\libg.a(lib_a-mprec.o)
                0x0800e7b4                __mdiff
 .text.__d2b    0x0800e888       0xb4 c:/program files (x86)/gnu tools arm embedded/4.8 2014q2/bin/../lib/gcc/arm-none-eabi/4.8.4/../../../../arm-none-eabi/lib/armv7e-m/fpu\libg.a(lib_a-mprec.o)
                0x0800e888                __d2b
 .text._realloc_r
                0x0800e93c      0x3cc c:/program files (x86)/gnu tools arm embedded/4.8 2014q2/bin/../lib/gcc/arm-none-eabi/4.8.4/../../../../arm-none-eabi/lib/armv7e-m/fpu\libg.a(lib_a-reallocr.o)
                0x0800e93c                _realloc_r
 .text._sbrk_r  0x0800ed08       0x24 c:/program files (x86)/gnu tools arm embedded/4.8 2014q2/bin/../lib/gcc/arm-none-eabi/4.8.4/../../../../arm-none-eabi/lib/armv7e-m/fpu\libg.a(lib_a-sbrkr.o)
                0x0800ed08                _sbrk_r
 .text.__ssprint_r
                0x0800ed2c      0x100 c:/program files (x86)/gnu tools arm embedded/4.8 2014q2/bin/../lib/gcc/arm-none-eabi/4.8.4/../../../../arm-none-eabi/lib/armv7e-m/fpu\libg.a(lib_a-svfiprintf.o)
                0x0800ed2c                __ssprint_r
 .text._calloc_r
                0x0800ee2c       0x60 c:/program files (x86)/gnu tools arm embedded/4.8 2014q2/bin/../lib/gcc/arm-none-eabi/4.8.4/../../../../arm-none-eabi/lib/armv7e-m/fpu\libg.a(lib_a-callocr.o)
                0x0800ee2c                _calloc_r
 .text          0x0800ee8c       0x2c c:/program files (x86)/gnu tools arm embedded/4.8 2014q2/bin/../lib/gcc/arm-none-eabi/4.8.4/armv7e-m/fpu\libgcc.a(_aeabi_uldivmod.o)
                0x0800ee8c                __aeabi_uldivmod
 .text          0x0800eeb8       0x60 c:/program files (x86)/gnu tools arm embedded/4.8 2014q2/bin/../lib/gcc/arm-none-eabi/4.8.4/armv7e-m/fpu\libgcc.a(bpabi.o)
                0x0800eeb8                __gnu_ldivmod_helper
                0x0800eee8                __gnu_uldivmod_helper
 .text          0x0800ef18        0x4 c:/program files (x86)/gnu tools arm embedded/4.8 2014q2/bin/../lib/gcc/arm-none-eabi/4.8.4/armv7e-m/fpu\libgcc.a(_dvmd_tls.o)
                0x0800ef18                __aeabi_idiv0
                0x0800ef18                __aeabi_ldiv0
 .text          0x0800ef1c      0x298 c:/program files (x86)/gnu tools arm embedded/4.8 2014q2/bin/../lib/gcc/arm-none-eabi/4.8.4/armv7e-m/fpu\libgcc.a(_divdi3.o)
                0x0800ef1c                __divdi3
 .text          0x0800f1b4      0x284 c:/program files (x86)/gnu tools arm embedded/4.8 2014q2/bin/../lib/gcc/arm-none-eabi/4.8.4/armv7e-m/fpu\libgcc.a(_udivdi3.o)
                0x0800f1b4                __udivdi3
 *(.init)
 *(.fini)
 *crtbegin.o(.ctors)
 *crtbegin?.o(.ctors)
 *(EXCLUDE_FILE(*crtend.o *crtend?.o) .ctors)
 *(SORT(.ctors.*))
 *(.ctors)
 *crtbegin.o(.dtors)
 *crtbegin?.o(.dtors)
 *(EXCLUDE_FILE(*crtend.o *crtend?.o) .dtors)
 *(SORT(.dtors.*))
 *(.dtors)
 *(.rodata*)
 .rodata        0x0800f438       0x38 ..\obj\socket.o
                0x0800f438                _SlPayloadByProtocolLUT
                0x0800f448                _SlSockSocketCmdCtrl
                0x0800f44c                _SlSockCloseCmdCtrl
                0x0800f450                _SlRecvfomCmdCtrl
                0x0800f454                _SlSendCmdCtrl
                0x0800f458                _SlListenCmdCtrl
                0x0800f45c                _SlAcceptCmdCtrl
                0x0800f460                _SlRecvCmdCtrl
                0x0800f464                _SlSetSockOptCmdCtrl
                0x0800f468                _SlGetSockOptCmdCtrl
                0x0800f46c                _SlSelectCmdCtrl
 .rodata        0x0800f470       0x28 ..\obj\netapp.o
                0x0800f470                _SlNetAppStartCtrl
                0x0800f474                _SlNetAppStopCtrl
                0x0800f478                _SlGetServiceListeCtrl
                0x0800f47c                _SlRegisterServiceCtrl
                0x0800f480                _SlGetHostByServiceCtrl
                0x0800f484                _SlGetHostByNameCtrl
                0x0800f48c                _SlNetAppSetCmdCtrl
                0x0800f490                _SlNetAppSendTokenValueCmdCtrl
                0x0800f494                _SlNetAppGetCmdCtrl
 .rodata        0x0800f498      0x1bc ..\obj\interrupts.o
 .rodata        0x0800f654       0xa4 ..\obj\driver.o
                0x0800f654                g_H2NSyncPattern
                0x0800f65c                g_H2NCnysPattern
                0x0800f664                _SlActionLookupTable
                0x0800f69c                OpcodeTranslateTable
                0x0800f6d8                RxMsgClassLUT
 .rodata        0x0800f6f8     0x2fd0 ..\obj\CC3100.o
                0x0800f6f8                servicepack_ucf
                0x08011e6c                servicePackImageSig
                0x08011f6c                SSID_STA_MODE
                0x08011f8c                PASSWORD_STA_MODE
                0x08011fac                SSID_AP_MODE
                0x08011fcc                PASSWORD_AP_MODE
 .rodata        0x080126c8       0x38 ..\obj\main.o
 .rodata        0x08012700      0x270 ..\obj\CC3100_HttpServer.o
 .rodata        0x08012970      0x13c ..\obj\CC3100_Board.o
                0x08012970                sf_512KB_format_command
                0x08012988                sf_1MB_format_command
                0x080129a0                sf_2MB_format_command
                0x080129b8                sf_4MB_format_command
                0x080129d0                sf_8MB_format_command
                0x080129e8                sf_16MB_format_command
                0x08012a00                disconnect_command
 .rodata        0x08012aac       0x1c ..\obj\device.o
                0x08012aac                StartResponseLUT
                0x08012ab4                _SlStopCmdCtrl
                0x08012ab8                _SlEventMaskSetCmdCtrl
                0x08012abc                _SlEventMaskGetCmdCtrl
                0x08012ac0                _SlDeviceGetCmdCtrl
                0x08012ac4                _SlDeviceSetCmdCtrl
 .rodata        0x08012ac8      0x580 ..\obj\CC3100_EventHandler.o
 .rodata        0x08013048       0x64 ..\obj\dw1000_ranging.o
 .rodata.str1.4
                0x080130ac        0x6 c:/program files (x86)/gnu tools arm embedded/4.8 2014q2/bin/../lib/gcc/arm-none-eabi/4.8.4/../../../../arm-none-eabi/lib/armv7e-m/fpu\libm.a(lib_a-w_log10.o)
                                  0xc (size before relaxing)
 *fill*         0x080130b2        0x2 
 .rodata.str1.4
                0x080130b4        0x4 c:/program files (x86)/gnu tools arm embedded/4.8 2014q2/bin/../lib/gcc/arm-none-eabi/4.8.4/../../../../arm-none-eabi/lib/armv7e-m/fpu\libm.a(lib_a-w_pow.o)
 .rodata.dp_h   0x080130b8       0x10 c:/program files (x86)/gnu tools arm embedded/4.8 2014q2/bin/../lib/gcc/arm-none-eabi/4.8.4/../../../../arm-none-eabi/lib/armv7e-m/fpu\libm.a(lib_a-e_pow.o)
 .rodata.dp_l   0x080130c8       0x10 c:/program files (x86)/gnu tools arm embedded/4.8 2014q2/bin/../lib/gcc/arm-none-eabi/4.8.4/../../../../arm-none-eabi/lib/armv7e-m/fpu\libm.a(lib_a-e_pow.o)
 .rodata.bp     0x080130d8       0x10 c:/program files (x86)/gnu tools arm embedded/4.8 2014q2/bin/../lib/gcc/arm-none-eabi/4.8.4/../../../../arm-none-eabi/lib/armv7e-m/fpu\libm.a(lib_a-e_pow.o)
 .rodata.str1.4
                0x00000000        0x4 c:/program files (x86)/gnu tools arm embedded/4.8 2014q2/bin/../lib/gcc/arm-none-eabi/4.8.4/../../../../arm-none-eabi/lib/armv7e-m/fpu\libm.a(lib_a-e_pow.o)
 .rodata.TWO52  0x080130e8       0x10 c:/program files (x86)/gnu tools arm embedded/4.8 2014q2/bin/../lib/gcc/arm-none-eabi/4.8.4/../../../../arm-none-eabi/lib/armv7e-m/fpu\libm.a(lib_a-s_rint.o)
 .rodata.str1.4
                0x080130f8        0x2 c:/program files (x86)/gnu tools arm embedded/4.8 2014q2/bin/../lib/gcc/arm-none-eabi/4.8.4/../../../../arm-none-eabi/lib/armv7e-m/fpu\libg.a(lib_a-impure.o)
                                  0x4 (size before relaxing)
 *fill*         0x080130fa        0x2 
 .rodata.zeroes.6763
                0x080130fc       0x10 c:/program files (x86)/gnu tools arm embedded/4.8 2014q2/bin/../lib/gcc/arm-none-eabi/4.8.4/../../../../arm-none-eabi/lib/armv7e-m/fpu\libg.a(lib_a-svfprintf.o)
 .rodata.str1.4
                0x0801310c       0x3f c:/program files (x86)/gnu tools arm embedded/4.8 2014q2/bin/../lib/gcc/arm-none-eabi/4.8.4/../../../../arm-none-eabi/lib/armv7e-m/fpu\libg.a(lib_a-svfprintf.o)
                                 0x44 (size before relaxing)
 *fill*         0x0801314b        0x1 
 .rodata.blanks.6762
                0x0801314c       0x10 c:/program files (x86)/gnu tools arm embedded/4.8 2014q2/bin/../lib/gcc/arm-none-eabi/4.8.4/../../../../arm-none-eabi/lib/armv7e-m/fpu\libg.a(lib_a-svfprintf.o)
 .rodata.str1.4
                0x0801315c       0x10 c:/program files (x86)/gnu tools arm embedded/4.8 2014q2/bin/../lib/gcc/arm-none-eabi/4.8.4/../../../../arm-none-eabi/lib/armv7e-m/fpu\libg.a(lib_a-dtoa.o)
                                 0x14 (size before relaxing)
 .rodata.str1.4
                0x0801316c        0xc c:/program files (x86)/gnu tools arm embedded/4.8 2014q2/bin/../lib/gcc/arm-none-eabi/4.8.4/../../../../arm-none-eabi/lib/armv7e-m/fpu\libg.a(lib_a-locale.o)
                                 0x14 (size before relaxing)
 .rodata.__mprec_tens
                0x08013178       0xc8 c:/program files (x86)/gnu tools arm embedded/4.8 2014q2/bin/../lib/gcc/arm-none-eabi/4.8.4/../../../../arm-none-eabi/lib/armv7e-m/fpu\libg.a(lib_a-mprec.o)
                0x08013178                __mprec_tens
 .rodata.__mprec_bigtens
                0x08013240       0x28 c:/program files (x86)/gnu tools arm embedded/4.8 2014q2/bin/../lib/gcc/arm-none-eabi/4.8.4/../../../../arm-none-eabi/lib/armv7e-m/fpu\libg.a(lib_a-mprec.o)
                0x08013240                __mprec_bigtens
 .rodata.p05.5269
                0x08013268        0xc c:/program files (x86)/gnu tools arm embedded/4.8 2014q2/bin/../lib/gcc/arm-none-eabi/4.8.4/../../../../arm-none-eabi/lib/armv7e-m/fpu\libg.a(lib_a-mprec.o)
 *(.eh_fram e*)

.glue_7         0x08013274        0x0
 .glue_7        0x00000000        0x0 linker stubs

.glue_7t        0x08013274        0x0
 .glue_7t       0x00000000        0x0 linker stubs

.vfp11_veneer   0x08013274        0x0
 .vfp11_veneer  0x00000000        0x0 linker stubs

.v4_bx          0x08013274        0x0
 .v4_bx         0x00000000        0x0 linker stubs

.iplt           0x08013274        0x0
 .iplt          0x00000000        0x0 ..\obj\socket.o

.ARM.extab
 *(.ARM.extab* .gnu.linkonce.armextab.*)
                0x08013274                __exidx_start = .

.ARM.exidx      0x08013274        0x8
 *(.ARM.exidx* .gnu.linkonce.armexidx.*)
 .ARM.exidx     0x08013274        0x8 c:/program files (x86)/gnu tools arm embedded/4.8 2014q2/bin/../lib/gcc/arm-none-eabi/4.8.4/armv7e-m/fpu\libgcc.a(_divdi3.o)
 .ARM.exidx     0x0801327c        0x0 c:/program files (x86)/gnu tools arm embedded/4.8 2014q2/bin/../lib/gcc/arm-none-eabi/4.8.4/armv7e-m/fpu\libgcc.a(_udivdi3.o)
                                  0x8 (size before relaxing)
                0x0801327c                __exidx_end = .
                0x0801327c                __etext = .
                0x0801327c                _sidata = __etext

.rel.dyn        0x0801327c        0x0
 .rel.iplt      0x00000000        0x0 ..\obj\socket.o

.data           0x20000000      0x8f4 load address 0x0801327c
                0x20000000                __data_start__ = .
                0x20000000                _sdata = __data_start__
 *(vtable)
 *(.data*)
 .data          0x20000000       0x40 ..\obj\CC3100.o
                0x20000000                SEC_TYPE_STA_MODE
                0x20000004                socket_Handles
                0x2000002c                handle_FTP_Command
                0x20000030                handle_FTP_Data
                0x20000034                handle_TCP
                0x20000038                handle_NTP
                0x2000003c                handle_MQTT
 .data          0x20000040        0x1 ..\obj\diskio.o
 *fill*         0x20000041        0x3 
 .data          0x20000044       0x10 ..\obj\stm32f4xx_rcc.o
 .data          0x20000054        0x4 ..\obj\CC3100_Board.o
 .data          0x20000058       0x14 ..\obj\system_stm32f4xx.o
                0x20000058                SystemCoreClock
                0x2000005c                AHBPrescTable
 .data          0x2000006c        0xc ..\obj\port.o
                0x2000006c                NVIC_INT_CTRL
                0x20000070                NVIC_PENDSVSET
                0x20000074                INT_EXIT
 .data.__fdlib_version
                0x20000078        0x1 c:/program files (x86)/gnu tools arm embedded/4.8 2014q2/bin/../lib/gcc/arm-none-eabi/4.8.4/../../../../arm-none-eabi/lib/armv7e-m/fpu\libm.a(lib_a-s_lib_ver.o)
                0x20000078                __fdlib_version
 *fill*         0x20000079        0x7 
 .data.impure_data
                0x20000080      0x428 c:/program files (x86)/gnu tools arm embedded/4.8 2014q2/bin/../lib/gcc/arm-none-eabi/4.8.4/../../../../arm-none-eabi/lib/armv7e-m/fpu\libg.a(lib_a-impure.o)
 .data._impure_ptr
                0x200004a8        0x4 c:/program files (x86)/gnu tools arm embedded/4.8 2014q2/bin/../lib/gcc/arm-none-eabi/4.8.4/../../../../arm-none-eabi/lib/armv7e-m/fpu\libg.a(lib_a-impure.o)
                0x200004a8                _impure_ptr
 .data.lconv    0x200004ac       0x38 c:/program files (x86)/gnu tools arm embedded/4.8 2014q2/bin/../lib/gcc/arm-none-eabi/4.8.4/../../../../arm-none-eabi/lib/armv7e-m/fpu\libg.a(lib_a-locale.o)
 .data.__malloc_av_
                0x200004e4      0x408 c:/program files (x86)/gnu tools arm embedded/4.8 2014q2/bin/../lib/gcc/arm-none-eabi/4.8.4/../../../../arm-none-eabi/lib/armv7e-m/fpu\libg.a(lib_a-mallocr.o)
                0x200004e4                __malloc_av_
 .data.__malloc_trim_threshold
                0x200008ec        0x4 c:/program files (x86)/gnu tools arm embedded/4.8 2014q2/bin/../lib/gcc/arm-none-eabi/4.8.4/../../../../arm-none-eabi/lib/armv7e-m/fpu\libg.a(lib_a-mallocr.o)
                0x200008ec                __malloc_trim_threshold
 .data.__malloc_sbrk_base
                0x200008f0        0x4 c:/program files (x86)/gnu tools arm embedded/4.8 2014q2/bin/../lib/gcc/arm-none-eabi/4.8.4/../../../../arm-none-eabi/lib/armv7e-m/fpu\libg.a(lib_a-mallocr.o)
                0x200008f0                __malloc_sbrk_base
                0x200008f4                . = ALIGN (0x4)
                0x200008f4                PROVIDE (__preinit_array_start, .)
 *(.preinit_array)
                0x200008f4                PROVIDE (__preinit_array_end, .)
                0x200008f4                . = ALIGN (0x4)
                0x200008f4                PROVIDE (__init_array_start, .)
 *(SORT(.init_array.*))
 *(.init_array)
                0x200008f4                PROVIDE (__init_array_end, .)
                0x200008f4                . = ALIGN (0x4)
                0x200008f4                PROVIDE (__fini_array_start, .)
 *(SORT(.fini_array.*))
 *(.fini_array)
                0x200008f4                PROVIDE (__fini_array_end, .)
 *(.jcr*)
                0x200008f4                . = ALIGN (0x4)
                0x200008f4                __data_end__ = .
                0x200008f4                _edata = __data_end__

.igot.plt       0x200008f4        0x0 load address 0x08013b70
 .igot.plt      0x00000000        0x0 ..\obj\socket.o

.bss            0x200008f8     0xe0b0 load address 0x08013b78
                0x200008f8                . = ALIGN (0x4)
                0x200008f8                __bss_start__ = .
                0x200008f8                _sbss = __bss_start__
 *(.bss*)
 .bss           0x200008f8     0x1080 ..\obj\dw1000_io.o
                0x200008f8                dw1000_tempbuffer
 .bss           0x20001978        0x3 ..\obj\core.o
                0x20001978                OSIntNesting
                0x20001979                OSSchedLock
                0x2000197a                TaskSchedReq
 *fill*         0x2000197b        0x1 
 .bss           0x2000197c       0x18 ..\obj\MQTT.o
                0x2000197c                Broker_IP
                0x20001980                mqtt_run
                0x20001981                abbruch
                0x20001984                tx_mqtt_msg
                0x20001988                tx_mqtt_bytes
                0x2000198c                rx_mqtt_msg
                0x20001990                rx_mqtt_bytes
 .bss           0x20001994       0x18 ..\obj\interrupts.o
                0x20001994                start_game
                0x20001998                seconds_counter
 .bss           0x200019ac       0x38 ..\obj\timer.o
                0x200019ac                TmrTbl
                0x200019dc                TmrList
                0x200019e0                TmrIDVessel
 .bss           0x200019e4        0xc ..\obj\driver.o
                0x200019e4                g_pCB
                0x200019e8                pPingCallBackFunc
                0x200019ec                gFirstCmdMode
 .bss           0x200019f0       0x10 ..\obj\dw1000_driver.o
                0x200019f0                dw1000_temperature
                0x200019f4                dw1000_lasttemperaturemeasure
                0x200019f8                dw1000_receivecounter
                0x200019fc                dw1000_reftemperature
                0x200019fd                dw1000_lasttemperature
                0x200019fe                dw1000_refvoltage
 .bss           0x20001a00       0x28 ..\obj\CC3100.o
                0x20001a00                SEC_TYPE_AP_MODE
                0x20001a04                WiFi_RTC
                0x20001a08                CC3100_select_status
                0x20001a0c                Stop_CC3100_select
                0x20001a10                socket_Type
                0x20001a24                S3_WaitForAnswer
 .bss           0x20001a28       0x18 ..\obj\dw1000_config.o
                0x20001a28                dw1000_extendedFrameLength
                0x20001a29                dw1000_pacSize
                0x20001a2a                dw1000_pulseFrequency
                0x20001a2b                dw1000_dataRate
                0x20001a2c                dw1000_preambleLength
                0x20001a2d                dw1000_preambleCode
                0x20001a2e                dw1000_channel
                0x20001a2f                dw1000_frameCheck
                0x20001a30                dw1000_smartPower
                0x20001a31                dw1000_doublebuffered
                0x20001a32                dw1000_framefilter
                0x20001a33                dw1000_receiverAutoReenable
                0x20001a34                dw1000_receiveAfterTX
                0x20001a35                dw1000_devicemode
                0x20001a36                dw1000_irqactive
                0x20001a37                dw1000_isinitializeing
                0x20001a38                dw1000_clockoffset
                0x20001a3a                dw1000_antennadelay_rx
                0x20001a3c                dw1000_antennadelay_tx
                0x20001a3e                dw1000_sniffmodeoff
                0x20001a3f                dw1000_sniffmodeon
 .bss           0x20001a40      0x188 ..\obj\task.o
                0x20001a40                TCBTbl
                0x20001b48                idle_stk
                0x20001bac                FreeTCB
                0x20001bb0                TCBRdy
                0x20001bb4                TCBNext
                0x20001bb8                TCBRunning
                0x20001bc0                OSCheckTime
 .bss           0x20001bc8        0xc ..\obj\diskio.o
 .bss           0x20001bd4       0x30 ..\obj\serviceReq.o
                0x20001bd4                ServiceReq
                0x20001c00                IsrReq
                0x20001c01                TimeReq
                0x20001c02                TimerReq
 .bss           0x20001c04     0x1008 ..\obj\CC3100_Board.o
                0x20001c04                ack_cc3100_resceived
                0x20001c08                cc3100_rx_puffer
                0x20002408                cc3100_tx_puffer
                0x20002c08                pIrqEventHandler
 .bss           0x20002c0c        0x4 ..\obj\time.o
                0x20002c0c                DlyList
 .bss           0x20002c10      0x144 ..\obj\event.o
                0x20002c10                EventTbl
                0x20002d50                FreeEventList
 .bss           0x20002d54        0x4 ..\obj\CC3100_EventHandler.o
                0x20002d54                WiFi_Status
 .bss           0x20002d58        0x4 ..\obj\syscalls.o
 .bss           0x20002d5c       0x14 ..\obj\flag.o
                0x20002d5c                FlagCrl
 .bss           0x20002d70        0x8 ..\obj\arch.o
                0x20002d70                OSTickCnt
 .bss           0x20002d78       0x14 ..\obj\dw1000_ranging.o
                0x20002d78                dw1000_id
                0x20002d7a                ismeasuring
                0x20002d7b                uwbranging_rangingid
                0x20002d7c                uwbranging_textmessagehandler
                0x20002d80                uwbranging_bytemessagehandler
                0x20002d84                uwbranging_txhandler
                0x20002d88                uwbranging_rangehandler
 .bss           0x20002d8c       0x84 ..\obj\DW1000.o
                0x20002d8c                systickcounter
                0x20002d90                dw1000_timeout_ms
                0x20002d94                r1
                0x20002d98                r2
                0x20002d9c                r3
                0x20002da0                r4
                0x20002da4                knoten_id
                0x20002da8                uwb_send
                0x20002dac                temp
 .bss           0x20002e10        0x8 ..\obj\usart.o
                0x20002e10                uart2_RX_zeichen
                0x20002e11                usart2_running
 .bss.__malloc_max_total_mem
                0x20002e18        0x4 c:/program files (x86)/gnu tools arm embedded/4.8 2014q2/bin/../lib/gcc/arm-none-eabi/4.8.4/../../../../arm-none-eabi/lib/armv7e-m/fpu\libg.a(lib_a-mallocr.o)
                0x20002e18                __malloc_max_total_mem
 .bss.__malloc_max_sbrked_mem
                0x20002e1c        0x4 c:/program files (x86)/gnu tools arm embedded/4.8 2014q2/bin/../lib/gcc/arm-none-eabi/4.8.4/../../../../arm-none-eabi/lib/armv7e-m/fpu\libg.a(lib_a-mallocr.o)
                0x20002e1c                __malloc_max_sbrked_mem
 .bss.__malloc_top_pad
                0x20002e20        0x4 c:/program files (x86)/gnu tools arm embedded/4.8 2014q2/bin/../lib/gcc/arm-none-eabi/4.8.4/../../../../arm-none-eabi/lib/armv7e-m/fpu\libg.a(lib_a-mallocr.o)
                0x20002e20                __malloc_top_pad
 .bss.__malloc_current_mallinfo
                0x20002e24       0x28 c:/program files (x86)/gnu tools arm embedded/4.8 2014q2/bin/../lib/gcc/arm-none-eabi/4.8.4/../../../../arm-none-eabi/lib/armv7e-m/fpu\libg.a(lib_a-mallocr.o)
                0x20002e24                __malloc_current_mallinfo
 *(COMMON)
 COMMON         0x20002e4c      0x200 ..\obj\MQTT.o
                0x20002e4c                buf_out
                0x20002f14                client
                0x20002f70                MilliTimer
                0x20002f74                network
                0x20002f84                buf_in
 COMMON         0x2000304c      0x274 ..\obj\driver.o
                0x2000304c                RxIrqCnt
                0x20003050                g_StatMem
 COMMON         0x200032c0       0x68 ..\obj\rtc.o
                0x200032c0                RTC_Init_Struct
                0x200032cc                ntp_sync_stop_Date
                0x200032d0                ntp_sync_stop_Time
                0x200032d4                ntp_sync_startTime
                0x200032d8                RTC_Alarm_Struct
                0x200032e8                RTC_Time_Aktuell
                0x200032ec                RTC_Time_Struct
                0x200032f0                RTC_Date_Struct
                0x200032f4                RTC_InitStructure
                0x20003300                NVIC_InitStruct
                0x20003304                RTC_Alarm_Aktuell
                0x20003314                ntp_sync_startDate
                0x20003318                EXTI_InitStruct
                0x20003320                RTC_TimeStructure
                0x20003324                RTC_Date_Aktuell
 COMMON         0x20003328     0xa9e4 ..\obj\CC3100.o
                0x20003328                exceptsds
                0x2000332c                rx_daten
                0x20003b2c                my_IP
                0x20003b3c                from
                0x20003bdc                readds
                0x20003be0                sockets
                0x20003c80                rx_buf
                0x20008c80                timeout
                0x20008c88                write_cbs
                0x20008cb0                tx_buf
                0x2000dcb0                read_cbs
                0x2000dcd8                except_cbs
                0x2000dd00                senderIP
                0x2000dd08                writeds
 COMMON         0x2000dd0c        0xc ..\obj\dw1000_config.o
                0x2000dd0c                dw1000_chan_ctrl
                0x2000dd10                dw1000_tx_fctrl
                0x2000dd14                dw1000_sys_cfg
 COMMON         0x2000dd18       0x20 ..\obj\dw1000_user.o
                0x2000dd18                dw1000_exti_structure
                0x2000dd20                dw1000_spi_structure
                0x2000dd34                dw1000_nvic_structure
 COMMON         0x2000dd38      0x443 ..\obj\dw1000_ranging.o
                0x2000dd38                uwbranging_rxbuffer
                0x2000e138                uwbranging_config
                0x2000e144                uwbranging_process
 *fill*         0x2000e17b        0x1 
 COMMON         0x2000e17c       0x28 ..\obj\nonos.o
                0x2000e17c                g__SlNonOsCB
 COMMON         0x2000e1a4      0x800 ..\obj\usart.o
                0x2000e1a4                usart2_tx_buffer
                0x2000e5a4                usart2_rx_buffer
 COMMON         0x2000e9a4        0x4 c:/program files (x86)/gnu tools arm embedded/4.8 2014q2/bin/../lib/gcc/arm-none-eabi/4.8.4/../../../../arm-none-eabi/lib/armv7e-m/fpu\libg.a(lib_a-reent.o)
                0x2000e9a4                errno
                0x2000e9a8                . = ALIGN (0x4)
                0x2000e9a8                __bss_end__ = .
                0x2000e9a8                _ebss = __bss_end__

.heap           0x2000e9a8        0x0
                0x2000e9a8                __end__ = .
                0x2000e9a8                _end = __end__
                0x2000e9a8                end = __end__
 *(.heap*)
                0x2000e9a8                __HeapLimit = .

.co_stack       0x2000e9a8     0x4000 load address 0x08021c28
                0x2000e9a8                . = ALIGN (0x8)
 *(.co_stack .co_stack.*)
 .co_stack      0x2000e9a8     0x4000 ..\obj\startup_stm32f4xx.o
                0x2000e9a8                pulStack
                0x20020000                __StackTop = (ORIGIN (ram) + 0x20000)
                0x2001c000                __StackLimit = (__StackTop - SIZEOF (.co_stack))
                0x20020000                PROVIDE (__stack, __StackTop)
                0x00000001                ASSERT ((__StackLimit >= __HeapLimit), region ram  overflowed with stack)
LOAD ..\obj\socket.o
LOAD ..\obj\dw1000_io.o
LOAD ..\obj\stm32f4xx_syscfg.o
LOAD ..\obj\MPU9250.o
LOAD ..\obj\kernelHeap.o
LOAD ..\obj\stm32f4xx_sdio.o
LOAD ..\obj\i2c.o
LOAD ..\obj\netapp.o
LOAD ..\obj\core.o
LOAD ..\obj\stm32f4xx_cryp_aes.o
LOAD ..\obj\stm32f4xx_hash.o
LOAD ..\obj\MQTT.o
LOAD ..\obj\interrupts.o
LOAD ..\obj\stm32f4xx_hash_sha1.o
LOAD ..\obj\timer.o
LOAD ..\obj\utility.o
LOAD ..\obj\driver.o
LOAD ..\obj\stm32f4xx_usart.o
LOAD ..\obj\stm32f4xx_pwr.o
LOAD ..\obj\rtc.o
LOAD ..\obj\dw1000_driver.o
LOAD ..\obj\stm32f4xx_can.o
LOAD ..\obj\CC3100.o
LOAD ..\obj\led.o
LOAD ..\obj\stm32f4xx_wwdg.o
LOAD ..\obj\stm32f4xx_hash_md5.o
LOAD ..\obj\stm32f4xx_dac.o
LOAD ..\obj\MQTTPacket.o
LOAD ..\obj\dw1000_config.o
LOAD ..\obj\fs.o
LOAD ..\obj\task.o
LOAD ..\obj\diskio.o
LOAD ..\obj\MQTTSubscribeClient.o
LOAD ..\obj\startup_stm32f4xx.o
LOAD ..\obj\serviceReq.o
LOAD ..\obj\stm32f4xx_crc.o
LOAD ..\obj\MQTTClient.o
LOAD ..\obj\stm32f4xx_iwdg.o
LOAD ..\obj\mpu9250_math.o
LOAD ..\obj\aufgabe.o
LOAD ..\obj\main.o
LOAD ..\obj\stm32f4xx_rcc.o
LOAD ..\obj\SDCARD.o
LOAD ..\obj\mpu9250_serial.o
LOAD ..\obj\client_ntp.o
LOAD ..\obj\flowcont.o
LOAD ..\obj\init.o
LOAD ..\obj\stm32f4xx_adc.o
LOAD ..\obj\MQTTConnectClient.o
LOAD ..\obj\dw1000_user.o
LOAD ..\obj\MQTTDeserializePublish.o
LOAD ..\obj\wlan.o
LOAD ..\obj\power.o
LOAD ..\obj\stm32f4xx_dcmi.o
LOAD ..\obj\mbox.o
LOAD ..\obj\MQTTUnsubscribeClient.o
LOAD ..\obj\mm.o
LOAD ..\obj\CC3100_HttpServer.o
LOAD ..\obj\test.o
LOAD ..\obj\stm32f4xx_cryp_des.o
LOAD ..\obj\client_ftp.o
LOAD ..\obj\CC3100_Board.o
LOAD ..\obj\stm32f4xx_cryp.o
LOAD ..\obj\stm32f4xx_fsmc.o
LOAD ..\obj\netcfg.o
LOAD ..\obj\time.o
LOAD ..\obj\spawn.o
LOAD ..\obj\MQTTFormat.o
LOAD ..\obj\event.o
LOAD ..\obj\stm32f4xx_gpio.o
LOAD ..\obj\stm32f4xx_flash.o
LOAD ..\obj\device.o
LOAD ..\obj\CC3100_EventHandler.o
LOAD ..\obj\system_stm32f4xx.o
LOAD ..\obj\syscalls.o
LOAD ..\obj\MQTTSerializePublish.o
LOAD ..\obj\stm32f4xx_dma.o
LOAD ..\obj\mpu9250_driver.o
LOAD ..\obj\ccsbcs.o
LOAD ..\obj\queue.o
LOAD ..\obj\port.o
LOAD ..\obj\mutex.o
LOAD ..\obj\flag.o
LOAD ..\obj\BME280.o
LOAD ..\obj\ff.o
LOAD ..\obj\taster.o
LOAD ..\obj\MQTTConnectServer.o
LOAD ..\obj\stm32f4xx_spi.o
LOAD ..\obj\stm32f4xx_i2c.o
LOAD ..\obj\arch.o
LOAD ..\obj\stm32f4xx_rng.o
LOAD ..\obj\stm32f4xx_exti.o
LOAD ..\obj\MQTTUnsubscribeServer.o
LOAD ..\obj\misc.o
LOAD ..\obj\beeper.o
LOAD ..\obj\dw1000_ranging.o
LOAD ..\obj\DW1000.o
LOAD ..\obj\sem.o
LOAD ..\obj\stm32f4xx_rtc.o
LOAD ..\obj\bme280_driver.o
LOAD ..\obj\dw1000_def.o
LOAD ..\obj\hook.o
LOAD ..\obj\stm32f4xx_cryp_tdes.o
LOAD ..\obj\stm32f4xx_tim.o
LOAD ..\obj\nonos.o
LOAD ..\obj\stm32f4xx_dbgmcu.o
LOAD ..\obj\usart.o
LOAD ..\obj\MQTTSubscribeServer.o
LOAD c:/program files (x86)/gnu tools arm embedded/4.8 2014q2/bin/../lib/gcc/arm-none-eabi/4.8.4/../../../../arm-none-eabi/lib/armv7e-m/fpu\libm.a
START GROUP
LOAD c:/program files (x86)/gnu tools arm embedded/4.8 2014q2/bin/../lib/gcc/arm-none-eabi/4.8.4/armv7e-m/fpu\libgcc.a
LOAD c:/program files (x86)/gnu tools arm embedded/4.8 2014q2/bin/../lib/gcc/arm-none-eabi/4.8.4/../../../../arm-none-eabi/lib/armv7e-m/fpu\libg.a
LOAD c:/program files (x86)/gnu tools arm embedded/4.8 2014q2/bin/../lib/gcc/arm-none-eabi/4.8.4/../../../../arm-none-eabi/lib/armv7e-m/fpu\libc.a
END GROUP
OUTPUT(STM32F415RG.elf elf32-littlearm)

.debug_info     0x00000000    0x1e7b8
 .debug_info    0x00000000     0x19e0 ..\obj\socket.o
 .debug_info    0x000019e0      0x663 ..\obj\dw1000_io.o
 .debug_info    0x00002043     0x187b ..\obj\netapp.o
 .debug_info    0x000038be      0x2c8 ..\obj\core.o
 .debug_info    0x00003b86     0x1122 ..\obj\MQTT.o
 .debug_info    0x00004ca8      0xae4 ..\obj\interrupts.o
 .debug_info    0x0000578c      0x3bd ..\obj\timer.o
 .debug_info    0x00005b49     0x17c7 ..\obj\driver.o
 .debug_info    0x00007310      0x9c2 ..\obj\stm32f4xx_usart.o
 .debug_info    0x00007cd2      0x4fc ..\obj\stm32f4xx_pwr.o
 .debug_info    0x000081ce      0xd86 ..\obj\rtc.o
 .debug_info    0x00008f54      0x88c ..\obj\dw1000_driver.o
 .debug_info    0x000097e0     0x1010 ..\obj\CC3100.o
 .debug_info    0x0000a7f0      0x2a1 ..\obj\led.o
 .debug_info    0x0000aa91      0x244 ..\obj\stm32f4xx_wwdg.o
 .debug_info    0x0000acd5      0x70d ..\obj\dw1000_config.o
 .debug_info    0x0000b3e2      0x6d7 ..\obj\task.o
 .debug_info    0x0000bab9      0xa27 ..\obj\diskio.o
 .debug_info    0x0000c4e0       0xed ..\obj\startup_stm32f4xx.o
 .debug_info    0x0000c5cd      0x1e5 ..\obj\serviceReq.o
 .debug_info    0x0000c7b2      0xc04 ..\obj\aufgabe.o
 .debug_info    0x0000d3b6      0x32f ..\obj\main.o
 .debug_info    0x0000d6e5      0xc4d ..\obj\stm32f4xx_rcc.o
 .debug_info    0x0000e332      0x742 ..\obj\SDCARD.o
 .debug_info    0x0000ea74      0x6ed ..\obj\init.o
 .debug_info    0x0000f161      0xc38 ..\obj\stm32f4xx_adc.o
 .debug_info    0x0000fd99      0xb8b ..\obj\dw1000_user.o
 .debug_info    0x00010924      0x40e ..\obj\mbox.o
 .debug_info    0x00010d32      0x877 ..\obj\CC3100_HttpServer.o
 .debug_info    0x000115a9      0xd3c ..\obj\test.o
 .debug_info    0x000122e5     0x10de ..\obj\CC3100_Board.o
 .debug_info    0x000133c3      0x3d2 ..\obj\time.o
 .debug_info    0x00013795      0x4a6 ..\obj\event.o
 .debug_info    0x00013c3b      0x602 ..\obj\stm32f4xx_gpio.o
 .debug_info    0x0001423d      0xd5a ..\obj\device.o
 .debug_info    0x00014f97      0x996 ..\obj\CC3100_EventHandler.o
 .debug_info    0x0001592d      0x592 ..\obj\system_stm32f4xx.o
 .debug_info    0x00015ebf      0x3ee ..\obj\syscalls.o
 .debug_info    0x000162ad      0x739 ..\obj\stm32f4xx_dma.o
 .debug_info    0x000169e6      0x528 ..\obj\queue.o
 .debug_info    0x00016f0e      0x197 ..\obj\port.o
 .debug_info    0x000170a5      0x639 ..\obj\flag.o
 .debug_info    0x000176de      0x696 ..\obj\taster.o
 .debug_info    0x00017d74      0xb07 ..\obj\stm32f4xx_spi.o
 .debug_info    0x0001887b      0x2fe ..\obj\arch.o
 .debug_info    0x00018b79      0x347 ..\obj\stm32f4xx_exti.o
 .debug_info    0x00018ec0      0x53d ..\obj\misc.o
 .debug_info    0x000193fd      0xc0e ..\obj\dw1000_ranging.o
 .debug_info    0x0001a00b      0x4e6 ..\obj\DW1000.o
 .debug_info    0x0001a4f1      0x3ce ..\obj\sem.o
 .debug_info    0x0001a8bf     0x10df ..\obj\stm32f4xx_rtc.o
 .debug_info    0x0001b99e       0xbc ..\obj\hook.o
 .debug_info    0x0001ba5a     0x1c61 ..\obj\stm32f4xx_tim.o
 .debug_info    0x0001d6bb      0x63e ..\obj\nonos.o
 .debug_info    0x0001dcf9      0xabf ..\obj\usart.o

.debug_abbrev   0x00000000     0x5bce
 .debug_abbrev  0x00000000      0x30d ..\obj\socket.o
 .debug_abbrev  0x0000030d      0x16b ..\obj\dw1000_io.o
 .debug_abbrev  0x00000478      0x2bf ..\obj\netapp.o
 .debug_abbrev  0x00000737       0xf5 ..\obj\core.o
 .debug_abbrev  0x0000082c      0x2a2 ..\obj\MQTT.o
 .debug_abbrev  0x00000ace      0x1ee ..\obj\interrupts.o
 .debug_abbrev  0x00000cbc      0x194 ..\obj\timer.o
 .debug_abbrev  0x00000e50      0x261 ..\obj\driver.o
 .debug_abbrev  0x000010b1      0x155 ..\obj\stm32f4xx_usart.o
 .debug_abbrev  0x00001206      0x17f ..\obj\stm32f4xx_pwr.o
 .debug_abbrev  0x00001385      0x21d ..\obj\rtc.o
 .debug_abbrev  0x000015a2      0x204 ..\obj\dw1000_driver.o
 .debug_abbrev  0x000017a6      0x23f ..\obj\CC3100.o
 .debug_abbrev  0x000019e5       0xff ..\obj\led.o
 .debug_abbrev  0x00001ae4      0x140 ..\obj\stm32f4xx_wwdg.o
 .debug_abbrev  0x00001c24      0x1ff ..\obj\dw1000_config.o
 .debug_abbrev  0x00001e23      0x1ef ..\obj\task.o
 .debug_abbrev  0x00002012      0x23c ..\obj\diskio.o
 .debug_abbrev  0x0000224e       0xb0 ..\obj\startup_stm32f4xx.o
 .debug_abbrev  0x000022fe      0x114 ..\obj\serviceReq.o
 .debug_abbrev  0x00002412      0x157 ..\obj\aufgabe.o
 .debug_abbrev  0x00002569       0xe3 ..\obj\main.o
 .debug_abbrev  0x0000264c      0x1e3 ..\obj\stm32f4xx_rcc.o
 .debug_abbrev  0x0000282f      0x151 ..\obj\SDCARD.o
 .debug_abbrev  0x00002980      0x17f ..\obj\init.o
 .debug_abbrev  0x00002aff      0x196 ..\obj\stm32f4xx_adc.o
 .debug_abbrev  0x00002c95      0x2d5 ..\obj\dw1000_user.o
 .debug_abbrev  0x00002f6a      0x15f ..\obj\mbox.o
 .debug_abbrev  0x000030c9      0x23f ..\obj\CC3100_HttpServer.o
 .debug_abbrev  0x00003308      0x239 ..\obj\test.o
 .debug_abbrev  0x00003541      0x32d ..\obj\CC3100_Board.o
 .debug_abbrev  0x0000386e      0x194 ..\obj\time.o
 .debug_abbrev  0x00003a02      0x1d4 ..\obj\event.o
 .debug_abbrev  0x00003bd6      0x1a3 ..\obj\stm32f4xx_gpio.o
 .debug_abbrev  0x00003d79      0x2be ..\obj\device.o
 .debug_abbrev  0x00004037      0x1bb ..\obj\CC3100_EventHandler.o
 .debug_abbrev  0x000041f2      0x136 ..\obj\system_stm32f4xx.o
 .debug_abbrev  0x00004328       0xe2 ..\obj\syscalls.o
 .debug_abbrev  0x0000440a      0x155 ..\obj\stm32f4xx_dma.o
 .debug_abbrev  0x0000455f      0x17f ..\obj\queue.o
 .debug_abbrev  0x000046de       0xe7 ..\obj\port.o
 .debug_abbrev  0x000047c5      0x1b1 ..\obj\flag.o
 .debug_abbrev  0x00004976      0x128 ..\obj\taster.o
 .debug_abbrev  0x00004a9e      0x167 ..\obj\stm32f4xx_spi.o
 .debug_abbrev  0x00004c05      0x111 ..\obj\arch.o
 .debug_abbrev  0x00004d16      0x1a5 ..\obj\stm32f4xx_exti.o
 .debug_abbrev  0x00004ebb      0x145 ..\obj\misc.o
 .debug_abbrev  0x00005000      0x20b ..\obj\dw1000_ranging.o
 .debug_abbrev  0x0000520b      0x157 ..\obj\DW1000.o
 .debug_abbrev  0x00005362      0x141 ..\obj\sem.o
 .debug_abbrev  0x000054a3      0x1ae ..\obj\stm32f4xx_rtc.o
 .debug_abbrev  0x00005651       0x8a ..\obj\hook.o
 .debug_abbrev  0x000056db      0x187 ..\obj\stm32f4xx_tim.o
 .debug_abbrev  0x00005862      0x188 ..\obj\nonos.o
 .debug_abbrev  0x000059ea      0x1e4 ..\obj\usart.o

.debug_aranges  0x00000000     0x2118
 .debug_aranges
                0x00000000       0xe0 ..\obj\socket.o
 .debug_aranges
                0x000000e0       0xb0 ..\obj\dw1000_io.o
 .debug_aranges
                0x00000190       0xa8 ..\obj\netapp.o
 .debug_aranges
                0x00000238       0x58 ..\obj\core.o
 .debug_aranges
                0x00000290      0x100 ..\obj\MQTT.o
 .debug_aranges
                0x00000390      0x108 ..\obj\interrupts.o
 .debug_aranges
                0x00000498       0x68 ..\obj\timer.o
 .debug_aranges
                0x00000500       0xf8 ..\obj\driver.o
 .debug_aranges
                0x000005f8      0x100 ..\obj\stm32f4xx_usart.o
 .debug_aranges
                0x000006f8       0x78 ..\obj\stm32f4xx_pwr.o
 .debug_aranges
                0x00000770       0xb8 ..\obj\rtc.o
 .debug_aranges
                0x00000828      0x128 ..\obj\dw1000_driver.o
 .debug_aranges
                0x00000950       0x90 ..\obj\CC3100.o
 .debug_aranges
                0x000009e0       0x20 ..\obj\led.o
 .debug_aranges
                0x00000a00       0x58 ..\obj\stm32f4xx_wwdg.o
 .debug_aranges
                0x00000a58      0x130 ..\obj\dw1000_config.o
 .debug_aranges
                0x00000b88       0x78 ..\obj\task.o
 .debug_aranges
                0x00000c00       0xa8 ..\obj\diskio.o
 .debug_aranges
                0x00000ca8       0x28 ..\obj\startup_stm32f4xx.o
 .debug_aranges
                0x00000cd0       0x28 ..\obj\serviceReq.o
 .debug_aranges
                0x00000cf8       0x78 ..\obj\aufgabe.o
 .debug_aranges