Archive member included because of file (symbol)

c:/program files (x86)/gnu tools arm embedded/4.8 2014q2/bin/../lib/gcc/arm-none-eabi/4.8.4/../../../../arm-none-eabi/lib/armv7e-m/fpu\libm.a(lib_a-s_round.o)
                              ..\obj\dw1000_driver.o (round)
c:/program files (x86)/gnu tools arm embedded/4.8 2014q2/bin/../lib/gcc/arm-none-eabi/4.8.4/../../../../arm-none-eabi/lib/armv7e-m/fpu\libm.a(lib_a-w_log10.o)
                              ..\obj\dw1000_driver.o (log10)
c:/program files (x86)/gnu tools arm embedded/4.8 2014q2/bin/../lib/gcc/arm-none-eabi/4.8.4/../../../../arm-none-eabi/lib/armv7e-m/fpu\libm.a(lib_a-w_pow.o)
                              ..\obj\dw1000_driver.o (pow)
c:/program files (x86)/gnu tools arm embedded/4.8 2014q2/bin/../lib/gcc/arm-none-eabi/4.8.4/../../../../arm-none-eabi/lib/armv7e-m/fpu\libm.a(lib_a-w_sqrt.o)
                              ..\obj\mpu9250_math.o (sqrt)
c:/program files (x86)/gnu tools arm embedded/4.8 2014q2/bin/../lib/gcc/arm-none-eabi/4.8.4/../../../../arm-none-eabi/lib/armv7e-m/fpu\libm.a(lib_a-e_log10.o)
                              c:/program files (x86)/gnu tools arm embedded/4.8 2014q2/bin/../lib/gcc/arm-none-eabi/4.8.4/../../../../arm-none-eabi/lib/armv7e-m/fpu\libm.a(lib_a-w_log10.o) (__ieee754_log10)
c:/program files (x86)/gnu tools arm embedded/4.8 2014q2/bin/../lib/gcc/arm-none-eabi/4.8.4/../../../../arm-none-eabi/lib/armv7e-m/fpu\libm.a(lib_a-e_pow.o)
                              c:/program files (x86)/gnu tools arm embedded/4.8 2014q2/bin/../lib/gcc/arm-none-eabi/4.8.4/../../../../arm-none-eabi/lib/armv7e-m/fpu\libm.a(lib_a-w_pow.o) (__ieee754_pow)
c:/program files (x86)/gnu tools arm embedded/4.8 2014q2/bin/../lib/gcc/arm-none-eabi/4.8.4/../../../../arm-none-eabi/lib/armv7e-m/fpu\libm.a(lib_a-e_sqrt.o)
                              c:/program files (x86)/gnu tools arm embedded/4.8 2014q2/bin/../lib/gcc/arm-none-eabi/4.8.4/../../../../arm-none-eabi/lib/armv7e-m/fpu\libm.a(lib_a-w_sqrt.o) (__ieee754_sqrt)
c:/program files (x86)/gnu tools arm embedded/4.8 2014q2/bin/../lib/gcc/arm-none-eabi/4.8.4/../../../../arm-none-eabi/lib/armv7e-m/fpu\libm.a(lib_a-s_fabs.o)
                              c:/program files (x86)/gnu tools arm embedded/4.8 2014q2/bin/../lib/gcc/arm-none-eabi/4.8.4/../../../../arm-none-eabi/lib/armv7e-m/fpu\libm.a(lib_a-e_pow.o) (fabs)
c:/program files (x86)/gnu tools arm embedded/4.8 2014q2/bin/../lib/gcc/arm-none-eabi/4.8.4/../../../../arm-none-eabi/lib/armv7e-m/fpu\libm.a(lib_a-s_finite.o)
                              c:/program files (x86)/gnu tools arm embedded/4.8 2014q2/bin/../lib/gcc/arm-none-eabi/4.8.4/../../../../arm-none-eabi/lib/armv7e-m/fpu\libm.a(lib_a-w_pow.o) (finite)
c:/program files (x86)/gnu tools arm embedded/4.8 2014q2/bin/../lib/gcc/arm-none-eabi/4.8.4/../../../../arm-none-eabi/lib/armv7e-m/fpu\libm.a(lib_a-s_fpclassify.o)
                              c:/program files (x86)/gnu tools arm embedded/4.8 2014q2/bin/../lib/gcc/arm-none-eabi/4.8.4/../../../../arm-none-eabi/lib/armv7e-m/fpu\libm.a(lib_a-w_log10.o) (__fpclassifyd)
c:/program files (x86)/gnu tools arm embedded/4.8 2014q2/bin/../lib/gcc/arm-none-eabi/4.8.4/../../../../arm-none-eabi/lib/armv7e-m/fpu\libm.a(lib_a-s_lib_ver.o)
                              c:/program files (x86)/gnu tools arm embedded/4.8 2014q2/bin/../lib/gcc/arm-none-eabi/4.8.4/../../../../arm-none-eabi/lib/armv7e-m/fpu\libm.a(lib_a-w_log10.o) (__fdlib_version)
c:/program files (x86)/gnu tools arm embedded/4.8 2014q2/bin/../lib/gcc/arm-none-eabi/4.8.4/../../../../arm-none-eabi/lib/armv7e-m/fpu\libm.a(lib_a-s_matherr.o)
                              c:/program files (x86)/gnu tools arm embedded/4.8 2014q2/bin/../lib/gcc/arm-none-eabi/4.8.4/../../../../arm-none-eabi/lib/armv7e-m/fpu\libm.a(lib_a-w_log10.o) (matherr)
c:/program files (x86)/gnu tools arm embedded/4.8 2014q2/bin/../lib/gcc/arm-none-eabi/4.8.4/../../../../arm-none-eabi/lib/armv7e-m/fpu\libm.a(lib_a-s_nan.o)
                              c:/program files (x86)/gnu tools arm embedded/4.8 2014q2/bin/../lib/gcc/arm-none-eabi/4.8.4/../../../../arm-none-eabi/lib/armv7e-m/fpu\libm.a(lib_a-w_log10.o) (nan)
c:/program files (x86)/gnu tools arm embedded/4.8 2014q2/bin/../lib/gcc/arm-none-eabi/4.8.4/../../../../arm-none-eabi/lib/armv7e-m/fpu\libm.a(lib_a-s_rint.o)
                              c:/program files (x86)/gnu tools arm embedded/4.8 2014q2/bin/../lib/gcc/arm-none-eabi/4.8.4/../../../../arm-none-eabi/lib/armv7e-m/fpu\libm.a(lib_a-w_pow.o) (rint)
c:/program files (x86)/gnu tools arm embedded/4.8 2014q2/bin/../lib/gcc/arm-none-eabi/4.8.4/../../../../arm-none-eabi/lib/armv7e-m/fpu\libm.a(lib_a-s_scalbn.o)
                              c:/program files (x86)/gnu tools arm embedded/4.8 2014q2/bin/../lib/gcc/arm-none-eabi/4.8.4/../../../../arm-none-eabi/lib/armv7e-m/fpu\libm.a(lib_a-e_pow.o) (scalbn)
[...]
Memory Configuration

Name             Origin             Length             Attributes
rom              0x08000000         0x00100000         xr
ram              0x20000000         0x00020000         xrw
ram1             0x10000000         0x00010000         xrw
*default*        0x00000000         0xffffffff

Linker script and memory map

                0x20020000                _eram = 0x20020000

.text           0x08000000    0x12094
 *(.isr_vector)
 .isr_vector    0x08000000      0x188 ..\obj\startup_stm32f4xx.o
                0x08000000                g_pfnVectors
 *(.text*)
 .text._sl_BuildAddress
                0x08000188       0x50 ..\obj\socket.o
                0x08000188                _sl_BuildAddress
 .text._sl_TruncatePayloadByProtocol
                0x080001d8       0x40 ..\obj\socket.o
                0x080001d8                _sl_TruncatePayloadByProtocol
 .text.sl_Close
                0x08000218       0x3c ..\obj\socket.o
                0x08000218                sl_Close
 .text.sl_SendTo
                0x08000254      0x114 ..\obj\socket.o
                0x08000254                sl_SendTo
 .text.sl_RecvFrom
                0x08000368      0x10c ..\obj\socket.o
                0x08000368                sl_RecvFrom
 .text._sl_HandleAsync_Connect
                0x08000474       0x94 ..\obj\socket.o
                0x08000474                _sl_HandleAsync_Connect
 .text.sl_Send  0x08000508      0x104 ..\obj\socket.o
                0x08000508                sl_Send
 .text._sl_HandleAsync_Accept
                0x0800060c       0x78 ..\obj\socket.o
                0x0800060c                _sl_HandleAsync_Accept
 .text._sl_HandleAsync_Select
                0x08000684       0x68 ..\obj\socket.o
                0x08000684                _sl_HandleAsync_Select
 .text.sl_Recv  0x080006ec       0x78 ..\obj\socket.o
                0x080006ec                sl_Recv
 .text.sl_Select
                0x08000764      0x144 ..\obj\socket.o
                0x08000764                sl_Select
 .text.SL_FD_SET
                0x080008a8       0x2c ..\obj\socket.o
                0x080008a8                SL_FD_SET
 .text.SL_FD_ISSET
                0x080008d4       0x38 ..\obj\socket.o
                0x080008d4                SL_FD_ISSET
 .text.SL_FD_ZERO
                0x0800090c       0x18 ..\obj\socket.o
                0x0800090c                SL_FD_ZERO
 .text.dw1000_readUInt32
                0x08000924       0x2c ..\obj\dw1000_io.o
                0x08000924                dw1000_readUInt32
 .text.dw1000_readUInt16
                0x08000950       0x2c ..\obj\dw1000_io.o
                0x08000950                dw1000_readUInt16
 .text.dw1000_readUInt8
                0x0800097c       0x30 ..\obj\dw1000_io.o
                0x0800097c                dw1000_readUInt8
 .text.dw1000_writeUInt32
                0x080009ac       0x24 ..\obj\dw1000_io.o
                0x080009ac                dw1000_writeUInt32
 .text.dw1000_writeUInt16
                0x080009d0       0x28 ..\obj\dw1000_io.o
                0x080009d0                dw1000_writeUInt16
 .text.dw1000_writeUInt8
                0x080009f8       0x28 ..\obj\dw1000_io.o
                0x080009f8                dw1000_writeUInt8
 .text.dw1000_read
                0x08000a20       0xcc ..\obj\dw1000_io.o
                0x08000a20                dw1000_read
 .text.dw1000_write
                0x08000aec       0xa8 ..\obj\dw1000_io.o
                0x08000aec                dw1000_write
 .text.dw1000_writeTwoBuffers
                0x08000b94       0x80 ..\obj\dw1000_io.o
                0x08000b94                dw1000_writeTwoBuffers
 .text.dw1000_writeByteArrayToTxBuffer
                0x08000c14       0xac ..\obj\dw1000_io.o
                0x08000c14                dw1000_writeByteArrayToTxBuffer
 .text.dw1000_writeByteArrayAndHeaderToTxBuffer
                0x08000cc0       0xa0 ..\obj\dw1000_io.o
                0x08000cc0                dw1000_writeByteArrayAndHeaderToTxBuffer
 .text.dw1000_getRxTxBufferLen
                0x08000d60       0x68 ..\obj\dw1000_io.o
                0x08000d60                dw1000_getRxTxBufferLen
 .text._sl_HandleAsync_DnsGetHostByService
                0x08000dc8       0xd4 ..\obj\netapp.o
                0x08000dc8                _sl_HandleAsync_DnsGetHostByService
 .text._sl_HandleAsync_DnsGetHostByName
                0x08000e9c       0xb4 ..\obj\netapp.o
                0x08000e9c                _sl_HandleAsync_DnsGetHostByName
 .text.CopyPingResultsToReport
                0x08000f50       0x44 ..\obj\netapp.o
                0x08000f50                CopyPingResultsToReport
 .text._sl_HandleAsync_PingResponse
                0x08000f94       0xb0 ..\obj\netapp.o
                0x08000f94                _sl_HandleAsync_PingResponse
 .text._sl_NetAppSendTokenValue
                0x08001044       0x7c ..\obj\netapp.o
                0x08001044                _sl_NetAppSendTokenValue
 .text._SlDrvNetAppEventHandler
                0x080010c0      0x128 ..\obj\netapp.o
                0x080010c0                _SlDrvNetAppEventHandler
 .text.OsSchedUnlock
                0x080011e8       0x4c ..\obj\core.o
                0x080011e8                OsSchedUnlock
 .text.MQTT_SysTickHandler
                0x08001234       0x1c ..\obj\MQTT.o
                0x08001234                MQTT_SysTickHandler
 .text.NMI_Handler
                0x08001250        0x8 ..\obj\interrupts.o
                0x08001250                NMI_Handler
 .text.HardFault_Handler
                0x08001258       0x20 ..\obj\interrupts.o
                0x08001258                HardFault_Handler
 .text.MemManage_Handler
                0x08001278        0x8 ..\obj\interrupts.o
                0x08001278                MemManage_Handler
 .text.BusFault_Handler
                0x08001280        0x8 ..\obj\interrupts.o
                0x08001280                BusFault_Handler
 .text.UsageFault_Handler
                0x08001288        0x8 ..\obj\interrupts.o
                0x08001288                UsageFault_Handler
 .text.SVC_Handler
                0x08001290        0x8 ..\obj\interrupts.o
                0x08001290                SVC_Handler
 .text.DebugMon_Handler
                0x08001298        0x8 ..\obj\interrupts.o
                0x08001298                DebugMon_Handler
 .text.SysTick_Handler
                0x080012a0       0xe8 ..\obj\interrupts.o
                0x080012a0                SysTick_Handler
 .text.WWDG_IRQHandler
                0x08001388       0x30 ..\obj\interrupts.o
                0x08001388                WWDG_IRQHandler
 .text.EXTI0_IRQHandler
                0x080013b8       0x24 ..\obj\interrupts.o
                0x080013b8                EXTI0_IRQHandler
 .text.EXTI1_IRQHandler
                0x080013dc       0x24 ..\obj\interrupts.o
                0x080013dc                EXTI1_IRQHandler
 .text.EXTI2_IRQHandler
                0x08001400       0x20 ..\obj\interrupts.o
                0x08001400                EXTI2_IRQHandler
 .text.EXTI3_IRQHandler
                0x08001420       0x20 ..\obj\interrupts.o
                0x08001420                EXTI3_IRQHandler
 .text.EXTI4_IRQHandler
                0x08001440       0x20 ..\obj\interrupts.o
                0x08001440                EXTI4_IRQHandler
 .text.EXTI9_5_IRQHandler
                0x08001460      0x128 ..\obj\interrupts.o
                0x08001460                EXTI9_5_IRQHandler
 .text.EXTI15_10_IRQHandler
                0x08001588       0xbc ..\obj\interrupts.o
                0x08001588                EXTI15_10_IRQHandler
 .text.RTC_Alarm_IRQHandler
                0x08001644       0x9c ..\obj\interrupts.o
                0x08001644                RTC_Alarm_IRQHandler
 .text.ADC_IRQHandler
                0x080016e0       0x40 ..\obj\interrupts.o
                0x080016e0                ADC_IRQHandler
 .text.USART2_IRQHandler
                0x08001720       0x74 ..\obj\interrupts.o
                0x08001720                USART2_IRQHandler
 .text.UART5_IRQHandler
                0x08001794       0x30 ..\obj\interrupts.o
                0x08001794                UART5_IRQHandler
 .text.USART6_IRQHandler
                0x080017c4        0xc ..\obj\interrupts.o
                0x080017c4                USART6_IRQHandler
 .text.DMA2_Stream6_IRQHandler
                0x080017d0        0xc ..\obj\interrupts.o
                0x080017d0                DMA2_Stream6_IRQHandler
 .text.RTC_WKUP_IRQHandler
                0x080017dc       0x24 ..\obj\interrupts.o
                0x080017dc                RTC_WKUP_IRQHandler
 .text.TIM5_IRQHandler
                0x08001800       0x24 ..\obj\interrupts.o
                0x08001800                TIM5_IRQHandler
 .text.TIM7_IRQHandler
                0x08001824        0xc ..\obj\interrupts.o
                0x08001824                TIM7_IRQHandler
 .text.DMA2_Stream2_IRQHandler
                0x08001830       0x24 ..\obj\interrupts.o
                0x08001830                DMA2_Stream2_IRQHandler
 .text.DMA2_Stream3_IRQHandler
                0x08001854       0x24 ..\obj\interrupts.o
                0x08001854                DMA2_Stream3_IRQHandler
 .text.TIM6_DAC_IRQHandler
                0x08001878       0x24 ..\obj\interrupts.o
                0x08001878                TIM6_DAC_IRQHandler
 .text.hard_fault_handler_c
                0x0800189c      0x294 ..\obj\interrupts.o
                0x0800189c                hard_fault_handler_c
 .text.InsertTmrList
                0x08001b30      0x1d0 ..\obj\timer.o
 .text.RemoveTmrList
                0x08001d00       0xd4 ..\obj\timer.o
 .text.TmrDispose
                0x08001dd4       0x78 ..\obj\timer.o
                0x08001dd4                TmrDispose
 .text.isr_TmrDispose
                0x08001e4c       0x30 ..\obj\timer.o
                0x08001e4c                isr_TmrDispose
 .text._SlDrvProtectAsyncRespSetting
                0x08001e7c       0x54 ..\obj\driver.o
                0x08001e7c                _SlDrvProtectAsyncRespSetting
 .text._SlDrvCmdOp
                0x08001ed0       0x88 ..\obj\driver.o
                0x08001ed0                _SlDrvCmdOp
 .text._SlDrvDataReadOp
                0x08001f58      0x148 ..\obj\driver.o
                0x08001f58                _SlDrvDataReadOp
 .text._SlDrvDataWriteOp
                0x080020a0      0x134 ..\obj\driver.o
                0x080020a0                _SlDrvDataWriteOp
 .text._SlDrvMsgWrite
                0x080021d4      0x218 ..\obj\driver.o
                0x080021d4                _SlDrvMsgWrite
 .text._SlDrvMsgRead
                0x080023ec      0x6d0 ..\obj\driver.o
                0x080023ec                _SlDrvMsgRead
 .text._SlAsyncEventGenericHandler
                0x08002abc       0xa8 ..\obj\driver.o
                0x08002abc                _SlAsyncEventGenericHandler
 .text._SlDrvMsgReadCmdCtx
                0x08002b64       0xe0 ..\obj\driver.o
                0x08002b64                _SlDrvMsgReadCmdCtx
 .text._SlDrvMsgReadSpawnCtx
                0x08002c44       0xb0 ..\obj\driver.o
                0x08002c44                _SlDrvMsgReadSpawnCtx
 .text._SlDrvClassifyRxMsg
                0x08002cf4       0xc8 ..\obj\driver.o
                0x08002cf4                _SlDrvClassifyRxMsg
 .text._SlDrvRxHdrRead
                0x08002dbc      0x298 ..\obj\driver.o
                0x08002dbc                _SlDrvRxHdrRead
 .text._SlDrvCmdSend
                0x08003054       0x78 ..\obj\driver.o
                0x08003054                _SlDrvCmdSend
 .text._SlDrvWaitForPoolObj
                0x080030cc      0x1a4 ..\obj\driver.o
                0x080030cc                _SlDrvWaitForPoolObj
 .text._SlDrvReleasePoolObj
                0x08003270      0x204 ..\obj\driver.o
                0x08003270                _SlDrvReleasePoolObj
 .text._SlRemoveFromList
                0x08003474       0xcc ..\obj\driver.o
                0x08003474                _SlRemoveFromList
 .text._SlFindAndSetActiveObj
                0x08003540      0x16c ..\obj\driver.o
                0x08003540                _SlFindAndSetActiveObj
 .text._SlDrvSyncObjWaitForever
                0x080036ac       0x28 ..\obj\driver.o
                0x080036ac                _SlDrvSyncObjWaitForever
 .text._SlDrvSyncObjSignal
                0x080036d4       0x24 ..\obj\driver.o
                0x080036d4                _SlDrvSyncObjSignal
 .text._SlDrvObjLockWaitForever
                0x080036f8       0x28 ..\obj\driver.o
                0x080036f8                _SlDrvObjLockWaitForever
 .text._SlDrvProtectionObjLockWaitForever
                0x08003720       0x34 ..\obj\driver.o
                0x08003720                _SlDrvProtectionObjLockWaitForever
 .text._SlDrvObjUnLock
                0x08003754       0x24 ..\obj\driver.o
                0x08003754                _SlDrvObjUnLock
 .text._SlDrvProtectionObjUnLock
                0x08003778       0x30 ..\obj\driver.o
                0x08003778                _SlDrvProtectionObjUnLock
 .text._SlDrvMemZero
                0x080037a8       0x20 ..\obj\driver.o
                0x080037a8                _SlDrvMemZero
 .text._SlDrvResetCmdExt
                0x080037c8       0x18 ..\obj\driver.o
                0x080037c8                _SlDrvResetCmdExt
 .text.USART_Init
                0x080037e0      0x174 ..\obj\stm32f4xx_usart.o
                0x080037e0                USART_Init
 .text.USART_Cmd
                0x08003954       0x40 ..\obj\stm32f4xx_usart.o
                0x08003954                USART_Cmd
 .text.USART_SendData
                0x08003994       0x24 ..\obj\stm32f4xx_usart.o
                0x08003994                USART_SendData
 .text.USART_ReceiveData
                0x080039b8       0x20 ..\obj\stm32f4xx_usart.o
                0x080039b8                USART_ReceiveData
 .text.USART_ITConfig
                0x080039d8       0x90 ..\obj\stm32f4xx_usart.o
                0x080039d8                USART_ITConfig
 .text.USART_GetFlagStatus
                0x08003a68       0x38 ..\obj\stm32f4xx_usart.o
                0x08003a68                USART_GetFlagStatus
 .text.USART_GetITStatus
                0x08003aa0       0xb0 ..\obj\stm32f4xx_usart.o
                0x08003aa0                USART_GetITStatus
 .text.USART_ClearITPendingBit
                0x08003b50       0x38 ..\obj\stm32f4xx_usart.o
                0x08003b50                USART_ClearITPendingBit
 .text.dw1000_handleInterrupt
                0x08003b88      0x1bc ..\obj\dw1000_driver.o
                0x08003b88                dw1000_handleInterrupt
 .text.dw1000_idle
                0x08003d44       0xd0 ..\obj\dw1000_driver.o
                0x08003d44                dw1000_idle
 .text.dw1000_startReceive
                0x08003e14       0x7c ..\obj\dw1000_driver.o
                0x08003e14                dw1000_startReceive
 .text.dw1000_initializeTransmit
                0x08003e90       0x24 ..\obj\dw1000_driver.o
                0x08003e90                dw1000_initializeTransmit
 .text.dw1000_startTransmit
                0x08003eb4      0x12c ..\obj\dw1000_driver.o
                0x08003eb4                dw1000_startTransmit
 .text.dw1000_resetRx
                0x08003fe0       0x40 ..\obj\dw1000_driver.o
                0x08003fe0                dw1000_resetRx
 .text.dw1000_getTransmitTimestamp
                0x08004020       0x9c ..\obj\dw1000_driver.o
                0x08004020                dw1000_getTransmitTimestamp
 .text.dw1000_getReceiveTimestamp
                0x080040bc       0x9c ..\obj\dw1000_driver.o
                0x080040bc                dw1000_getReceiveTimestamp
 .text.dw1000_getReceivePower
                0x08004158      0x130 ..\obj\dw1000_driver.o
                0x08004158                dw1000_getReceivePower
 .text.dw1000_getTemperature
                0x08004288       0xf8 ..\obj\dw1000_driver.o
                0x08004288                dw1000_getTemperature
 .text.CC3100_closeSocket
                0x08004380       0xb0 ..\obj\CC3100.o
                0x08004380                CC3100_closeSocket
 .text.CC3100_select
                0x08004430      0x398 ..\obj\CC3100.o
                0x08004430                CC3100_select
 .text.WWDG_DeInit
                0x080047c8       0x1c ..\obj\stm32f4xx_wwdg.o
                0x080047c8                WWDG_DeInit
 .text.WWDG_SetCounter
                0x080047e4       0x24 ..\obj\stm32f4xx_wwdg.o
                0x080047e4                WWDG_SetCounter
 .text.WWDG_ClearFlag
                0x08004808       0x18 ..\obj\stm32f4xx_wwdg.o
                0x08004808                WWDG_ClearFlag
 .text.InsertToTCBRdyList
                0x08004820      0x100 ..\obj\task.o
                0x08004820                InsertToTCBRdyList
 .text.RemoveFromTCBRdyList
                0x08004920       0x88 ..\obj\task.o
                0x08004920                RemoveFromTCBRdyList
 .text.Schedule
                0x080049a8      0x140 ..\obj\task.o
                0x080049a8                Schedule
 .text.disk_timerproc
                0x08004ae8       0x68 ..\obj\diskio.o
                0x08004ae8                disk_timerproc
 .text.Default_Reset_Handler
                0x08004b50       0x6c ..\obj\startup_stm32f4xx.o
                0x08004b50                Default_Reset_Handler
                0x08004b50                Reset_Handler
 .text.Default_Handler
                0x08004bbc        0x8 ..\obj\startup_stm32f4xx.o
                0x08004bbc                HASH_RNG_IRQHandler
                0x08004bbc                TIM8_CC_IRQHandler
                0x08004bbc                TIM1_CC_IRQHandler
                0x08004bbc                DMA2_Stream5_IRQHandler
                0x08004bbc                DMA1_Stream5_IRQHandler
                0x08004bbc                PVD_IRQHandler
                0x08004bbc                SDIO_IRQHandler
                0x08004bbc                TAMP_STAMP_IRQHandler
                0x08004bbc                CAN2_RX1_IRQHandler
                0x08004bbc                TIM8_TRG_COM_TIM14_IRQHandler
                0x08004bbc                TIM1_UP_TIM10_IRQHandler
                0x08004bbc                TIM8_UP_TIM13_IRQHandler
                0x08004bbc                I2C3_ER_IRQHandler
                0x08004bbc                I2C2_EV_IRQHandler
                0x08004bbc                DMA1_Stream2_IRQHandler
                0x08004bbc                CAN1_RX0_IRQHandler
                0x08004bbc                FPU_IRQHandler
                0x08004bbc                OTG_HS_WKUP_IRQHandler
                0x08004bbc                CAN2_SCE_IRQHandler
                0x08004bbc                SPI1_IRQHandler
                0x08004bbc                TIM1_BRK_TIM9_IRQHandler
                0x08004bbc                DCMI_IRQHandler
                0x08004bbc                CAN2_RX0_IRQHandler
                0x08004bbc                USART3_IRQHandler
                0x08004bbc                CRYP_IRQHandler
                0x08004bbc                CAN1_RX1_IRQHandler
                0x08004bbc                DMA2_Stream0_IRQHandler
                0x08004bbc                TIM4_IRQHandler
                0x08004bbc                I2C1_EV_IRQHandler
                0x08004bbc                DMA1_Stream6_IRQHandler
                0x08004bbc                DMA1_Stream1_IRQHandler
                0x08004bbc                UART4_IRQHandler
                0x08004bbc                TIM3_IRQHandler
                0x08004bbc                RCC_IRQHandler
                0x08004bbc                TIM8_BRK_TIM12_IRQHandler
                0x08004bbc                DMA1_Stream7_IRQHandler
                0x08004bbc                CAN2_TX_IRQHandler
                0x08004bbc                DMA2_Stream7_IRQHandler
                0x08004bbc                I2C3_EV_IRQHandler
                0x08004bbc                ETH_WKUP_IRQHandler
                0x08004bbc                SPI2_IRQHandler
                0x08004bbc                OTG_HS_EP1_IN_IRQHandler
                0x08004bbc                DMA1_Stream0_IRQHandler
                0x08004bbc                CAN1_TX_IRQHandler
                0x08004bbc                FSMC_IRQHandler
                0x08004bbc                ETH_IRQHandler
                0x08004bbc                OTG_HS_EP1_OUT_IRQHandler
                0x08004bbc                TIM2_IRQHandler
                0x08004bbc                OTG_FS_WKUP_IRQHandler
                0x08004bbc                TIM1_TRG_COM_TIM11_IRQHandler
                0x08004bbc                OTG_HS_IRQHandler
                0x08004bbc                I2C2_ER_IRQHandler
                0x08004bbc                DMA2_Stream1_IRQHandler
                0x08004bbc                CAN1_SCE_IRQHandler
                0x08004bbc                FLASH_IRQHandler
                0x08004bbc                DMA2_Stream4_IRQHandler
                0x08004bbc                USART1_IRQHandler
                0x08004bbc                OTG_FS_IRQHandler
                0x08004bbc                SPI3_IRQHandler
                0x08004bbc                I2C1_ER_IRQHandler
                0x08004bbc                DMA1_Stream3_IRQHandler
 .text.RespondSRQ
                0x08004bc4      0x104 ..\obj\serviceReq.o
                0x08004bc4                RespondSRQ
 .text.init_leds
                0x08004cc8       0x40 ..\obj\aufgabe.o
                0x08004cc8                init_leds
 .text.init_usart_2_irq_rx
                0x08004d08       0xb8 ..\obj\aufgabe.o
                0x08004d08                init_usart_2_irq_rx
 .text.usart_2_print
                0x08004dc0       0x50 ..\obj\aufgabe.o
                0x08004dc0                usart_2_print
 .text.main     0x08004e10       0x18 ..\obj\main.o
                0x08004e10                main
 .text.RCC_GetClocksFreq
                0x08004e28      0x150 ..\obj\stm32f4xx_rcc.o
                0x08004e28                RCC_GetClocksFreq
 .text.RCC_AHB1PeriphClockCmd
                0x08004f78       0x3c ..\obj\stm32f4xx_rcc.o
                0x08004f78                RCC_AHB1PeriphClockCmd
 .text.RCC_APB1PeriphClockCmd
                0x08004fb4       0x3c ..\obj\stm32f4xx_rcc.o
                0x08004fb4                RCC_APB1PeriphClockCmd
 .text.RCC_APB2PeriphClockCmd
                0x08004ff0       0x3c ..\obj\stm32f4xx_rcc.o
                0x08004ff0                RCC_APB2PeriphClockCmd
 .text.RCC_APB1PeriphResetCmd
                0x0800502c       0x3c ..\obj\stm32f4xx_rcc.o
                0x0800502c                RCC_APB1PeriphResetCmd
 .text.sd_card_SysTick_Handler
                0x08005068        0xc ..\obj\SDCARD.o
                0x08005068                sd_card_SysTick_Handler
 .text.NVIC_SetPriority
                0x08005074       0x54 ..\obj\init.o
 .text.SysTick_Config
                0x080050c8       0x44 ..\obj\init.o
 .text.InitSysTick
                0x0800510c       0x28 ..\obj\init.o
                0x0800510c                InitSysTick
 .text.ADC_GetITStatus
                0x08005134       0x5c ..\obj\stm32f4xx_adc.o
                0x08005134                ADC_GetITStatus
 .text.ADC_ClearITPendingBit
                0x08005190       0x2c ..\obj\stm32f4xx_adc.o
                0x08005190                ADC_ClearITPendingBit
 .text.disableIRQ
                0x080051bc       0x10 ..\obj\dw1000_user.o
                0x080051bc                disableIRQ
 .text.enableIRQ
                0x080051cc       0x10 ..\obj\dw1000_user.o
                0x080051cc                enableIRQ
 .text.dw1000_getTickCounter
                0x080051dc       0x18 ..\obj\dw1000_user.o
                0x080051dc                dw1000_getTickCounter
 .text.dw1000_enableInterrupts
                0x080051f4       0x2c ..\obj\dw1000_user.o
                0x080051f4                dw1000_enableInterrupts
 .text.dw1000_disableInterrupts
                0x08005220       0x2c ..\obj\dw1000_user.o
                0x08005220                dw1000_disableInterrupts
 .text.dw1000_readWriteSpi
                0x0800524c       0xa0 ..\obj\dw1000_user.o
                0x0800524c                dw1000_readWriteSpi
 .text.CoPostMail
                0x080052ec       0x74 ..\obj\mbox.o
                0x080052ec                CoPostMail
 .text.Http_Get_Event
                0x08005360      0x10c ..\obj\CC3100_HttpServer.o
                0x08005360                Http_Get_Event
 .text.Http_Post_Event
                0x0800546c       0x9c ..\obj\CC3100_HttpServer.o
                0x0800546c                Http_Post_Event
 .text.spi_dma_Write
                0x08005508       0xb4 ..\obj\CC3100_Board.o
                0x08005508                spi_dma_Write
 .text.spi_dma_Read
                0x080055bc       0xb0 ..\obj\CC3100_Board.o
                0x080055bc                spi_dma_Read
 .text.DMA1_Stream4_IRQHandler
                0x0800566c       0x30 ..\obj\CC3100_Board.o
                0x0800566c                DMA1_Stream4_IRQHandler
 .text.DMA_Int_Handler
                0x0800569c       0x5c ..\obj\CC3100_Board.o
                0x0800569c                DMA_Int_Handler
 .text.WLAN_intHandler
                0x080056f8       0x1c ..\obj\CC3100_Board.o
                0x080056f8                WLAN_intHandler
 .text.CC3100_uart6_receive_IRQ
                0x08005714       0x6c ..\obj\CC3100_Board.o
                0x08005714                CC3100_uart6_receive_IRQ
 .text.RemoveDelayList
                0x08005780       0xb4 ..\obj\time.o
                0x08005780                RemoveDelayList
 .text.TimeDispose
                0x08005834       0x74 ..\obj\time.o
                0x08005834                TimeDispose
 .text.isr_TimeDispose
                0x080058a8       0x30 ..\obj\time.o
                0x080058a8                isr_TimeDispose
 .text.EventTaskToRdy
                0x080058d8      0x10c ..\obj\event.o
                0x080058d8                EventTaskToRdy
 .text.RemoveEventWaittingList
                0x080059e4       0x98 ..\obj\event.o
                0x080059e4                RemoveEventWaittingList
 .text.GPIO_Init
                0x08005a7c      0x11c ..\obj\stm32f4xx_gpio.o
                0x08005a7c                GPIO_Init
 .text.GPIO_StructInit
                0x08005b98       0x34 ..\obj\stm32f4xx_gpio.o
                0x08005b98                GPIO_StructInit
 .text.GPIO_ReadInputDataBit
                0x08005bcc       0x34 ..\obj\stm32f4xx_gpio.o
                0x08005bcc                GPIO_ReadInputDataBit
 .text.GPIO_ReadOutputDataBit
                0x08005c00       0x34 ..\obj\stm32f4xx_gpio.o
                0x08005c00                GPIO_ReadOutputDataBit
 .text.GPIO_SetBits
                0x08005c34       0x1c ..\obj\stm32f4xx_gpio.o
                0x08005c34                GPIO_SetBits
 .text.GPIO_ResetBits
                0x08005c50       0x1c ..\obj\stm32f4xx_gpio.o
                0x08005c50                GPIO_ResetBits
 .text.GPIO_ToggleBits
                0x08005c6c       0x24 ..\obj\stm32f4xx_gpio.o
                0x08005c6c                GPIO_ToggleBits
 .text.GPIO_PinAFConfig
                0x08005c90       0x8c ..\obj\stm32f4xx_gpio.o
                0x08005c90                GPIO_PinAFConfig
 .text._sl_GetStartResponseConvert
                0x08005d1c       0x28 ..\obj\device.o
                0x08005d1c                _sl_GetStartResponseConvert
 .text._sl_HandleAsync_InitComplete
                0x08005d44       0xa0 ..\obj\device.o
                0x08005d44                _sl_HandleAsync_InitComplete
 .text._sl_HandleAsync_Stop
                0x08005de4       0x68 ..\obj\device.o
                0x08005de4                _sl_HandleAsync_Stop
 .text._SlDrvDeviceEventHandler
                0x08005e4c       0x88 ..\obj\device.o
                0x08005e4c                _SlDrvDeviceEventHandler
 .text.SimpleLinkWlanEventHandler
                0x08005ed4      0x14c ..\obj\CC3100_EventHandler.o
                0x08005ed4                SimpleLinkWlanEventHandler
 .text.SimpleLinkNetAppEventHandler
                0x08006020       0x90 ..\obj\CC3100_EventHandler.o
                0x08006020                SimpleLinkNetAppEventHandler
 .text.SimpleLinkSockEventHandler
                0x080060b0       0x74 ..\obj\CC3100_EventHandler.o
                0x080060b0                SimpleLinkSockEventHandler
 .text.SimpleLinkGeneralEventHandler
                0x08006124       0x58 ..\obj\CC3100_EventHandler.o
                0x08006124                SimpleLinkGeneralEventHandler
 .text.SimpleLinkHttpServerCallback
                0x0800617c       0x68 ..\obj\CC3100_EventHandler.o
                0x0800617c                SimpleLinkHttpServerCallback
 .text.SystemInit
                0x080061e4       0x68 ..\obj\system_stm32f4xx.o
                0x080061e4                SystemInit
 .text.SetSysClock
                0x0800624c      0x128 ..\obj\system_stm32f4xx.o
 .text._sbrk    0x08006374       0x40 ..\obj\syscalls.o
                0x08006374                _sbrk
 .text.DMA_Cmd  0x080063b4       0x38 ..\obj\stm32f4xx_dma.o
                0x080063b4                DMA_Cmd
 .text.DMA_SetCurrDataCounter
                0x080063ec       0x1c ..\obj\stm32f4xx_dma.o
                0x080063ec                DMA_SetCurrDataCounter
 .text.DMA_MemoryTargetConfig
                0x08006408       0x2c ..\obj\stm32f4xx_dma.o
                0x08006408                DMA_MemoryTargetConfig
 .text.DMA_GetFlagStatus
                0x08006434       0x78 ..\obj\stm32f4xx_dma.o
                0x08006434                DMA_GetFlagStatus
 .text.DMA_ClearFlag
                0x080064ac       0x5c ..\obj\stm32f4xx_dma.o
                0x080064ac                DMA_ClearFlag
 .text.DMA_GetITStatus
                0x08006508       0xb0 ..\obj\stm32f4xx_dma.o
                0x08006508                DMA_GetITStatus
 .text.DMA_ClearITPendingBit
                0x080065b8       0x5c ..\obj\stm32f4xx_dma.o
                0x080065b8                DMA_ClearITPendingBit
 .text.CoPostQueueMail
                0x08006614       0xac ..\obj\queue.o
                0x08006614                CoPostQueueMail
 .text.IRQ_ENABLE_RESTORE
                0x080066c0       0x10 ..\obj\port.o
                0x080066c0                IRQ_ENABLE_RESTORE
 .text.IRQ_DISABLE_SAVE
                0x080066d0       0x10 ..\obj\port.o
                0x080066d0                IRQ_DISABLE_SAVE
 .text.SwitchContext
                0x080066e0       0x14 ..\obj\port.o
                0x080066e0                SwitchContext
 .text.PendSV_Handler
                0x080066f4       0x3c ..\obj\port.o
                0x080066f4                PendSV_Handler
 .text.CoSetFlag
                0x08006730       0xf4 ..\obj\flag.o
                0x08006730                CoSetFlag
 .text.RemoveFromLink
                0x08006824       0x54 ..\obj\flag.o
 .text.RemoveLinkNode
                0x08006878       0x84 ..\obj\flag.o
                0x08006878                RemoveLinkNode
 .text.TASTER1_IRQ
                0x080068fc       0x14 ..\obj\taster.o
                0x080068fc                TASTER1_IRQ
 .text.TASTER2_IRQ
                0x08006910       0x14 ..\obj\taster.o
                0x08006910                TASTER2_IRQ
 .text.SPI_I2S_ClearFlag
                0x08006924       0x20 ..\obj\stm32f4xx_spi.o
                0x08006924                SPI_I2S_ClearFlag
 .text.CoOS_SysTick_Handler
                0x08006944       0x98 ..\obj\arch.o
                0x08006944                CoOS_SysTick_Handler
 .text.EXTI_Init
                0x080069dc       0xdc ..\obj\stm32f4xx_exti.o
                0x080069dc                EXTI_Init
 .text.EXTI_ClearFlag
                0x08006ab8       0x1c ..\obj\stm32f4xx_exti.o
                0x08006ab8                EXTI_ClearFlag
 .text.EXTI_GetITStatus
                0x08006ad4       0x48 ..\obj\stm32f4xx_exti.o
                0x08006ad4                EXTI_GetITStatus
 .text.EXTI_ClearITPendingBit
                0x08006b1c       0x1c ..\obj\stm32f4xx_exti.o
                0x08006b1c                EXTI_ClearITPendingBit
 .text.NVIC_Init
                0x08006b38       0xbc ..\obj\misc.o
                0x08006b38                NVIC_Init
 .text.init_BEEPER
                0x08006bf4       0x4c ..\obj\beeper.o
                0x08006bf4                init_BEEPER
 .text.BEEPER_IRQHandler
                0x08006c40       0x60 ..\obj\beeper.o
                0x08006c40                BEEPER_IRQHandler
 .text.uwbranging_calculateDistance
                0x08006ca0      0x1f0 ..\obj\dw1000_ranging.o
                0x08006ca0                uwbranging_calculateDistance
 .text.uwbranging_cancel
                0x08006e90       0x64 ..\obj\dw1000_ranging.o
                0x08006e90                uwbranging_cancel
 .text.dw1000_handleTransmittedPackage
                0x08006ef4      0x144 ..\obj\dw1000_ranging.o
                0x08006ef4                dw1000_handleTransmittedPackage
 .text.dw1000_handleIncomingPackage
                0x08007038      0x464 ..\obj\dw1000_ranging.o
                0x08007038                dw1000_handleIncomingPackage
 .text.uwbranging_tick
                0x0800749c       0x90 ..\obj\dw1000_ranging.o
                0x0800749c                uwbranging_tick
 .text.CoPostSem
                0x0800752c       0x8c ..\obj\sem.o
                0x0800752c                CoPostSem
 .text.RTC_GetITStatus
                0x080075b8       0x68 ..\obj\stm32f4xx_rtc.o
                0x080075b8                RTC_GetITStatus
 .text.RTC_ClearITPendingBit
                0x08007620       0x38 ..\obj\stm32f4xx_rtc.o
                0x08007620                RTC_ClearITPendingBit
 .text.CoStkOverflowHook
                0x08007658        0xc ..\obj\hook.o
                0x08007658                CoStkOverflowHook
 .text.TIM_Cmd  0x08007664       0x40 ..\obj\stm32f4xx_tim.o
                0x08007664                TIM_Cmd
 .text.TIM_ITConfig
                0x080076a4       0x48 ..\obj\stm32f4xx_tim.o
                0x080076a4                TIM_ITConfig
 .text.TIM_GetITStatus
                0x080076ec       0x54 ..\obj\stm32f4xx_tim.o
                0x080076ec                TIM_GetITStatus
 .text.TIM_ClearITPendingBit
                0x08007740       0x20 ..\obj\stm32f4xx_tim.o
                0x08007740                TIM_ClearITPendingBit
 .text._SlNonOsSemSet
                0x08007760       0x24 ..\obj\nonos.o
                0x08007760                _SlNonOsSemSet
 .text._SlNonOsSemGet
                0x08007784       0x50 ..\obj\nonos.o
                0x08007784                _SlNonOsSemGet
 .text._SlNonOsSpawn
                0x080077d4       0x5c ..\obj\nonos.o
                0x080077d4                _SlNonOsSpawn
 .text._SlNonOsMainLoopTask
                0x08007830       0x84 ..\obj\nonos.o
                0x08007830                _SlNonOsMainLoopTask
 .text.usart2_printf
                0x080078b4       0x84 ..\obj\usart.o
                0x080078b4                usart2_printf
 .text.usart2_send
                0x08007938       0x78 ..\obj\usart.o
                0x08007938                usart2_send
 .text.round    0x080079b0       0x98 c:/program files (x86)/gnu tools arm embedded/4.8 2014q2/bin/../lib/gcc/arm-none-eabi/4.8.4/../../../../arm-none-eabi/lib/armv7e-m/fpu\libm.a(lib_a-s_round.o)
                0x080079b0                round
 .text.log10    0x08007a48       0xf8 c:/program files (x86)/gnu tools arm embedded/4.8 2014q2/bin/../lib/gcc/arm-none-eabi/4.8.4/../../../../arm-none-eabi/lib/armv7e-m/fpu\libm.a(lib_a-w_log10.o)
                0x08007a48                log10
 .text.pow      0x08007b40      0x340 c:/program files (x86)/gnu tools arm embedded/4.8 2014q2/bin/../lib/gcc/arm-none-eabi/4.8.4/../../../../arm-none-eabi/lib/armv7e-m/fpu\libm.a(lib_a-w_pow.o)
                0x08007b40                pow
 .text.__ieee754_log10
                0x08007e80      0x130 c:/program files (x86)/gnu tools arm embedded/4.8 2014q2/bin/../lib/gcc/arm-none-eabi/4.8.4/../../../../arm-none-eabi/lib/armv7e-m/fpu\libm.a(lib_a-e_log10.o)
                0x08007e80                __ieee754_log10
 .text.__ieee754_pow
                0x08007fb0      0xae8 c:/program files (x86)/gnu tools arm embedded/4.8 2014q2/bin/../lib/gcc/arm-none-eabi/4.8.4/../../../../arm-none-eabi/lib/armv7e-m/fpu\libm.a(lib_a-e_pow.o)
                0x08007fb0                __ieee754_pow
 .text.__ieee754_sqrt
                0x08008a98      0x198 c:/program files (x86)/gnu tools arm embedded/4.8 2014q2/bin/../lib/gcc/arm-none-eabi/4.8.4/../../../../arm-none-eabi/lib/armv7e-m/fpu\libm.a(lib_a-e_sqrt.o)
                0x08008a98                __ieee754_sqrt
 .text.fabs     0x08008c30       0x14 c:/program files (x86)/gnu tools arm embedded/4.8 2014q2/bin/../lib/gcc/arm-none-eabi/4.8.4/../../../../arm-none-eabi/lib/armv7e-m/fpu\libm.a(lib_a-s_fabs.o)
                0x08008c30                fabs
 .text.finite   0x08008c44       0x10 c:/program files (x86)/gnu tools arm embedded/4.8 2014q2/bin/../lib/gcc/arm-none-eabi/4.8.4/../../../../arm-none-eabi/lib/armv7e-m/fpu\libm.a(lib_a-s_finite.o)
                0x08008c44                finite
 .text.__fpclassifyd
                0x08008c54       0x54 c:/program files (x86)/gnu tools arm embedded/4.8 2014q2/bin/../lib/gcc/arm-none-eabi/4.8.4/../../../../arm-none-eabi/lib/armv7e-m/fpu\libm.a(lib_a-s_fpclassify.o)
                0x08008c54                __fpclassifyd
 .text.matherr  0x08008ca8        0x4 c:/program files (x86)/gnu tools arm embedded/4.8 2014q2/bin/../lib/gcc/arm-none-eabi/4.8.4/../../../../arm-none-eabi/lib/armv7e-m/fpu\libm.a(lib_a-s_matherr.o)
                0x08008ca8                matherr
 *fill*         0x08008cac        0x4 
 .text.nan      0x08008cb0       0x10 c:/program files (x86)/gnu tools arm embedded/4.8 2014q2/bin/../lib/gcc/arm-none-eabi/4.8.4/../../../../arm-none-eabi/lib/armv7e-m/fpu\libm.a(lib_a-s_nan.o)
                0x08008cb0                nan
 .text.rint     0x08008cc0      0x120 c:/program files (x86)/gnu tools arm embedded/4.8 2014q2/bin/../lib/gcc/arm-none-eabi/4.8.4/../../../../arm-none-eabi/lib/armv7e-m/fpu\libm.a(lib_a-s_rint.o)
                0x08008cc0                rint
 .text.scalbn   0x08008de0      0x120 c:/program files (x86)/gnu tools arm embedded/4.8 2014q2/bin/../lib/gcc/arm-none-eabi/4.8.4/../../../../arm-none-eabi/lib/armv7e-m/fpu\libm.a(lib_a-s_scalbn.o)
                0x08008de0                scalbn
 .text.__ieee754_log
                0x08008f00      0x428 c:/program files (x86)/gnu tools arm embedded/4.8 2014q2/bin/../lib/gcc/arm-none-eabi/4.8.4/../../../../arm-none-eabi/lib/armv7e-m/fpu\libm.a(lib_a-e_log.o)
                0x08008f00                __ieee754_log
 .text.copysign
                0x08009328       0x24 c:/program files (x86)/gnu tools arm embedded/4.8 2014q2/bin/../lib/gcc/arm-none-eabi/4.8.4/../../../../arm-none-eabi/lib/armv7e-m/fpu\libm.a(lib_a-s_copysign.o)
                0x08009328                copysign
 .text          0x0800934c      0x370 c:/program files (x86)/gnu tools arm embedded/4.8 2014q2/bin/../lib/gcc/arm-none-eabi/4.8.4/armv7e-m/fpu\libgcc.a(_arm_addsubdf3.o)
                0x0800934c                __aeabi_drsub
                0x08009354                __aeabi_dsub
                0x08009354                __subdf3
                0x08009358                __aeabi_dadd
                0x08009358                __adddf3
                0x080095d0                __floatunsidf
                0x080095d0                __aeabi_ui2d
                0x080095f0                __floatsidf
                0x080095f0                __aeabi_i2d
                0x08009614                __aeabi_f2d
                0x08009614                __extendsfdf2
                0x08009650                __floatundidf
                0x08009650                __aeabi_ul2d
                0x08009660                __floatdidf
                0x08009660                __aeabi_l2d
 .text          0x080096bc      0x424 c:/program files (x86)/gnu tools arm embedded/4.8 2014q2/bin/../lib/gcc/arm-none-eabi/4.8.4/armv7e-m/fpu\libgcc.a(_arm_muldivdf3.o)
                0x080096bc                __aeabi_dmul
                0x080096bc                __muldf3
                0x08009910                __divdf3
                0x08009910                __aeabi_ddiv
 .text          0x08009ae0      0x110 c:/program files (x86)/gnu tools arm embedded/4.8 2014q2/bin/../lib/gcc/arm-none-eabi/4.8.4/armv7e-m/fpu\libgcc.a(_arm_cmpdf2.o)
                0x08009ae0                __gtdf2
                0x08009ae0                __gedf2
                0x08009ae8                __ltdf2
                0x08009ae8                __ledf2
                0x08009af0                __nedf2
                0x08009af0                __eqdf2
                0x08009af0                __cmpdf2
                0x08009b6c                __aeabi_cdrcmple
                0x08009b7c                __aeabi_cdcmpeq
                0x08009b7c                __aeabi_cdcmple
                0x08009b8c                __aeabi_dcmpeq
                0x08009ba0                __aeabi_dcmplt
                0x08009bb4                __aeabi_dcmple
                0x08009bc8                __aeabi_dcmpge
                0x08009bdc                __aeabi_dcmpgt
 .text          0x08009bf0       0x50 c:/program files (x86)/gnu tools arm embedded/4.8 2014q2/bin/../lib/gcc/arm-none-eabi/4.8.4/armv7e-m/fpu\libgcc.a(_arm_fixdfsi.o)
                0x08009bf0                __aeabi_d2iz
                0x08009bf0                __fixdfsi
 .text          0x08009c40       0xa0 c:/program files (x86)/gnu tools arm embedded/4.8 2014q2/bin/../lib/gcc/arm-none-eabi/4.8.4/armv7e-m/fpu\libgcc.a(_arm_truncdfsf2.o)
                0x08009c40                __truncdfsf2
                0x08009c40                __aeabi_d2f
 .text          0x08009ce0      0x21c c:/program files (x86)/gnu tools arm embedded/4.8 2014q2/bin/../lib/gcc/arm-none-eabi/4.8.4/armv7e-m/fpu\libgcc.a(_arm_addsubsf3.o)
                0x08009ce0                __aeabi_frsub
                0x08009ce8                __subsf3
                0x08009ce8                __aeabi_fsub
                0x08009cec                __aeabi_fadd
                0x08009cec                __addsf3
                0x08009e4c                __aeabi_ui2f
                0x08009e4c                __floatunsisf
                0x08009e54                __aeabi_i2f
                0x08009e54                __floatsisf
                0x08009e70                __aeabi_ul2f
                0x08009e70                __floatundisf
                0x08009e80                __aeabi_l2f
                0x08009e80                __floatdisf
 .text.__errno  0x08009efc        0xc c:/program files (x86)/gnu tools arm embedded/4.8 2014q2/bin/../lib/gcc/arm-none-eabi/4.8.4/../../../../arm-none-eabi/lib/armv7e-m/fpu\libg.a(lib_a-errno.o)
                0x08009efc                __errno
 .text          0x08009f08      0x134 c:/program files (x86)/gnu tools arm embedded/4.8 2014q2/bin/../lib/gcc/arm-none-eabi/4.8.4/../../../../arm-none-eabi/lib/armv7e-m/fpu\libg.a(lib_a-memcpy.o)
                0x08009f08                memcpy
 .text.memset   0x0800a03c       0x94 c:/program files (x86)/gnu tools arm embedded/4.8 2014q2/bin/../lib/gcc/arm-none-eabi/4.8.4/../../../../arm-none-eabi/lib/armv7e-m/fpu\libg.a(lib_a-memset.o)
                0x0800a03c                memset
 .text.sprintf  0x0800a0d0       0x4c c:/program files (x86)/gnu tools arm embedded/4.8 2014q2/bin/../lib/gcc/arm-none-eabi/4.8.4/../../../../arm-none-eabi/lib/armv7e-m/fpu\libg.a(lib_a-sprintf.o)
                0x0800a0d0                sprintf
 .text.strcpy   0x0800a11c       0xbc c:/program files (x86)/gnu tools arm embedded/4.8 2014q2/bin/../lib/gcc/arm-none-eabi/4.8.4/../../../../arm-none-eabi/lib/armv7e-m/fpu\libg.a(lib_a-strcpy.o)
                0x0800a11c                strcpy
 .text.strlen   0x0800a1d8       0x60 c:/program files (x86)/gnu tools arm embedded/4.8 2014q2/bin/../lib/gcc/arm-none-eabi/4.8.4/../../../../arm-none-eabi/lib/armv7e-m/fpu\libg.a(lib_a-strlen.o)
                0x0800a1d8                strlen
 .text.strncmp  0x0800a238       0xb4 c:/program files (x86)/gnu tools arm embedded/4.8 2014q2/bin/../lib/gcc/arm-none-eabi/4.8.4/../../../../arm-none-eabi/lib/armv7e-m/fpu\libg.a(lib_a-strncmp.o)
                0x0800a238                strncmp
 *fill*         0x0800a2ec        0x4 
 .text._svfprintf_r
                0x0800a2f0     0x14f0 c:/program files (x86)/gnu tools arm embedded/4.8 2014q2/bin/../lib/gcc/arm-none-eabi/4.8.4/../../../../arm-none-eabi/lib/armv7e-m/fpu\libg.a(lib_a-svfprintf.o)
                0x0800a2f0                _svfprintf_r
 .text._vsnprintf_r
                0x0800b7e0       0x54 c:/program files (x86)/gnu tools arm embedded/4.8 2014q2/bin/../lib/gcc/arm-none-eabi/4.8.4/../../../../arm-none-eabi/lib/armv7e-m/fpu\libg.a(lib_a-vsnprintf.o)
                0x0800b7e0                _vsnprintf_r
 .text.vsnprintf
                0x0800b834       0x20 c:/program files (x86)/gnu tools arm embedded/4.8 2014q2/bin/../lib/gcc/arm-none-eabi/4.8.4/../../../../arm-none-eabi/lib/armv7e-m/fpu\libg.a(lib_a-vsnprintf.o)
                0x0800b834                vsnprintf
 .text.quorem   0x0800b854      0x130 c:/program files (x86)/gnu tools arm embedded/4.8 2014q2/bin/../lib/gcc/arm-none-eabi/4.8.4/../../../../arm-none-eabi/lib/armv7e-m/fpu\libg.a(lib_a-dtoa.o)
 *fill*         0x0800b984        0x4 
 .text._dtoa_r  0x0800b988      0xe58 c:/program files (x86)/gnu tools arm embedded/4.8 2014q2/bin/../lib/gcc/arm-none-eabi/4.8.4/../../../../arm-none-eabi/lib/armv7e-m/fpu\libg.a(lib_a-dtoa.o)
                0x0800b988                _dtoa_r
 .text._malloc_trim_r
                0x0800c7e0       0x9c c:/program files (x86)/gnu tools arm embedded/4.8 2014q2/bin/../lib/gcc/arm-none-eabi/4.8.4/../../../../arm-none-eabi/lib/armv7e-m/fpu\libg.a(lib_a-freer.o)
                0x0800c7e0                _malloc_trim_r
 .text._free_r  0x0800c87c      0x19c c:/program files (x86)/gnu tools arm embedded/4.8 2014q2/bin/../lib/gcc/arm-none-eabi/4.8.4/../../../../arm-none-eabi/lib/armv7e-m/fpu\libg.a(lib_a-freer.o)
                0x0800c87c                _free_r
 .text._localeconv_r
                0x0800ca18        0x8 c:/program files (x86)/gnu tools arm embedded/4.8 2014q2/bin/../lib/gcc/arm-none-eabi/4.8.4/../../../../arm-none-eabi/lib/armv7e-m/fpu\libg.a(lib_a-locale.o)
                0x0800ca18                _localeconv_r
 .text._malloc_r
                0x0800ca20      0x538 c:/program files (x86)/gnu tools arm embedded/4.8 2014q2/bin/../lib/gcc/arm-none-eabi/4.8.4/../../../../arm-none-eabi/lib/armv7e-m/fpu\libg.a(lib_a-mallocr.o)
                0x0800ca20                _malloc_r
 .text.memchr   0x0800cf58       0x90 c:/program files (x86)/gnu tools arm embedded/4.8 2014q2/bin/../lib/gcc/arm-none-eabi/4.8.4/../../../../arm-none-eabi/lib/armv7e-m/fpu\libg.a(lib_a-memchr-stub.o)
                0x0800cf58                memchr
 .text.memmove  0x0800cfe8       0xc0 c:/program files (x86)/gnu tools arm embedded/4.8 2014q2/bin/../lib/gcc/arm-none-eabi/4.8.4/../../../../arm-none-eabi/lib/armv7e-m/fpu\libg.a(lib_a-memmove.o)
                0x0800cfe8                memmove
 .text.__malloc_lock
                0x0800d0a8        0x4 c:/program files (x86)/gnu tools arm embedded/4.8 2014q2/bin/../lib/gcc/arm-none-eabi/4.8.4/../../../../arm-none-eabi/lib/armv7e-m/fpu\libg.a(lib_a-mlock.o)
                0x0800d0a8                __malloc_lock
 .text.__malloc_unlock
                0x0800d0ac        0x4 c:/program files (x86)/gnu tools arm embedded/4.8 2014q2/bin/../lib/gcc/arm-none-eabi/4.8.4/../../../../arm-none-eabi/lib/armv7e-m/fpu\libg.a(lib_a-mlock.o)
                0x0800d0ac                __malloc_unlock
 .text._Balloc  0x0800d0b0       0x4c c:/program files (x86)/gnu tools arm embedded/4.8 2014q2/bin/../lib/gcc/arm-none-eabi/4.8.4/../../../../arm-none-eabi/lib/armv7e-m/fpu\libg.a(lib_a-mprec.o)
                0x0800d0b0                _Balloc
 .text._Bfree   0x0800d0fc       0x14 c:/program files (x86)/gnu tools arm embedded/4.8 2014q2/bin/../lib/gcc/arm-none-eabi/4.8.4/../../../../arm-none-eabi/lib/armv7e-m/fpu\libg.a(lib_a-mprec.o)
                0x0800d0fc                _Bfree
 .text.__multadd
                0x0800d110       0x98 c:/program files (x86)/gnu tools arm embedded/4.8 2014q2/bin/../lib/gcc/arm-none-eabi/4.8.4/../../../../arm-none-eabi/lib/armv7e-m/fpu\libg.a(lib_a-mprec.o)
                0x0800d110                __multadd
 .text.__hi0bits
                0x0800d1a8       0x40 c:/program files (x86)/gnu tools arm embedded/4.8 2014q2/bin/../lib/gcc/arm-none-eabi/4.8.4/../../../../arm-none-eabi/lib/armv7e-m/fpu\libg.a(lib_a-mprec.o)
                0x0800d1a8                __hi0bits
 .text.__lo0bits
                0x0800d1e8       0x5c c:/program files (x86)/gnu tools arm embedded/4.8 2014q2/bin/../lib/gcc/arm-none-eabi/4.8.4/../../../../arm-none-eabi/lib/armv7e-m/fpu\libg.a(lib_a-mprec.o)
                0x0800d1e8                __lo0bits
 .text.__i2b    0x0800d244       0x14 c:/program files (x86)/gnu tools arm embedded/4.8 2014q2/bin/../lib/gcc/arm-none-eabi/4.8.4/../../../../arm-none-eabi/lib/armv7e-m/fpu\libg.a(lib_a-mprec.o)
                0x0800d244                __i2b
 .text.__multiply
                0x0800d258      0x13c c:/program files (x86)/gnu tools arm embedded/4.8 2014q2/bin/../lib/gcc/arm-none-eabi/4.8.4/../../../../arm-none-eabi/lib/armv7e-m/fpu\libg.a(lib_a-mprec.o)
                0x0800d258                __multiply
 .text.__pow5mult
                0x0800d394       0x9c c:/program files (x86)/gnu tools arm embedded/4.8 2014q2/bin/../lib/gcc/arm-none-eabi/4.8.4/../../../../arm-none-eabi/lib/armv7e-m/fpu\libg.a(lib_a-mprec.o)
                0x0800d394                __pow5mult
 .text.__lshift
                0x0800d430       0xbc c:/program files (x86)/gnu tools arm embedded/4.8 2014q2/bin/../lib/gcc/arm-none-eabi/4.8.4/../../../../arm-none-eabi/lib/armv7e-m/fpu\libg.a(lib_a-mprec.o)
                0x0800d430                __lshift
 .text.__mcmp   0x0800d4ec       0x48 c:/program files (x86)/gnu tools arm embedded/4.8 2014q2/bin/../lib/gcc/arm-none-eabi/4.8.4/../../../../arm-none-eabi/lib/armv7e-m/fpu\libg.a(lib_a-mprec.o)
                0x0800d4ec                __mcmp
 .text.__mdiff  0x0800d534       0xd4 c:/program files (x86)/gnu tools arm embedded/4.8 2014q2/bin/../lib/gcc/arm-none-eabi/4.8.4/../../../../arm-none-eabi/lib/armv7e-m/fpu\libg.a(lib_a-mprec.o)
                0x0800d534                __mdiff
 .text.__d2b    0x0800d608       0xb4 c:/program files (x86)/gnu tools arm embedded/4.8 2014q2/bin/../lib/gcc/arm-none-eabi/4.8.4/../../../../arm-none-eabi/lib/armv7e-m/fpu\libg.a(lib_a-mprec.o)
                0x0800d608                __d2b
 .text._realloc_r
                0x0800d6bc      0x3cc c:/program files (x86)/gnu tools arm embedded/4.8 2014q2/bin/../lib/gcc/arm-none-eabi/4.8.4/../../../../arm-none-eabi/lib/armv7e-m/fpu\libg.a(lib_a-reallocr.o)
                0x0800d6bc                _realloc_r
 .text._sbrk_r  0x0800da88       0x24 c:/program files (x86)/gnu tools arm embedded/4.8 2014q2/bin/../lib/gcc/arm-none-eabi/4.8.4/../../../../arm-none-eabi/lib/armv7e-m/fpu\libg.a(lib_a-sbrkr.o)
                0x0800da88                _sbrk_r
 .text.__ssprint_r
                0x0800daac      0x100 c:/program files (x86)/gnu tools arm embedded/4.8 2014q2/bin/../lib/gcc/arm-none-eabi/4.8.4/../../../../arm-none-eabi/lib/armv7e-m/fpu\libg.a(lib_a-svfiprintf.o)
                0x0800daac                __ssprint_r
 .text._calloc_r
                0x0800dbac       0x60 c:/program files (x86)/gnu tools arm embedded/4.8 2014q2/bin/../lib/gcc/arm-none-eabi/4.8.4/../../../../arm-none-eabi/lib/armv7e-m/fpu\libg.a(lib_a-callocr.o)
                0x0800dbac                _calloc_r
 .text          0x0800dc0c       0x2c c:/program files (x86)/gnu tools arm embedded/4.8 2014q2/bin/../lib/gcc/arm-none-eabi/4.8.4/armv7e-m/fpu\libgcc.a(_aeabi_uldivmod.o)
                0x0800dc0c                __aeabi_uldivmod
 .text          0x0800dc38       0x60 c:/program files (x86)/gnu tools arm embedded/4.8 2014q2/bin/../lib/gcc/arm-none-eabi/4.8.4/armv7e-m/fpu\libgcc.a(bpabi.o)
                0x0800dc38                __gnu_ldivmod_helper
                0x0800dc68                __gnu_uldivmod_helper
 .text          0x0800dc98        0x4 c:/program files (x86)/gnu tools arm embedded/4.8 2014q2/bin/../lib/gcc/arm-none-eabi/4.8.4/armv7e-m/fpu\libgcc.a(_dvmd_tls.o)
                0x0800dc98                __aeabi_idiv0
                0x0800dc98                __aeabi_ldiv0
 .text          0x0800dc9c      0x298 c:/program files (x86)/gnu tools arm embedded/4.8 2014q2/bin/../lib/gcc/arm-none-eabi/4.8.4/armv7e-m/fpu\libgcc.a(_divdi3.o)
                0x0800dc9c                __divdi3
 .text          0x0800df34      0x284 c:/program files (x86)/gnu tools arm embedded/4.8 2014q2/bin/../lib/gcc/arm-none-eabi/4.8.4/armv7e-m/fpu\libgcc.a(_udivdi3.o)
                0x0800df34                __udivdi3
 *(.init)
 *(.fini)
 *crtbegin.o(.ctors)
 *crtbegin?.o(.ctors)
 *(EXCLUDE_FILE(*crtend.o *crtend?.o) .ctors)
 *(SORT(.ctors.*))
 *(.ctors)
 *crtbegin.o(.dtors)
 *crtbegin?.o(.dtors)
 *(EXCLUDE_FILE(*crtend.o *crtend?.o) .dtors)
 *(SORT(.dtors.*))
 *(.dtors)
 *(.rodata*)
 .rodata        0x0800e1b8       0x38 ..\obj\socket.o
                0x0800e1b8                _SlPayloadByProtocolLUT
                0x0800e1c8                _SlSockSocketCmdCtrl
                0x0800e1cc                _SlSockCloseCmdCtrl
                0x0800e1d0                _SlRecvfomCmdCtrl
                0x0800e1d4                _SlSendCmdCtrl
                0x0800e1d8                _SlListenCmdCtrl
                0x0800e1dc                _SlAcceptCmdCtrl
                0x0800e1e0                _SlRecvCmdCtrl
                0x0800e1e4                _SlSetSockOptCmdCtrl
                0x0800e1e8                _SlGetSockOptCmdCtrl
                0x0800e1ec                _SlSelectCmdCtrl
 .rodata        0x0800e1f0       0x28 ..\obj\netapp.o
                0x0800e1f0                _SlNetAppStartCtrl
                0x0800e1f4                _SlNetAppStopCtrl
                0x0800e1f8                _SlGetServiceListeCtrl
                0x0800e1fc                _SlRegisterServiceCtrl
                0x0800e200                _SlGetHostByServiceCtrl
                0x0800e204                _SlGetHostByNameCtrl
                0x0800e20c                _SlNetAppSetCmdCtrl
                0x0800e210                _SlNetAppSendTokenValueCmdCtrl
                0x0800e214                _SlNetAppGetCmdCtrl
 .rodata        0x0800e218      0x294 ..\obj\interrupts.o
 .rodata        0x0800e4ac       0xa4 ..\obj\driver.o
                0x0800e4ac                g_H2NSyncPattern
                0x0800e4b4                g_H2NCnysPattern
                0x0800e4bc                _SlActionLookupTable
                0x0800e4f4                OpcodeTranslateTable
                0x0800e530                RxMsgClassLUT
 .rodata        0x0800e550     0x2fd0 ..\obj\CC3100.o
                0x0800e550                servicepack_ucf
                0x08010cc4                servicePackImageSig
                0x08010dc4                SSID_STA_MODE
                0x08010de4                PASSWORD_STA_MODE
                0x08010e04                SSID_AP_MODE
                0x08010e24                PASSWORD_AP_MODE
 .rodata        0x08011520      0x270 ..\obj\CC3100_HttpServer.o
 .rodata        0x08011790      0x13c ..\obj\CC3100_Board.o
                0x08011790                sf_512KB_format_command
                0x080117a8                sf_1MB_format_command
                0x080117c0                sf_2MB_format_command
                0x080117d8                sf_4MB_format_command
                0x080117f0                sf_8MB_format_command
                0x08011808                sf_16MB_format_command
                0x08011820                disconnect_command
 .rodata        0x080118cc       0x1c ..\obj\device.o
                0x080118cc                StartResponseLUT
                0x080118d4                _SlStopCmdCtrl
                0x080118d8                _SlEventMaskSetCmdCtrl
                0x080118dc                _SlEventMaskGetCmdCtrl
                0x080118e0                _SlDeviceGetCmdCtrl
                0x080118e4                _SlDeviceSetCmdCtrl
 .rodata        0x080118e8      0x580 ..\obj\CC3100_EventHandler.o
 .rodata        0x08011e68       0x64 ..\obj\dw1000_ranging.o
 .rodata.str1.4
                0x08011ecc        0x6 c:/program files (x86)/gnu tools arm embedded/4.8 2014q2/bin/../lib/gcc/arm-none-eabi/4.8.4/../../../../arm-none-eabi/lib/armv7e-m/fpu\libm.a(lib_a-w_log10.o)
                                  0xc (size before relaxing)
 *fill*         0x08011ed2        0x2 
 .rodata.str1.4
                0x08011ed4        0x4 c:/program files (x86)/gnu tools arm embedded/4.8 2014q2/bin/../lib/gcc/arm-none-eabi/4.8.4/../../../../arm-none-eabi/lib/armv7e-m/fpu\libm.a(lib_a-w_pow.o)
 .rodata.dp_h   0x08011ed8       0x10 c:/program files (x86)/gnu tools arm embedded/4.8 2014q2/bin/../lib/gcc/arm-none-eabi/4.8.4/../../../../arm-none-eabi/lib/armv7e-m/fpu\libm.a(lib_a-e_pow.o)
 .rodata.dp_l   0x08011ee8       0x10 c:/program files (x86)/gnu tools arm embedded/4.8 2014q2/bin/../lib/gcc/arm-none-eabi/4.8.4/../../../../arm-none-eabi/lib/armv7e-m/fpu\libm.a(lib_a-e_pow.o)
 .rodata.bp     0x08011ef8       0x10 c:/program files (x86)/gnu tools arm embedded/4.8 2014q2/bin/../lib/gcc/arm-none-eabi/4.8.4/../../../../arm-none-eabi/lib/armv7e-m/fpu\libm.a(lib_a-e_pow.o)
 .rodata.str1.4
                0x00000000        0x4 c:/program files (x86)/gnu tools arm embedded/4.8 2014q2/bin/../lib/gcc/arm-none-eabi/4.8.4/../../../../arm-none-eabi/lib/armv7e-m/fpu\libm.a(lib_a-e_pow.o)
 .rodata.TWO52  0x08011f08       0x10 c:/program files (x86)/gnu tools arm embedded/4.8 2014q2/bin/../lib/gcc/arm-none-eabi/4.8.4/../../../../arm-none-eabi/lib/armv7e-m/fpu\libm.a(lib_a-s_rint.o)
 .rodata.str1.4
                0x08011f18        0x2 c:/program files (x86)/gnu tools arm embedded/4.8 2014q2/bin/../lib/gcc/arm-none-eabi/4.8.4/../../../../arm-none-eabi/lib/armv7e-m/fpu\libg.a(lib_a-impure.o)
                                  0x4 (size before relaxing)
 *fill*         0x08011f1a        0x2 
 .rodata.zeroes.6763
                0x08011f1c       0x10 c:/program files (x86)/gnu tools arm embedded/4.8 2014q2/bin/../lib/gcc/arm-none-eabi/4.8.4/../../../../arm-none-eabi/lib/armv7e-m/fpu\libg.a(lib_a-svfprintf.o)
 .rodata.str1.4
                0x08011f2c       0x3f c:/program files (x86)/gnu tools arm embedded/4.8 2014q2/bin/../lib/gcc/arm-none-eabi/4.8.4/../../../../arm-none-eabi/lib/armv7e-m/fpu\libg.a(lib_a-svfprintf.o)
                                 0x44 (size before relaxing)
 *fill*         0x08011f6b        0x1 
 .rodata.blanks.6762
                0x08011f6c       0x10 c:/program files (x86)/gnu tools arm embedded/4.8 2014q2/bin/../lib/gcc/arm-none-eabi/4.8.4/../../../../arm-none-eabi/lib/armv7e-m/fpu\libg.a(lib_a-svfprintf.o)
 .rodata.str1.4
                0x08011f7c       0x10 c:/program files (x86)/gnu tools arm embedded/4.8 2014q2/bin/../lib/gcc/arm-none-eabi/4.8.4/../../../../arm-none-eabi/lib/armv7e-m/fpu\libg.a(lib_a-dtoa.o)
                                 0x14 (size before relaxing)
 .rodata.str1.4
                0x08011f8c        0xc c:/program files (x86)/gnu tools arm embedded/4.8 2014q2/bin/../lib/gcc/arm-none-eabi/4.8.4/../../../../arm-none-eabi/lib/armv7e-m/fpu\libg.a(lib_a-locale.o)
                                 0x14 (size before relaxing)
 .rodata.__mprec_tens
                0x08011f98       0xc8 c:/program files (x86)/gnu tools arm embedded/4.8 2014q2/bin/../lib/gcc/arm-none-eabi/4.8.4/../../../../arm-none-eabi/lib/armv7e-m/fpu\libg.a(lib_a-mprec.o)
                0x08011f98                __mprec_tens
 .rodata.__mprec_bigtens
                0x08012060       0x28 c:/program files (x86)/gnu tools arm embedded/4.8 2014q2/bin/../lib/gcc/arm-none-eabi/4.8.4/../../../../arm-none-eabi/lib/armv7e-m/fpu\libg.a(lib_a-mprec.o)
                0x08012060                __mprec_bigtens
 .rodata.p05.5269
                0x08012088        0xc c:/program files (x86)/gnu tools arm embedded/4.8 2014q2/bin/../lib/gcc/arm-none-eabi/4.8.4/../../../../arm-none-eabi/lib/armv7e-m/fpu\libg.a(lib_a-mprec.o)
 *(.eh_fram e*)

.glue_7         0x08012094        0x0
 .glue_7        0x00000000        0x0 linker stubs

.glue_7t        0x08012094        0x0
 .glue_7t       0x00000000        0x0 linker stubs

.vfp11_veneer   0x08012094        0x0
 .vfp11_veneer  0x00000000        0x0 linker stubs

.v4_bx          0x08012094        0x0
 .v4_bx         0x00000000        0x0 linker stubs

.iplt           0x08012094        0x0
 .iplt          0x00000000        0x0 ..\obj\socket.o

.ARM.extab
 *(.ARM.extab* .gnu.linkonce.armextab.*)
                0x08012094                __exidx_start = .

.ARM.exidx      0x08012094        0x8
 *(.ARM.exidx* .gnu.linkonce.armexidx.*)
 .ARM.exidx     0x08012094        0x8 c:/program files (x86)/gnu tools arm embedded/4.8 2014q2/bin/../lib/gcc/arm-none-eabi/4.8.4/armv7e-m/fpu\libgcc.a(_divdi3.o)
 .ARM.exidx     0x0801209c        0x0 c:/program files (x86)/gnu tools arm embedded/4.8 2014q2/bin/../lib/gcc/arm-none-eabi/4.8.4/armv7e-m/fpu\libgcc.a(_udivdi3.o)
                                  0x8 (size before relaxing)
                0x0801209c                __exidx_end = .
                0x0801209c                __etext = .
                0x0801209c                _sidata = __etext

.rel.dyn        0x0801209c        0x0
 .rel.iplt      0x00000000        0x0 ..\obj\socket.o

.data           0x20000000      0x8f4 load address 0x0801209c
                0x20000000                __data_start__ = .
                0x20000000                _sdata = __data_start__
 *(vtable)
 *(.data*)
 .data          0x20000000        0x4 ..\obj\interrupts.o
                0x20000000                wait_time
 .data          0x20000004       0x40 ..\obj\CC3100.o
                0x20000004                SEC_TYPE_STA_MODE
                0x20000008                socket_Handles
                0x20000030                handle_FTP_Command
                0x20000034                handle_FTP_Data
                0x20000038                handle_TCP
                0x2000003c                handle_NTP
                0x20000040                handle_MQTT
 .data          0x20000044        0x1 ..\obj\diskio.o
 *fill*         0x20000045        0x3 
 .data          0x20000048       0x10 ..\obj\stm32f4xx_rcc.o
 .data          0x20000058        0x4 ..\obj\CC3100_Board.o
 .data          0x2000005c       0x14 ..\obj\system_stm32f4xx.o
                0x2000005c                SystemCoreClock
                0x20000060                AHBPrescTable
 .data          0x20000070        0xc ..\obj\port.o
                0x20000070                NVIC_INT_CTRL
                0x20000074                NVIC_PENDSVSET
                0x20000078                INT_EXIT
 .data.__fdlib_version
                0x2000007c        0x1 c:/program files (x86)/gnu tools arm embedded/4.8 2014q2/bin/../lib/gcc/arm-none-eabi/4.8.4/../../../../arm-none-eabi/lib/armv7e-m/fpu\libm.a(lib_a-s_lib_ver.o)
                0x2000007c                __fdlib_version
 *fill*         0x2000007d        0x3 
 .data.impure_data
                0x20000080      0x428 c:/program files (x86)/gnu tools arm embedded/4.8 2014q2/bin/../lib/gcc/arm-none-eabi/4.8.4/../../../../arm-none-eabi/lib/armv7e-m/fpu\libg.a(lib_a-impure.o)
 .data._impure_ptr
                0x200004a8        0x4 c:/program files (x86)/gnu tools arm embedded/4.8 2014q2/bin/../lib/gcc/arm-none-eabi/4.8.4/../../../../arm-none-eabi/lib/armv7e-m/fpu\libg.a(lib_a-impure.o)
                0x200004a8                _impure_ptr
 .data.lconv    0x200004ac       0x38 c:/program files (x86)/gnu tools arm embedded/4.8 2014q2/bin/../lib/gcc/arm-none-eabi/4.8.4/../../../../arm-none-eabi/lib/armv7e-m/fpu\libg.a(lib_a-locale.o)
 .data.__malloc_av_
                0x200004e4      0x408 c:/program files (x86)/gnu tools arm embedded/4.8 2014q2/bin/../lib/gcc/arm-none-eabi/4.8.4/../../../../arm-none-eabi/lib/armv7e-m/fpu\libg.a(lib_a-mallocr.o)
                0x200004e4                __malloc_av_
 .data.__malloc_trim_threshold
                0x200008ec        0x4 c:/program files (x86)/gnu tools arm embedded/4.8 2014q2/bin/../lib/gcc/arm-none-eabi/4.8.4/../../../../arm-none-eabi/lib/armv7e-m/fpu\libg.a(lib_a-mallocr.o)
                0x200008ec                __malloc_trim_threshold
 .data.__malloc_sbrk_base
                0x200008f0        0x4 c:/program files (x86)/gnu tools arm embedded/4.8 2014q2/bin/../lib/gcc/arm-none-eabi/4.8.4/../../../../arm-none-eabi/lib/armv7e-m/fpu\libg.a(lib_a-mallocr.o)
                0x200008f0                __malloc_sbrk_base
                0x200008f4                . = ALIGN (0x4)
                0x200008f4                PROVIDE (__preinit_array_start, .)
 *(.preinit_array)
                0x200008f4                PROVIDE (__preinit_array_end, .)
                0x200008f4                . = ALIGN (0x4)
                0x200008f4                PROVIDE (__init_array_start, .)
 *(SORT(.init_array.*))
 *(.init_array)
                0x200008f4                PROVIDE (__init_array_end, .)
                0x200008f4                . = ALIGN (0x4)
                0x200008f4                PROVIDE (__fini_array_start, .)
 *(SORT(.fini_array.*))
 *(.fini_array)
                0x200008f4                PROVIDE (__fini_array_end, .)
 *(.jcr*)
                0x200008f4                . = ALIGN (0x4)
                0x200008f4                __data_end__ = .
                0x200008f4                _edata = __data_end__

.igot.plt       0x200008f4        0x0 load address 0x08012990
 .igot.plt      0x00000000        0x0 ..\obj\socket.o

.bss            0x200008f8     0xe05c load address 0x08012998
                0x200008f8                . = ALIGN (0x4)
                0x200008f8                __bss_start__ = .
                0x200008f8                _sbss = __bss_start__
 *(.bss*)
 .bss           0x200008f8     0x1080 ..\obj\dw1000_io.o
                0x200008f8                dw1000_tempbuffer
 .bss           0x20001978        0x3 ..\obj\core.o
                0x20001978                OSIntNesting
                0x20001979                OSSchedLock
                0x2000197a                TaskSchedReq
 *fill*         0x2000197b        0x1 
 .bss           0x2000197c       0x18 ..\obj\MQTT.o
                0x2000197c                Broker_IP
                0x20001980                mqtt_run
                0x20001981                abbruch
                0x20001984                tx_mqtt_msg
                0x20001988                tx_mqtt_bytes
                0x2000198c                rx_mqtt_msg
                0x20001990                rx_mqtt_bytes
 .bss           0x20001994       0x24 ..\obj\interrupts.o
                0x20001994                timer
                0x20001998                led_on
                0x2000199c                counter_taster2
                0x200019a0                counter_taster1
 .bss           0x200019b8       0x38 ..\obj\timer.o
                0x200019b8                TmrTbl
                0x200019e8                TmrList
                0x200019ec                TmrIDVessel
 .bss           0x200019f0        0xc ..\obj\driver.o
                0x200019f0                g_pCB
                0x200019f4                pPingCallBackFunc
                0x200019f8                gFirstCmdMode
 .bss           0x200019fc       0x10 ..\obj\dw1000_driver.o
                0x200019fc                dw1000_temperature
                0x20001a00                dw1000_lasttemperaturemeasure
                0x20001a04                dw1000_receivecounter
                0x20001a08                dw1000_reftemperature
                0x20001a09                dw1000_lasttemperature
                0x20001a0a                dw1000_refvoltage
 .bss           0x20001a0c       0x28 ..\obj\CC3100.o
                0x20001a0c                SEC_TYPE_AP_MODE
                0x20001a10                WiFi_RTC
                0x20001a14                CC3100_select_status
                0x20001a18                Stop_CC3100_select
                0x20001a1c                socket_Type
                0x20001a30                S3_WaitForAnswer
 .bss           0x20001a34       0x18 ..\obj\dw1000_config.o
                0x20001a34                dw1000_extendedFrameLength
                0x20001a35                dw1000_pacSize
                0x20001a36                dw1000_pulseFrequency
                0x20001a37                dw1000_dataRate
                0x20001a38                dw1000_preambleLength
                0x20001a39                dw1000_preambleCode
                0x20001a3a                dw1000_channel
                0x20001a3b                dw1000_frameCheck
                0x20001a3c                dw1000_smartPower
                0x20001a3d                dw1000_doublebuffered
                0x20001a3e                dw1000_framefilter
                0x20001a3f                dw1000_receiverAutoReenable
                0x20001a40                dw1000_receiveAfterTX
                0x20001a41                dw1000_devicemode
                0x20001a42                dw1000_irqactive
                0x20001a43                dw1000_isinitializeing
                0x20001a44                dw1000_clockoffset
                0x20001a46                dw1000_antennadelay_rx
                0x20001a48                dw1000_antennadelay_tx
                0x20001a4a                dw1000_sniffmodeoff
                0x20001a4b                dw1000_sniffmodeon
 *fill*         0x20001a4c        0x4 
 .bss           0x20001a50      0x188 ..\obj\task.o
                0x20001a50                TCBTbl
                0x20001b58                idle_stk
                0x20001bbc                FreeTCB
                0x20001bc0                TCBRdy
                0x20001bc4                TCBNext
                0x20001bc8                TCBRunning
                0x20001bd0                OSCheckTime
 .bss           0x20001bd8        0xc ..\obj\diskio.o
 .bss           0x20001be4       0x30 ..\obj\serviceReq.o
                0x20001be4                ServiceReq
                0x20001c10                IsrReq
                0x20001c11                TimeReq
                0x20001c12                TimerReq
 .bss           0x20001c14     0x1008 ..\obj\CC3100_Board.o
                0x20001c14                ack_cc3100_resceived
                0x20001c18                cc3100_rx_puffer
                0x20002418                cc3100_tx_puffer
                0x20002c18                pIrqEventHandler
 .bss           0x20002c1c        0x4 ..\obj\time.o
                0x20002c1c                DlyList
 .bss           0x20002c20      0x144 ..\obj\event.o
                0x20002c20                EventTbl
                0x20002d60                FreeEventList
 .bss           0x20002d64        0x4 ..\obj\CC3100_EventHandler.o
                0x20002d64                WiFi_Status
 .bss           0x20002d68        0x4 ..\obj\syscalls.o
 .bss           0x20002d6c       0x14 ..\obj\flag.o
                0x20002d6c                FlagCrl
 .bss           0x20002d80        0x8 ..\obj\arch.o
                0x20002d80                OSTickCnt
 .bss           0x20002d88        0x4 ..\obj\beeper.o
 .bss           0x20002d8c       0x14 ..\obj\dw1000_ranging.o
                0x20002d8c                dw1000_id
                0x20002d8e                ismeasuring
                0x20002d8f                uwbranging_rangingid
                0x20002d90                uwbranging_textmessagehandler
                0x20002d94                uwbranging_bytemessagehandler
                0x20002d98                uwbranging_txhandler
                0x20002d9c                uwbranging_rangehandler
 .bss           0x20002da0       0x84 ..\obj\DW1000.o
                0x20002da0                systickcounter
                0x20002da4                dw1000_timeout_ms
                0x20002da8                r1
                0x20002dac                r2
                0x20002db0                r3
                0x20002db4                r4
                0x20002db8                knoten_id
                0x20002dbc                uwb_send
                0x20002dc0                temp
 .bss           0x20002e24        0x8 ..\obj\usart.o
                0x20002e24                uart2_RX_zeichen
                0x20002e25                usart2_running
 .bss.__malloc_max_total_mem
                0x20002e2c        0x4 c:/program files (x86)/gnu tools arm embedded/4.8 2014q2/bin/../lib/gcc/arm-none-eabi/4.8.4/../../../../arm-none-eabi/lib/armv7e-m/fpu\libg.a(lib_a-mallocr.o)
                0x20002e2c                __malloc_max_total_mem
 .bss.__malloc_max_sbrked_mem
                0x20002e30        0x4 c:/program files (x86)/gnu tools arm embedded/4.8 2014q2/bin/../lib/gcc/arm-none-eabi/4.8.4/../../../../arm-none-eabi/lib/armv7e-m/fpu\libg.a(lib_a-mallocr.o)
                0x20002e30                __malloc_max_sbrked_mem
 .bss.__malloc_top_pad
                0x20002e34        0x4 c:/program files (x86)/gnu tools arm embedded/4.8 2014q2/bin/../lib/gcc/arm-none-eabi/4.8.4/../../../../arm-none-eabi/lib/armv7e-m/fpu\libg.a(lib_a-mallocr.o)
                0x20002e34                __malloc_top_pad
 .bss.__malloc_current_mallinfo
                0x20002e38       0x28 c:/program files (x86)/gnu tools arm embedded/4.8 2014q2/bin/../lib/gcc/arm-none-eabi/4.8.4/../../../../arm-none-eabi/lib/armv7e-m/fpu\libg.a(lib_a-mallocr.o)
                0x20002e38                __malloc_current_mallinfo
 *(COMMON)
 COMMON         0x20002e60      0x200 ..\obj\MQTT.o
                0x20002e60                buf_out
                0x20002f28                client
                0x20002f84                MilliTimer
                0x20002f88                network
                0x20002f98                buf_in
 COMMON         0x20003060      0x274 ..\obj\driver.o
                0x20003060                RxIrqCnt
                0x20003064                g_StatMem
 COMMON         0x200032d4     0xa9e4 ..\obj\CC3100.o
                0x200032d4                exceptsds
                0x200032d8                rx_daten
                0x20003ad8                my_IP
                0x20003ae8                from
                0x20003b88                readds
                0x20003b8c                sockets
                0x20003c2c                rx_buf
                0x20008c2c                timeout
                0x20008c34                write_cbs
                0x20008c5c                tx_buf
                0x2000dc5c                read_cbs
                0x2000dc84                except_cbs
                0x2000dcac                senderIP
                0x2000dcb4                writeds
 COMMON         0x2000dcb8        0xc ..\obj\dw1000_config.o
                0x2000dcb8                dw1000_chan_ctrl
                0x2000dcbc                dw1000_tx_fctrl
                0x2000dcc0                dw1000_sys_cfg
 COMMON         0x2000dcc4       0x20 ..\obj\dw1000_user.o
                0x2000dcc4                dw1000_exti_structure
                0x2000dccc                dw1000_spi_structure
                0x2000dce0                dw1000_nvic_structure
 COMMON         0x2000dce4      0x443 ..\obj\dw1000_ranging.o
                0x2000dce4                uwbranging_rxbuffer
                0x2000e0e4                uwbranging_config
                0x2000e0f0                uwbranging_process
 *fill*         0x2000e127        0x1 
 COMMON         0x2000e128       0x28 ..\obj\nonos.o
                0x2000e128                g__SlNonOsCB
 COMMON         0x2000e150      0x800 ..\obj\usart.o
                0x2000e150                usart2_tx_buffer
                0x2000e550                usart2_rx_buffer
 COMMON         0x2000e950        0x4 c:/program files (x86)/gnu tools arm embedded/4.8 2014q2/bin/../lib/gcc/arm-none-eabi/4.8.4/../../../../arm-none-eabi/lib/armv7e-m/fpu\libg.a(lib_a-reent.o)
                0x2000e950                errno
                0x2000e954                . = ALIGN (0x4)
                0x2000e954                __bss_end__ = .
                0x2000e954                _ebss = __bss_end__

.heap           0x2000e954        0x0
                0x2000e954                __end__ = .
                0x2000e954                _end = __end__
                0x2000e954                end = __end__
 *(.heap*)
                0x2000e954                __HeapLimit = .

.co_stack       0x2000e954     0x4004 load address 0x080209f4
                0x2000e958                . = ALIGN (0x8)
 *fill*         0x2000e954        0x4 
 *(.co_stack .co_stack.*)
 .co_stack      0x2000e958     0x4000 ..\obj\startup_stm32f4xx.o
                0x2000e958                pulStack
                0x20020000                __StackTop = (ORIGIN (ram) + 0x20000)
                0x2001bffc                __StackLimit = (__StackTop - SIZEOF (.co_stack))
                0x20020000                PROVIDE (__stack, __StackTop)
                0x00000001                ASSERT ((__StackLimit >= __HeapLimit), region ram  overflowed with stack)
LOAD ..\obj\socket.o
LOAD ..\obj\dw1000_io.o
LOAD ..\obj\stm32f4xx_syscfg.o
LOAD ..\obj\MPU9250.o
LOAD ..\obj\kernelHeap.o
LOAD ..\obj\stm32f4xx_sdio.o
LOAD ..\obj\i2c.o
LOAD ..\obj\netapp.o
LOAD ..\obj\core.o
LOAD ..\obj\stm32f4xx_cryp_aes.o
LOAD ..\obj\stm32f4xx_hash.o
LOAD ..\obj\MQTT.o
LOAD ..\obj\interrupts.o
LOAD ..\obj\stm32f4xx_hash_sha1.o
LOAD ..\obj\timer.o
LOAD ..\obj\utility.o
LOAD ..\obj\driver.o
LOAD ..\obj\stm32f4xx_usart.o
LOAD ..\obj\stm32f4xx_pwr.o
LOAD ..\obj\rtc.o
LOAD ..\obj\dw1000_driver.o
LOAD ..\obj\stm32f4xx_can.o
LOAD ..\obj\CC3100.o
LOAD ..\obj\led.o
LOAD ..\obj\stm32f4xx_wwdg.o
LOAD ..\obj\stm32f4xx_hash_md5.o
LOAD ..\obj\stm32f4xx_dac.o
LOAD ..\obj\MQTTPacket.o
LOAD ..\obj\dw1000_config.o
LOAD ..\obj\fs.o
LOAD ..\obj\task.o
LOAD ..\obj\diskio.o
LOAD ..\obj\MQTTSubscribeClient.o
LOAD ..\obj\startup_stm32f4xx.o
LOAD ..\obj\serviceReq.o
LOAD ..\obj\stm32f4xx_crc.o
LOAD ..\obj\MQTTClient.o
LOAD ..\obj\stm32f4xx_iwdg.o
LOAD ..\obj\mpu9250_math.o
LOAD ..\obj\aufgabe.o
LOAD ..\obj\main.o
LOAD ..\obj\stm32f4xx_rcc.o
LOAD ..\obj\SDCARD.o
LOAD ..\obj\mpu9250_serial.o
LOAD ..\obj\client_ntp.o
LOAD ..\obj\flowcont.o
LOAD ..\obj\init.o
LOAD ..\obj\stm32f4xx_adc.o
LOAD ..\obj\MQTTConnectClient.o
LOAD ..\obj\dw1000_user.o
LOAD ..\obj\MQTTDeserializePublish.o
LOAD ..\obj\wlan.o
LOAD ..\obj\power.o
LOAD ..\obj\stm32f4xx_dcmi.o
LOAD ..\obj\mbox.o
LOAD ..\obj\MQTTUnsubscribeClient.o
LOAD ..\obj\mm.o
LOAD ..\obj\CC3100_HttpServer.o
LOAD ..\obj\test.o
LOAD ..\obj\stm32f4xx_cryp_des.o
LOAD ..\obj\client_ftp.o
LOAD ..\obj\CC3100_Board.o
LOAD ..\obj\stm32f4xx_cryp.o
LOAD ..\obj\stm32f4xx_fsmc.o
LOAD ..\obj\netcfg.o
LOAD ..\obj\time.o
LOAD ..\obj\spawn.o
LOAD ..\obj\MQTTFormat.o
LOAD ..\obj\event.o
LOAD ..\obj\stm32f4xx_gpio.o
LOAD ..\obj\stm32f4xx_flash.o
LOAD ..\obj\device.o
LOAD ..\obj\CC3100_EventHandler.o
LOAD ..\obj\system_stm32f4xx.o
LOAD ..\obj\syscalls.o
LOAD ..\obj\MQTTSerializePublish.o
LOAD ..\obj\stm32f4xx_dma.o
LOAD ..\obj\mpu9250_driver.o
LOAD ..\obj\ccsbcs.o
LOAD ..\obj\queue.o
LOAD ..\obj\port.o
LOAD ..\obj\mutex.o
LOAD ..\obj\flag.o
LOAD ..\obj\BME280.o
LOAD ..\obj\ff.o
LOAD ..\obj\taster.o
LOAD ..\obj\MQTTConnectServer.o
LOAD ..\obj\stm32f4xx_spi.o
LOAD ..\obj\stm32f4xx_i2c.o
LOAD ..\obj\arch.o
LOAD ..\obj\stm32f4xx_rng.o
LOAD ..\obj\stm32f4xx_exti.o
LOAD ..\obj\MQTTUnsubscribeServer.o
LOAD ..\obj\misc.o
LOAD ..\obj\beeper.o
LOAD ..\obj\dw1000_ranging.o
LOAD ..\obj\DW1000.o
LOAD ..\obj\sem.o
LOAD ..\obj\stm32f4xx_rtc.o
LOAD ..\obj\bme280_driver.o
LOAD ..\obj\dw1000_def.o
LOAD ..\obj\hook.o
LOAD ..\obj\stm32f4xx_cryp_tdes.o
LOAD ..\obj\stm32f4xx_tim.o
LOAD ..\obj\nonos.o
LOAD ..\obj\stm32f4xx_dbgmcu.o
LOAD ..\obj\usart.o
LOAD ..\obj\MQTTSubscribeServer.o
LOAD c:/program files (x86)/gnu tools arm embedded/4.8 2014q2/bin/../lib/gcc/arm-none-eabi/4.8.4/../../../../arm-none-eabi/lib/armv7e-m/fpu\libm.a
START GROUP
LOAD c:/program files (x86)/gnu tools arm embedded/4.8 2014q2/bin/../lib/gcc/arm-none-eabi/4.8.4/armv7e-m/fpu\libgcc.a
LOAD c:/program files (x86)/gnu tools arm embedded/4.8 2014q2/bin/../lib/gcc/arm-none-eabi/4.8.4/../../../../arm-none-eabi/lib/armv7e-m/fpu\libg.a
LOAD c:/program files (x86)/gnu tools arm embedded/4.8 2014q2/bin/../lib/gcc/arm-none-eabi/4.8.4/../../../../arm-none-eabi/lib/armv7e-m/fpu\libc.a
END GROUP
OUTPUT(STM32F415RG.elf elf32-littlearm)

.debug_info     0x00000000    0x1c8cd
 .debug_info    0x00000000     0x19e0 ..\obj\socket.o
 .debug_info    0x000019e0      0x663 ..\obj\dw1000_io.o
 .debug_info    0x00002043     0x187b ..\obj\netapp.o
 .debug_info    0x000038be      0x2c8 ..\obj\core.o
 .debug_info    0x00003b86     0x1122 ..\obj\MQTT.o
 .debug_info    0x00004ca8      0xbe9 ..\obj\interrupts.o
 .debug_info    0x00005891      0x3bd ..\obj\timer.o
 .debug_info    0x00005c4e     0x17c7 ..\obj\driver.o
 .debug_info    0x00007415      0x9c2 ..\obj\stm32f4xx_usart.o
 .debug_info    0x00007dd7      0x88c ..\obj\dw1000_driver.o
 .debug_info    0x00008663     0x1010 ..\obj\CC3100.o
 .debug_info    0x00009673      0x244 ..\obj\stm32f4xx_wwdg.o
 .debug_info    0x000098b7      0x70d ..\obj\dw1000_config.o
 .debug_info    0x00009fc4      0x6d7 ..\obj\task.o
 .debug_info    0x0000a69b      0xa27 ..\obj\diskio.o
 .debug_info    0x0000b0c2       0xed ..\obj\startup_stm32f4xx.o
 .debug_info    0x0000b1af      0x1e5 ..\obj\serviceReq.o
 .debug_info    0x0000b394      0x71b ..\obj\aufgabe.o
 .debug_info    0x0000baaf       0xcb ..\obj\main.o
 .debug_info    0x0000bb7a      0xc4d ..\obj\stm32f4xx_rcc.o
 .debug_info    0x0000c7c7      0x742 ..\obj\SDCARD.o
 .debug_info    0x0000cf09      0x6ed ..\obj\init.o
 .debug_info    0x0000d5f6      0xc38 ..\obj\stm32f4xx_adc.o
 .debug_info    0x0000e22e      0xb8b ..\obj\dw1000_user.o
 .debug_info    0x0000edb9      0x40e ..\obj\mbox.o
 .debug_info    0x0000f1c7      0x877 ..\obj\CC3100_HttpServer.o
 .debug_info    0x0000fa3e     0x10de ..\obj\CC3100_Board.o
 .debug_info    0x00010b1c      0x3d2 ..\obj\time.o
 .debug_info    0x00010eee      0x4a6 ..\obj\event.o
 .debug_info    0x00011394      0x602 ..\obj\stm32f4xx_gpio.o
 .debug_info    0x00011996      0xd5a ..\obj\device.o
 .debug_info    0x000126f0      0x996 ..\obj\CC3100_EventHandler.o
 .debug_info    0x00013086      0x592 ..\obj\system_stm32f4xx.o
 .debug_info    0x00013618      0x3ee ..\obj\syscalls.o
 .debug_info    0x00013a06      0x739 ..\obj\stm32f4xx_dma.o
 .debug_info    0x0001413f      0x528 ..\obj\queue.o
 .debug_info    0x00014667      0x197 ..\obj\port.o
 .debug_info    0x000147fe      0x639 ..\obj\flag.o
 .debug_info    0x00014e37      0x696 ..\obj\taster.o
 .debug_info    0x000154cd      0xb07 ..\obj\stm32f4xx_spi.o
 .debug_info    0x00015fd4      0x2fe ..\obj\arch.o
 .debug_info    0x000162d2      0x347 ..\obj\stm32f4xx_exti.o
 .debug_info    0x00016619      0x53d ..\obj\misc.o
 .debug_info    0x00016b56      0x9bc ..\obj\beeper.o
 .debug_info    0x00017512      0xc0e ..\obj\dw1000_ranging.o
 .debug_info    0x00018120      0x4e6 ..\obj\DW1000.o
 .debug_info    0x00018606      0x3ce ..\obj\sem.o
 .debug_info    0x000189d4     0x10df ..\obj\stm32f4xx_rtc.o
 .debug_info    0x00019ab3       0xbc ..\obj\hook.o
 .debug_info    0x00019b6f     0x1c61 ..\obj\stm32f4xx_tim.o
 .debug_info    0x0001b7d0      0x63e ..\obj\nonos.o
 .debug_info    0x0001be0e      0xabf ..\obj\usart.o

.debug_abbrev   0x00000000     0x55ce
 .debug_abbrev  0x00000000      0x30d ..\obj\socket.o
 .debug_abbrev  0x0000030d      0x16b ..\obj\dw1000_io.o
 .debug_abbrev  0x00000478      0x2bf ..\obj\netapp.o
 .debug_abbrev  0x00000737       0xf5 ..\obj\core.o
 .debug_abbrev  0x0000082c      0x2a2 ..\obj\MQTT.o
 .debug_abbrev  0x00000ace      0x1dd ..\obj\interrupts.o
 .debug_abbrev  0x00000cab      0x194 ..\obj\timer.o
 .debug_abbrev  0x00000e3f      0x261 ..\obj\driver.o
 .debug_abbrev  0x000010a0      0x155 ..\obj\stm32f4xx_usart.o
 .debug_abbrev  0x000011f5      0x204 ..\obj\dw1000_driver.o
 .debug_abbrev  0x000013f9      0x23f ..\obj\CC3100.o
 .debug_abbrev  0x00001638      0x140 ..\obj\stm32f4xx_wwdg.o
 .debug_abbrev  0x00001778      0x1ff ..\obj\dw1000_config.o
 .debug_abbrev  0x00001977      0x1ef ..\obj\task.o
 .debug_abbrev  0x00001b66      0x23c ..\obj\diskio.o
 .debug_abbrev  0x00001da2       0xb0 ..\obj\startup_stm32f4xx.o
 .debug_abbrev  0x00001e52      0x114 ..\obj\serviceReq.o
 .debug_abbrev  0x00001f66      0x169 ..\obj\aufgabe.o
 .debug_abbrev  0x000020cf       0x69 ..\obj\main.o
 .debug_abbrev  0x00002138      0x1e3 ..\obj\stm32f4xx_rcc.o
 .debug_abbrev  0x0000231b      0x151 ..\obj\SDCARD.o
 .debug_abbrev  0x0000246c      0x17f ..\obj\init.o
 .debug_abbrev  0x000025eb      0x196 ..\obj\stm32f4xx_adc.o
 .debug_abbrev  0x00002781      0x2d5 ..\obj\dw1000_user.o
 .debug_abbrev  0x00002a56      0x15f ..\obj\mbox.o
 .debug_abbrev  0x00002bb5      0x23f ..\obj\CC3100_HttpServer.o
 .debug_abbrev  0x00002df4      0x32d ..\obj\CC3100_Board.o
 .debug_abbrev  0x00003121      0x194 ..\obj\time.o
 .debug_abbrev  0x000032b5      0x1d4 ..\obj\event.o
 .debug_abbrev  0x00003489      0x1a3 ..\obj\stm32f4xx_gpio.o
 .debug_abbrev  0x0000362c      0x2be ..\obj\device.o
 .debug_abbrev  0x000038ea      0x1bb ..\obj\CC3100_EventHandler.o
 .debug_abbrev  0x00003aa5      0x136 ..\obj\system_stm32f4xx.o
 .debug_abbrev  0x00003bdb       0xe2 ..\obj\syscalls.o
 .debug_abbrev  0x00003cbd      0x155 ..\obj\stm32f4xx_dma.o
 .debug_abbrev  0x00003e12      0x17f ..\obj\queue.o
 .debug_abbrev  0x00003f91       0xe7 ..\obj\port.o
 .debug_abbrev  0x00004078      0x1b1 ..\obj\flag.o
 .debug_abbrev  0x00004229      0x128 ..\obj\taster.o
 .debug_abbrev  0x00004351      0x167 ..\obj\stm32f4xx_spi.o
 .debug_abbrev  0x000044b8      0x111 ..\obj\arch.o
 .debug_abbrev  0x000045c9      0x1a5 ..\obj\stm32f4xx_exti.o
 .debug_abbrev  0x0000476e      0x145 ..\obj\misc.o
 .debug_abbrev  0x000048b3      0x14d ..\obj\beeper.o
 .debug_abbrev  0x00004a00      0x20b ..\obj\dw1000_ranging.o
 .debug_abbrev  0x00004c0b      0x157 ..\obj\DW1000.o
 .debug_abbrev  0x00004d62      0x141 ..\obj\sem.o
 .debug_abbrev  0x00004ea3      0x1ae ..\obj\stm32f4xx_rtc.o
 .debug_abbrev  0x00005051       0x8a ..\obj\hook.o
 .debug_abbrev  0x000050db      0x187 ..\obj\stm32f4xx_tim.o
 .debug_abbrev  0x00005262      0x188 ..\obj\nonos.o
 .debug_abbrev  0x000053ea      0x1e4 ..\obj\usart.o

.debug_aranges  0x00000000     0x1eb0
 .debug_aranges
                0x00000000       0xe0 ..\obj\socket.o
 .debug_aranges
                0x000000e0       0xb0 ..\obj\dw1000_io.o
 .debug_aranges
                0x00000190       0xa8 ..\obj\netapp.o
 .debug_aranges
                0x00000238       0x58 ..\obj\core.o
 .debug_aranges
                0x00000290      0x100 ..\obj\MQTT.o
 .debug_aranges
                0x00000390      0x100 ..\obj\interrupts.o
 .debug_aranges
                0x00000490       0x68 ..\obj\timer.o
 .debug_aranges
                0x000004f8       0xf8 ..\obj\driver.o
 .debug_aranges
                0x000005f0      0x100 ..\obj\stm32f4xx_usart.o
 .debug_aranges
                0x000006f0      0x128 ..\obj\dw1000_driver.o
 .debug_aranges
                0x00000818       0x90 ..\obj\CC3100.o
 .debug_aranges
                0x000008a8       0x58 ..\obj\stm32f4xx_wwdg.o
 .debug_aranges
                0x00000900      0x130 ..\obj\dw1000_config.o
 .debug_aranges
                0x00000a30       0x78 ..\obj\task.o
 .debug_aranges
                0x00000aa8       0xa8 ..\obj\diskio.o
 .debug_aranges
                0x00000b50       0x28 ..\obj\startup_stm32f4xx.o
 .debug_aranges
                0x00000b78       0x28 ..\obj\serviceReq.o
 .debug_aranges
                0x00000ba0       0x30 ..\obj\aufgabe.o
 .debug_aranges
                0x00000bd0       0x20 ..\obj\main.o
 .debug_aranges
                0x00000bf0      0x178 ..\obj\stm32f4xx_rcc.o
 .debug_aranges
                0x00000d68       0x50 ..\obj\SDCARD.o
 .debug_aranges
                0x00000db8       0x40 ..\obj\init.o
 .debug_aranges
                0x00000df8      0x148 ..\obj\stm32f4xx_adc.o
 .debug_aranges
                0x00000f40       0xa8 ..\obj\dw1000_user.o
 .debug_aranges
                0x00000fe8       0x48 ..\obj\mbox.o
 .debug_aranges
                0x00001030       0x88 ..\obj\CC3100_HttpServer.o
 .debug_aranges
                0x000010b8       0xf0 ..\obj\CC3100_Board.o
 .debug_aranges
                0x000011a8       0x58 ..\obj\time.o
 .debug_aranges
                0x00001200       0x50 ..\obj\event.o
 .debug_aranges
                0x00001250       0x88 ..\obj\stm32f4xx_gpio.o
 .debug_aranges
                0x000012d8       0x70 ..\obj\device.o
 .debug_aranges
                0x00001348       0x40 ..\obj\CC3100_EventHandler.o
 .debug_aranges
                0x00001388       0x30 ..\obj\system_stm32f4xx.o
 .debug_aranges
                0x000013b8       0x60 ..\obj\syscalls.o
 .debug_aranges
                0x00001418       0xb0 ..\obj\stm32f4xx_dma.o
 .debug_aranges
                0x000014c8       0x48 ..\obj\queue.o
 .debug_aranges
                0x00001510       0x50 ..\obj\port.o
 .debug_aranges
                0x00001560       0x78 ..\obj\flag.o
 .debug_aranges
                0x000015d8       0x48 ..\obj\taster.o
 .debug_aranges
                0x00001620       0xe0 ..\obj\stm32f4xx_spi.o
 .debug_aranges
                0x00001700       0x28 ..\obj\arch.o
 .debug_aranges
                0x00001728       0x58 ..\obj\stm32f4xx_exti.o
 .debug_aranges
                0x00001780       0x40 ..\obj\misc.o
 .debug_aranges
                0x000017c0       0x48 ..\obj\beeper.o
 .debug_aranges
                0x00001808       0x80 ..\obj\dw1000_ranging.o
 .debug_aranges
                0x00001888       0x58 ..\obj\DW1000.o
 .debug_aranges
                0x000018e0       0x48 ..\obj\sem.o
 .debug_aranges
                0x00001928      0x1e0 ..\obj\stm32f4xx_rtc.o
 .debug_aranges
                0x00001b08       0x28 ..\obj\hook.o
 .debug_aranges
                0x00001b30      0x2f8 ..\obj\stm32f4xx_tim.o
 .debug_aranges
                0x00001e28       0x38 ..\obj\nonos.o
 .debug_aranges
                0x00001e60       0x50 ..\obj\usart.o

.debug_ranges   0x00000000     0x1ba0
 .debug_ranges  0x00000000       0xd0 ..\obj\socket.o
 .debug_ranges  0x000000d0       0xa0 ..\obj\dw1000_io.o
 .debug_ranges  0x00000170       0x98 ..\obj\netapp.o
 .debug_ranges  0x00000208       0x48 ..\obj\core.o
 .debug_ranges  0x00000250       0xf0 ..\obj\MQTT.o
 .debug_ranges  0x00000340       0xf0 ..\obj\interrupts.o
 .debug_ranges  0x00000430       0x58 ..\obj\timer.o
 .debug_ranges  0x00000488       0xe8 ..\obj\driver.o
 .debug_ranges  0x00000570       0xf0 ..\obj\stm32f4xx_usart.o
 .debug_ranges  0x00000660      0x130 ..\obj\dw1000_driver.o
 .debug_ranges  0x00000790       0x80 ..\obj\CC3100.o
 .debug_ranges  0x00000810       0x48 ..\obj\stm32f4xx_wwdg.o
 .debug_ranges  0x00000858      0x120 ..\obj\dw1000_config.o
 .debug_ranges  0x00000978       0x68 ..\obj\task.o
 .debug_ranges  0x000009e0       0x98 ..\obj\diskio.o
 .debug_ranges  0x00000a78       0x18 ..\obj\startup_stm32f4xx.o
 .debug_ranges  0x00000a90       0x18 ..\obj\serviceReq.o
 .debug_ranges  0x00000aa8       0x20 ..\obj\aufgabe.o
 .debug_ranges  0x00000ac8       0x10 ..\obj\main.o
 .debug_ranges  0x00000ad8      0x168 ..\obj\stm32f4xx_rcc.o
 .debug_ranges  0x00000c40       0x40 ..\obj\SDCARD.o
 .debug_ranges  0x00000c80       0x30 ..\obj\init.o
 .debug_ranges  0x00000cb0      0x138 ..\obj\stm32f4xx_adc.o
 .debug_ranges  0x00000de8       0x98 ..\obj\dw1000_user.o
 .debug_ranges  0x00000e80       0x38 ..\obj\mbox.o
 .debug_ranges  0x00000eb8       0x78 ..\obj\CC3100_HttpServer.o
 .debug_ranges  0x00000f30       0xe0 ..\obj\CC3100_Board.o
 .debug_ranges  0x00001010       0x48 ..\obj\time.o
 .debug_ranges  0x00001058       0x40 ..\obj\event.o
 .debug_ranges  0x00001098       0x78 ..\obj\stm32f4xx_gpio.o
 .debug_ranges  0x00001110       0x60 ..\obj\device.o
 .debug_ranges  0x00001170       0x48 ..\obj\CC3100_EventHandler.o
 .debug_ranges  0x000011b8       0x20 ..\obj\system_stm32f4xx.o
 .debug_ranges  0x000011d8       0x50 ..\obj\syscalls.o
 .debug_ranges  0x00001228       0xa0 ..\obj\stm32f4xx_dma.o
 .debug_ranges  0x000012c8       0x38 ..\obj\queue.o
 .debug_ranges  0x00001300       0x40 ..\obj\port.o
 .debug_ranges  0x00001340       0x68 ..\obj\flag.o
 .debug_ranges  0x000013a8       0x38 ..\obj\taster.o
 .debug_ranges  0x000013e0       0xd0 ..\obj\stm32f4xx_spi.o
 .debug_ranges  0x000014b0       0x18 ..\obj\arch.o
 .debug_ranges  0x000014c8       0x48 ..\obj\stm32f4xx_exti.o
 .debug_ranges  0x00001510       0x30 ..\obj\misc.o
 .debug_ranges  0x00001540       0x38 ..\obj\beeper.o
 .debug_ranges  0x00001578       0x70 ..\obj\dw1000_ranging.o
 .debug_ranges  0x000015e8       0x48 ..\obj\DW1000.o
 .debug_ranges  0x00001630       0x38 ..\obj\sem.o
 .debug_ranges  0x00001668      0x1d0 ..\obj\stm32f4xx_rtc.o
 .debug_ranges  0x00001838       0x18 ..\obj\hook.o
 .debug_ranges  0x00001850      0x2e8 ..\obj\stm32f4xx_tim.o
 .debug_ranges  0x00001b38       0x28 ..\obj\nonos.o
 .debug_ranges  0x00001b60       0x40 ..\obj\usart.o

.debug_line     0x00000000     0xc317
 .debug_line    0x00000000      0x5ac ..\obj\socket.o
 .debug_line    0x000005ac      0x2fe ..\obj\dw1000_io.o
 .debug_line    0x000008aa      0x4de ..\obj\netapp.o
 .debug_line    0x00000d88      0x133 ..\obj\core.o
 .debug_line    0x00000ebb      0x7cf ..\obj\MQTT.o
 .debug_line    0x0000168a      0x5eb ..\obj\interrupts.o
 .debug_line    0x00001c75      0x202 ..\obj\timer.o
 .debug_line    0x00001e77      0x8a1 ..\obj\driver.o